The deck was successfully created with 4 cards.
The deck was successfully created with 8 cards.
The deck was successfully created with 5 cards.
Deck 0:
	1 CLUB
	9 DIAMOND
	7 DIAMOND
	10 DIAMOND
Deck 1:
	4 CLUB
	4 SPADE
	5 SPADE
	3 SPADE
	6 SPADE
	8 SPADE
	14 SPADE
	7 DIAMOND
Deck 2:
	5 CLUB
	12 CLUB
	1 HEART
	8 SPADE
	4 CLUB
The cards were successfully added to deck 1.
The deck 2 and the deck 0 were successfully merged.
The deck was successfully created with 7 cards.
Deck 0:
	4 CLUB
	4 SPADE
	5 SPADE
	3 SPADE
	6 SPADE
	8 SPADE
	14 SPADE
	7 DIAMOND
	10 CLUB
Deck 1:
	5 CLUB
	1 CLUB
	12 CLUB
	9 DIAMOND
	1 HEART
	7 DIAMOND
	8 SPADE
	10 DIAMOND
	4 CLUB
Deck 2:
	1 HEART
	3 DIAMOND
	10 HEART
	1 CLUB
	12 DIAMOND
	10 HEART
	11 SPADE
The cards were successfully added to deck 1.
The length of deck 1 is 11.
The deck 2 and the deck 1 were successfully merged.
The deck was successfully created with 5 cards.
The deck 1 and the deck 2 were successfully merged.
The deck was successfully created with 7 cards.
The deck 1 and the deck 0 were successfully merged.
The deck was successfully created with 7 cards.
The card was successfully deleted from deck 1.
The cards were successfully added to deck 1.
The deck was successfully created with 4 cards.
The deck was successfully created with 7 cards.
The deck 3 was successfully deleted.
Deck 0:
	11 CLUB
	5 CLUB
	14 CLUB
	11 CLUB
	9 CLUB
	14 CLUB
	3 CLUB
Deck 1:
	1 HEART
	4 CLUB
	8 SPADE
	4 SPADE
	5 CLUB
	5 SPADE
	2 HEART
	3 SPADE
	3 DIAMOND
	6 SPADE
	7 DIAMOND
	8 SPADE
	14 SPADE
	10 SPADE
	7 DIAMOND
	10 HEART
	10 CLUB
	8 CLUB
	12 CLUB
	1 CLUB
	9 DIAMOND
	12 DIAMOND
	1 HEART
	10 HEART
	7 DIAMOND
	11 SPADE
	8 SPADE
	10 DIAMOND
	4 CLUB
	5 HEART
	7 HEART
	14 SPADE
Deck 2:
	5 HEART
	5 CLUB
	3 HEART
	1 CLUB
	5 HEART
	4 DIAMOND
	11 HEART
Deck 3:
	11 CLUB
	11 SPADE
	1 HEART
	8 CLUB
	7 SPADE
	4 DIAMOND
	1 HEART
The number of decks is 4.
The length of deck 3 is 7.
The cards were successfully added to deck 2.
Deck 0:
	11 CLUB
	5 CLUB
	14 CLUB
	11 CLUB
	9 CLUB
	14 CLUB
	3 CLUB
Deck 1:
	1 HEART
	4 CLUB
	8 SPADE
	4 SPADE
	5 CLUB
	5 SPADE
	2 HEART
	3 SPADE
	3 DIAMOND
	6 SPADE
	7 DIAMOND
	8 SPADE
	14 SPADE
	10 SPADE
	7 DIAMOND
	10 HEART
	10 CLUB
	8 CLUB
	12 CLUB
	1 CLUB
	9 DIAMOND
	12 DIAMOND
	1 HEART
	10 HEART
	7 DIAMOND
	11 SPADE
	8 SPADE
	10 DIAMOND
	4 CLUB
	5 HEART
	7 HEART
	14 SPADE
Deck 2:
	5 HEART
	5 CLUB
	3 HEART
	1 CLUB
	5 HEART
	4 DIAMOND
	11 HEART
	1 DIAMOND
	5 HEART
Deck 3:
	11 CLUB
	11 SPADE
	1 HEART
	8 CLUB
	7 SPADE
	4 DIAMOND
	1 HEART
The length of deck 0 is 7.
Deck 2:
	5 HEART
	5 CLUB
	3 HEART
	1 CLUB
	5 HEART
	4 DIAMOND
	11 HEART
	1 DIAMOND
	5 HEART
The card was successfully deleted from deck 3.
The cards were successfully added to deck 2.
The length of deck 0 is 7.
The card was successfully deleted from deck 3.
Deck 0:
	11 CLUB
	5 CLUB
	14 CLUB
	11 CLUB
	9 CLUB
	14 CLUB
	3 CLUB
Deck 1:
	1 HEART
	4 CLUB
	8 SPADE
	4 SPADE
	5 CLUB
	5 SPADE
	2 HEART
	3 SPADE
	3 DIAMOND
	6 SPADE
	7 DIAMOND
	8 SPADE
	14 SPADE
	10 SPADE
	7 DIAMOND
	10 HEART
	10 CLUB
	8 CLUB
	12 CLUB
	1 CLUB
	9 DIAMOND
	12 DIAMOND
	1 HEART
	10 HEART
	7 DIAMOND
	11 SPADE
	8 SPADE
	10 DIAMOND
	4 CLUB
	5 HEART
	7 HEART
	14 SPADE
Deck 2:
	5 HEART
	5 CLUB
	3 HEART
	1 CLUB
	5 HEART
	4 DIAMOND
	11 HEART
	1 DIAMOND
	5 HEART
	10 DIAMOND
	8 DIAMOND
Deck 3:
	11 CLUB
	1 HEART
	8 CLUB
	7 SPADE
	1 HEART
The deck 2 was successfully deleted.
The deck 1 and the deck 2 were successfully merged.
The deck was successfully created with 8 cards.
The length of deck 0 is 7.
The deck 0 and the deck 2 were successfully merged.
The deck was successfully created with 8 cards.
The deck 0 and the deck 2 were successfully merged.
The deck was successfully created with 5 cards.
Deck 0:
	11 CLUB
	14 DIAMOND
	5 CLUB
	7 HEART
	14 CLUB
	6 HEART
	11 CLUB
	6 HEART
	9 CLUB
	6 CLUB
	14 CLUB
	14 DIAMOND
	3 CLUB
	1 DIAMOND
	12 HEART
Deck 1:
	1 HEART
	8 HEART
	11 CLUB
	3 DIAMOND
	4 CLUB
	3 DIAMOND
	1 HEART
	12 DIAMOND
	8 SPADE
	14 DIAMOND
	8 CLUB
	10 SPADE
	4 SPADE
	9 HEART
	7 SPADE
	11 HEART
	5 CLUB
	1 HEART
	5 SPADE
	2 HEART
	3 SPADE
	3 DIAMOND
	6 SPADE
	7 DIAMOND
	8 SPADE
	14 SPADE
	10 SPADE
	7 DIAMOND
	10 HEART
	10 CLUB
	8 CLUB
	12 CLUB
	1 CLUB
	9 DIAMOND
	12 DIAMOND
	1 HEART
	10 HEART
	7 DIAMOND
	11 SPADE
	8 SPADE
	10 DIAMOND
	4 CLUB
	5 HEART
	7 HEART
	14 SPADE
Deck 2:
	12 DIAMOND
	8 DIAMOND
	2 CLUB
	3 CLUB
	11 SPADE
The number of decks is 3.
Deck 0:
	11 CLUB
	14 DIAMOND
	5 CLUB
	7 HEART
	14 CLUB
	6 HEART
	11 CLUB
	6 HEART
	9 CLUB
	6 CLUB
	14 CLUB
	14 DIAMOND
	3 CLUB
	1 DIAMOND
	12 HEART
Deck 1:
	1 HEART
	8 HEART
	11 CLUB
	3 DIAMOND
	4 CLUB
	3 DIAMOND
	1 HEART
	12 DIAMOND
	8 SPADE
	14 DIAMOND
	8 CLUB
	10 SPADE
	4 SPADE
	9 HEART
	7 SPADE
	11 HEART
	5 CLUB
	1 HEART
	5 SPADE
	2 HEART
	3 SPADE
	3 DIAMOND
	6 SPADE
	7 DIAMOND
	8 SPADE
	14 SPADE
	10 SPADE
	7 DIAMOND
	10 HEART
	10 CLUB
	8 CLUB
	12 CLUB
	1 CLUB
	9 DIAMOND
	12 DIAMOND
	1 HEART
	10 HEART
	7 DIAMOND
	11 SPADE
	8 SPADE
	10 DIAMOND
	4 CLUB
	5 HEART
	7 HEART
	14 SPADE
Deck 2:
	12 DIAMOND
	8 DIAMOND
	2 CLUB
	3 CLUB
	11 SPADE
The length of deck 2 is 5.
The cards were successfully added to deck 1.
The card was successfully deleted from deck 0.
Deck 0:
	11 CLUB
	14 DIAMOND
	5 CLUB
	7 HEART
	14 CLUB
	6 HEART
	11 CLUB
	6 HEART
	9 CLUB
	6 CLUB
	14 CLUB
	14 DIAMOND
	3 CLUB
	1 DIAMOND
Deck 1:
	1 HEART
	8 HEART
	11 CLUB
	3 DIAMOND
	4 CLUB
	3 DIAMOND
	1 HEART
	12 DIAMOND
	8 SPADE
	14 DIAMOND
	8 CLUB
	10 SPADE
	4 SPADE
	9 HEART
	7 SPADE
	11 HEART
	5 CLUB
	1 HEART
	5 SPADE
	2 HEART
	3 SPADE
	3 DIAMOND
	6 SPADE
	7 DIAMOND
	8 SPADE
	14 SPADE
	10 SPADE
	7 DIAMOND
	10 HEART
	10 CLUB
	8 CLUB
	12 CLUB
	1 CLUB
	9 DIAMOND
	12 DIAMOND
	1 HEART
	10 HEART
	7 DIAMOND
	11 SPADE
	8 SPADE
	10 DIAMOND
	4 CLUB
	5 HEART
	7 HEART
	14 SPADE
	8 HEART
Deck 2:
	12 DIAMOND
	8 DIAMOND
	2 CLUB
	3 CLUB
	11 SPADE
The deck 1 and the deck 0 were successfully merged.
The deck was successfully created with 7 cards.
The length of deck 1 is 60.
Deck 2:
	7 CLUB
	1 HEART
	13 CLUB
	12 CLUB
	14 CLUB
	12 SPADE
	11 SPADE
The deck 1 and the deck 0 were successfully merged.
The deck was successfully created with 7 cards.
Deck 0:
	7 CLUB
	1 HEART
	13 CLUB
	12 CLUB
	14 CLUB
	12 SPADE
	11 SPADE
Deck 1:
	1 HEART
	12 DIAMOND
	11 CLUB
	8 DIAMOND
	8 HEART
	2 CLUB
	14 DIAMOND
	3 CLUB
	11 CLUB
	11 SPADE
	5 CLUB
	3 DIAMOND
	7 HEART
	4 CLUB
	14 CLUB
	3 DIAMOND
	6 HEART
	1 HEART
	11 CLUB
	12 DIAMOND
	6 HEART
	8 SPADE
	9 CLUB
	14 DIAMOND
	6 CLUB
	8 CLUB
	14 CLUB
	10 SPADE
	14 DIAMOND
	4 SPADE
	3 CLUB
	9 HEART
	1 DIAMOND
	7 SPADE
	11 HEART
	5 CLUB
	1 HEART
	5 SPADE
	2 HEART
	3 SPADE
	3 DIAMOND
	6 SPADE
	7 DIAMOND
	8 SPADE
	14 SPADE
	10 SPADE
	7 DIAMOND
	10 HEART
	10 CLUB
	8 CLUB
	12 CLUB
	1 CLUB
	9 DIAMOND
	12 DIAMOND
	1 HEART
	10 HEART
	7 DIAMOND
	11 SPADE
	8 SPADE
	10 DIAMOND
	4 CLUB
	5 HEART
	7 HEART
	14 SPADE
	8 HEART
Deck 2:
	1 HEART
	7 SPADE
	7 DIAMOND
	7 CLUB
	5 DIAMOND
	12 CLUB
	14 DIAMOND
The number of decks is 3.
Deck 0:
	7 CLUB
	1 HEART
	13 CLUB
	12 CLUB
	14 CLUB
	12 SPADE
	11 SPADE
The deck 0 and the deck 2 were successfully merged.
The deck was successfully created with 6 cards.
The deck 0 and the deck 2 were successfully merged.
The deck was successfully created with 7 cards.
The deck 1 and the deck 0 were successfully merged.
The deck was successfully created with 4 cards.
The card was successfully deleted from deck 1.
Deck 0:
	8 DIAMOND
	12 DIAMOND
	14 HEART
	3 CLUB
	14 SPADE
	7 CLUB
	6 DIAMOND
Deck 1:
	1 HEART
	7 CLUB
	3 CLUB
	1 HEART
	12 DIAMOND
	1 HEART
	1 CLUB
	11 CLUB
	13 CLUB
	2 DIAMOND
	7 DIAMOND
	8 DIAMOND
	12 CLUB
	8 HEART
	7 CLUB
	8 HEART
	14 CLUB
	1 SPADE
	5 DIAMOND
	2 CLUB
	12 SPADE
	8 HEART
	12 CLUB
	14 DIAMOND
	11 SPADE
	3 CLUB
	14 DIAMOND
	11 CLUB
	11 SPADE
	5 CLUB
	3 DIAMOND
	7 HEART
	4 CLUB
	14 CLUB
	3 DIAMOND
	6 HEART
	1 HEART
	11 CLUB
	12 DIAMOND
	6 HEART
	8 SPADE
	9 CLUB
	14 DIAMOND
	6 CLUB
	8 CLUB
	14 CLUB
	10 SPADE
	14 DIAMOND
	4 SPADE
	3 CLUB
	9 HEART
	1 DIAMOND
	7 SPADE
	11 HEART
	5 CLUB
	1 HEART
	5 SPADE
	2 HEART
	3 SPADE
	3 DIAMOND
	6 SPADE
	7 DIAMOND
	8 SPADE
	14 SPADE
	10 SPADE
	7 DIAMOND
	10 HEART
	10 CLUB
	8 CLUB
	12 CLUB
	1 CLUB
	9 DIAMOND
	12 DIAMOND
	1 HEART
	10 HEART
	7 DIAMOND
	11 SPADE
	8 SPADE
	10 DIAMOND
	4 CLUB
	5 HEART
	7 HEART
	14 SPADE
	8 HEART
Deck 2:
	8 CLUB
	8 HEART
	2 HEART
	14 CLUB
The deck 0 and the deck 2 were successfully merged.
The deck was successfully created with 3 cards.
Deck 0:
	1 HEART
	7 CLUB
	3 CLUB
	1 HEART
	12 DIAMOND
	1 HEART
	1 CLUB
	11 CLUB
	13 CLUB
	2 DIAMOND
	7 DIAMOND
	8 DIAMOND
	12 CLUB
	8 HEART
	7 CLUB
	8 HEART
	14 CLUB
	1 SPADE
	5 DIAMOND
	2 CLUB
	12 SPADE
	8 HEART
	12 CLUB
	14 DIAMOND
	11 SPADE
	3 CLUB
	14 DIAMOND
	11 CLUB
	11 SPADE
	5 CLUB
	3 DIAMOND
	7 HEART
	4 CLUB
	14 CLUB
	3 DIAMOND
	6 HEART
	1 HEART
	11 CLUB
	12 DIAMOND
	6 HEART
	8 SPADE
	9 CLUB
	14 DIAMOND
	6 CLUB
	8 CLUB
	14 CLUB
	10 SPADE
	14 DIAMOND
	4 SPADE
	3 CLUB
	9 HEART
	1 DIAMOND
	7 SPADE
	11 HEART
	5 CLUB
	1 HEART
	5 SPADE
	2 HEART
	3 SPADE
	3 DIAMOND
	6 SPADE
	7 DIAMOND
	8 SPADE
	14 SPADE
	10 SPADE
	7 DIAMOND
	10 HEART
	10 CLUB
	8 CLUB
	12 CLUB
	1 CLUB
	9 DIAMOND
	12 DIAMOND
	1 HEART
	10 HEART
	7 DIAMOND
	11 SPADE
	8 SPADE
	10 DIAMOND
	4 CLUB
	5 HEART
	7 HEART
	14 SPADE
	8 HEART
The card was successfully deleted from deck 2.
Deck 0:
	1 HEART
	7 CLUB
	3 CLUB
	1 HEART
	12 DIAMOND
	1 HEART
	1 CLUB
	11 CLUB
	13 CLUB
	2 DIAMOND
	7 DIAMOND
	8 DIAMOND
	12 CLUB
	8 HEART
	7 CLUB
	8 HEART
	14 CLUB
	1 SPADE
	5 DIAMOND
	2 CLUB
	12 SPADE
	8 HEART
	12 CLUB
	14 DIAMOND
	11 SPADE
	3 CLUB
	14 DIAMOND
	11 CLUB
	11 SPADE
	5 CLUB
	3 DIAMOND
	7 HEART
	4 CLUB
	14 CLUB
	3 DIAMOND
	6 HEART
	1 HEART
	11 CLUB
	12 DIAMOND
	6 HEART
	8 SPADE
	9 CLUB
	14 DIAMOND
	6 CLUB
	8 CLUB
	14 CLUB
	10 SPADE
	14 DIAMOND
	4 SPADE
	3 CLUB
	9 HEART
	1 DIAMOND
	7 SPADE
	11 HEART
	5 CLUB
	1 HEART
	5 SPADE
	2 HEART
	3 SPADE
	3 DIAMOND
	6 SPADE
	7 DIAMOND
	8 SPADE
	14 SPADE
	10 SPADE
	7 DIAMOND
	10 HEART
	10 CLUB
	8 CLUB
	12 CLUB
	1 CLUB
	9 DIAMOND
	12 DIAMOND
	1 HEART
	10 HEART
	7 DIAMOND
	11 SPADE
	8 SPADE
	10 DIAMOND
	4 CLUB
	5 HEART
	7 HEART
	14 SPADE
	8 HEART
Deck 1:
	8 DIAMOND
	8 CLUB
	12 DIAMOND
	8 HEART
	14 HEART
	2 HEART
	3 CLUB
	14 CLUB
	14 SPADE
	7 CLUB
	6 DIAMOND
Deck 2:
	5 DIAMOND
	5 HEART
The deck 0 and the deck 2 were successfully merged.
The deck was successfully created with 5 cards.
Deck 0:
	8 DIAMOND
	8 CLUB
	12 DIAMOND
	8 HEART
	14 HEART
	2 HEART
	3 CLUB
	14 CLUB
	14 SPADE
	7 CLUB
	6 DIAMOND
The deck 0 and the deck 1 were successfully merged.
The deck was successfully created with 2 cards.
Deck 0:
	6 CLUB
	13 HEART
	4 DIAMOND
	9 CLUB
	1 CLUB
Deck 1:
	8 DIAMOND
	1 HEART
	8 CLUB
	5 DIAMOND
	12 DIAMOND
	7 CLUB
	8 HEART
	5 HEART
	14 HEART
	3 CLUB
	2 HEART
	1 HEART
	3 CLUB
	12 DIAMOND
	14 CLUB
	1 HEART
	14 SPADE
	1 CLUB
	7 CLUB
	11 CLUB
	6 DIAMOND
	13 CLUB
	2 DIAMOND
	7 DIAMOND
	8 DIAMOND
	12 CLUB
	8 HEART
	7 CLUB
	8 HEART
	14 CLUB
	1 SPADE
	5 DIAMOND
	2 CLUB
	12 SPADE
	8 HEART
	12 CLUB
	14 DIAMOND
	11 SPADE
	3 CLUB
	14 DIAMOND
	11 CLUB
	11 SPADE
	5 CLUB
	3 DIAMOND
	7 HEART
	4 CLUB
	14 CLUB
	3 DIAMOND
	6 HEART
	1 HEART
	11 CLUB
	12 DIAMOND
	6 HEART
	8 SPADE
	9 CLUB
	14 DIAMOND
	6 CLUB
	8 CLUB
	14 CLUB
	10 SPADE
	14 DIAMOND
	4 SPADE
	3 CLUB
	9 HEART
	1 DIAMOND
	7 SPADE
	11 HEART
	5 CLUB
	1 HEART
	5 SPADE
	2 HEART
	3 SPADE
	3 DIAMOND
	6 SPADE
	7 DIAMOND
	8 SPADE
	14 SPADE
	10 SPADE
	7 DIAMOND
	10 HEART
	10 CLUB
	8 CLUB
	12 CLUB
	1 CLUB
	9 DIAMOND
	12 DIAMOND
	1 HEART
	10 HEART
	7 DIAMOND
	11 SPADE
	8 SPADE
	10 DIAMOND
	4 CLUB
	5 HEART
	7 HEART
	14 SPADE
	8 HEART
Deck 2:
	7 CLUB
	10 CLUB
The card was successfully deleted from deck 0.
Deck 0:
	6 CLUB
	13 HEART
	4 DIAMOND
	1 CLUB
Deck 1:
	8 DIAMOND
	1 HEART
	8 CLUB
	5 DIAMOND
	12 DIAMOND
	7 CLUB
	8 HEART
	5 HEART
	14 HEART
	3 CLUB
	2 HEART
	1 HEART
	3 CLUB
	12 DIAMOND
	14 CLUB
	1 HEART
	14 SPADE
	1 CLUB
	7 CLUB
	11 CLUB
	6 DIAMOND
	13 CLUB
	2 DIAMOND
	7 DIAMOND
	8 DIAMOND
	12 CLUB
	8 HEART
	7 CLUB
	8 HEART
	14 CLUB
	1 SPADE
	5 DIAMOND
	2 CLUB
	12 SPADE
	8 HEART
	12 CLUB
	14 DIAMOND
	11 SPADE
	3 CLUB
	14 DIAMOND
	11 CLUB
	11 SPADE
	5 CLUB
	3 DIAMOND
	7 HEART
	4 CLUB
	14 CLUB
	3 DIAMOND
	6 HEART
	1 HEART
	11 CLUB
	12 DIAMOND
	6 HEART
	8 SPADE
	9 CLUB
	14 DIAMOND
	6 CLUB
	8 CLUB
	14 CLUB
	10 SPADE
	14 DIAMOND
	4 SPADE
	3 CLUB
	9 HEART
	1 DIAMOND
	7 SPADE
	11 HEART
	5 CLUB
	1 HEART
	5 SPADE
	2 HEART
	3 SPADE
	3 DIAMOND
	6 SPADE
	7 DIAMOND
	8 SPADE
	14 SPADE
	10 SPADE
	7 DIAMOND
	10 HEART
	10 CLUB
	8 CLUB
	12 CLUB
	1 CLUB
	9 DIAMOND
	12 DIAMOND
	1 HEART
	10 HEART
	7 DIAMOND
	11 SPADE
	8 SPADE
	10 DIAMOND
	4 CLUB
	5 HEART
	7 HEART
	14 SPADE
	8 HEART
Deck 2:
	7 CLUB
	10 CLUB
The deck 2 and the deck 0 were successfully merged.
The deck was successfully created with 7 cards.
Deck 0:
	8 DIAMOND
	1 HEART
	8 CLUB
	5 DIAMOND
	12 DIAMOND
	7 CLUB
	8 HEART
	5 HEART
	14 HEART
	3 CLUB
	2 HEART
	1 HEART
	3 CLUB
	12 DIAMOND
	14 CLUB
	1 HEART
	14 SPADE
	1 CLUB
	7 CLUB
	11 CLUB
	6 DIAMOND
	13 CLUB
	2 DIAMOND
	7 DIAMOND
	8 DIAMOND
	12 CLUB
	8 HEART
	7 CLUB
	8 HEART
	14 CLUB
	1 SPADE
	5 DIAMOND
	2 CLUB
	12 SPADE
	8 HEART
	12 CLUB
	14 DIAMOND
	11 SPADE
	3 CLUB
	14 DIAMOND
	11 CLUB
	11 SPADE
	5 CLUB
	3 DIAMOND
	7 HEART
	4 CLUB
	14 CLUB
	3 DIAMOND
	6 HEART
	1 HEART
	11 CLUB
	12 DIAMOND
	6 HEART
	8 SPADE
	9 CLUB
	14 DIAMOND
	6 CLUB
	8 CLUB
	14 CLUB
	10 SPADE
	14 DIAMOND
	4 SPADE
	3 CLUB
	9 HEART
	1 DIAMOND
	7 SPADE
	11 HEART
	5 CLUB
	1 HEART
	5 SPADE
	2 HEART
	3 SPADE
	3 DIAMOND
	6 SPADE
	7 DIAMOND
	8 SPADE
	14 SPADE
	10 SPADE
	7 DIAMOND
	10 HEART
	10 CLUB
	8 CLUB
	12 CLUB
	1 CLUB
	9 DIAMOND
	12 DIAMOND
	1 HEART
	10 HEART
	7 DIAMOND
	11 SPADE
	8 SPADE
	10 DIAMOND
	4 CLUB
	5 HEART
	7 HEART
	14 SPADE
	8 HEART
Deck 1:
	7 CLUB
	6 CLUB
	10 CLUB
	13 HEART
	4 DIAMOND
	1 CLUB
Deck 2:
	14 DIAMOND
	13 DIAMOND
	4 DIAMOND
	2 DIAMOND
	6 SPADE
	1 CLUB
	8 SPADE
The number of decks is 3.
The deck was successfully created with 5 cards.
The cards were successfully added to deck 1.
The deck was successfully created with 2 cards.
The deck 4 and the deck 0 were successfully merged.
Deck 0:
	7 CLUB
	6 CLUB
	10 CLUB
	13 HEART
	4 DIAMOND
	1 CLUB
	10 CLUB
Deck 1:
	14 DIAMOND
	13 DIAMOND
	4 DIAMOND
	2 DIAMOND
	6 SPADE
	1 CLUB
	8 SPADE
Deck 2:
	6 SPADE
	2 SPADE
	14 CLUB
	7 SPADE
	7 SPADE
Deck 3:
	7 CLUB
	8 DIAMOND
	2 DIAMOND
	1 HEART
	8 CLUB
	5 DIAMOND
	12 DIAMOND
	7 CLUB
	8 HEART
	5 HEART
	14 HEART
	3 CLUB
	2 HEART
	1 HEART
	3 CLUB
	12 DIAMOND
	14 CLUB
	1 HEART
	14 SPADE
	1 CLUB
	7 CLUB
	11 CLUB
	6 DIAMOND
	13 CLUB
	2 DIAMOND
	7 DIAMOND
	8 DIAMOND
	12 CLUB
	8 HEART
	7 CLUB
	8 HEART
	14 CLUB
	1 SPADE
	5 DIAMOND
	2 CLUB
	12 SPADE
	8 HEART
	12 CLUB
	14 DIAMOND
	11 SPADE
	3 CLUB
	14 DIAMOND
	11 CLUB
	11 SPADE
	5 CLUB
	3 DIAMOND
	7 HEART
	4 CLUB
	14 CLUB
	3 DIAMOND
	6 HEART
	1 HEART
	11 CLUB
	12 DIAMOND
	6 HEART
	8 SPADE
	9 CLUB
	14 DIAMOND
	6 CLUB
	8 CLUB
	14 CLUB
	10 SPADE
	14 DIAMOND
	4 SPADE
	3 CLUB
	9 HEART
	1 DIAMOND
	7 SPADE
	11 HEART
	5 CLUB
	1 HEART
	5 SPADE
	2 HEART
	3 SPADE
	3 DIAMOND
	6 SPADE
	7 DIAMOND
	8 SPADE
	14 SPADE
	10 SPADE
	7 DIAMOND
	10 HEART
	10 CLUB
	8 CLUB
	12 CLUB
	1 CLUB
	9 DIAMOND
	12 DIAMOND
	1 HEART
	10 HEART
	7 DIAMOND
	11 SPADE
	8 SPADE
	10 DIAMOND
	4 CLUB
	5 HEART
	7 HEART
	14 SPADE
	8 HEART
