The deck was successfully created with 8 cards.
The deck was successfully created with 4 cards.
The deck was successfully created with 4 cards.
The deck 2 was successfully reversed.
Deck 1:
	5 CLUB
	1 DIAMOND
	11 SPADE
	10 SPADE
The deck 1 was successfully reversed.
The length of deck 0 is 8.
The deck 0 was successfully reversed.
The length of deck 0 is 8.
The card was successfully deleted from deck 0.
Deck 0:
	5 DIAMOND
	12 HEART
	9 CLUB
	1 DIAMOND
	12 DIAMOND
	9 CLUB
	9 HEART
Deck 1:
	10 SPADE
	11 SPADE
	1 DIAMOND
	5 CLUB
Deck 2:
	13 HEART
	8 CLUB
	2 DIAMOND
	8 DIAMOND
The card was successfully deleted from deck 1.
The deck 1 was successfully deleted.
The deck was successfully created with 2 cards.
Deck 0:
	5 DIAMOND
	12 HEART
	9 CLUB
	1 DIAMOND
	12 DIAMOND
	9 CLUB
	9 HEART
The deck 0 was successfully reversed.
The cards were successfully added to deck 0.
The deck 2 was successfully reversed.
The deck 1 was successfully reversed.
Deck 0:
	9 HEART
	9 CLUB
	12 DIAMOND
	1 DIAMOND
	9 CLUB
	12 HEART
	5 DIAMOND
	6 HEART
Deck 1:
	8 DIAMOND
	2 DIAMOND
	8 CLUB
	13 HEART
Deck 2:
	7 HEART
	10 SPADE
The cards were successfully added to deck 0.
Deck 0:
	9 HEART
	9 CLUB
	12 DIAMOND
	1 DIAMOND
	9 CLUB
	12 HEART
	5 DIAMOND
	6 HEART
	9 DIAMOND
	7 DIAMOND
	13 DIAMOND
	14 DIAMOND
Deck 1:
	8 DIAMOND
	2 DIAMOND
	8 CLUB
	13 HEART
Deck 2:
	7 HEART
	10 SPADE
The deck 1 was successfully reversed.
The deck 1 was successfully reversed.
Deck 1:
	8 DIAMOND
	2 DIAMOND
	8 CLUB
	13 HEART
The deck 0 was successfully reversed.
The number of decks is 3.
Deck 0:
	14 DIAMOND
	13 DIAMOND
	7 DIAMOND
	9 DIAMOND
	6 HEART
	5 DIAMOND
	12 HEART
	9 CLUB
	1 DIAMOND
	12 DIAMOND
	9 CLUB
	9 HEART
The deck 1 was successfully reversed.
Deck 0:
	14 DIAMOND
	13 DIAMOND
	7 DIAMOND
	9 DIAMOND
	6 HEART
	5 DIAMOND
	12 HEART
	9 CLUB
	1 DIAMOND
	12 DIAMOND
	9 CLUB
	9 HEART
The card was successfully deleted from deck 1.
The card was successfully deleted from deck 1.
Deck 0:
	14 DIAMOND
	13 DIAMOND
	7 DIAMOND
	9 DIAMOND
	6 HEART
	5 DIAMOND
	12 HEART
	9 CLUB
	1 DIAMOND
	12 DIAMOND
	9 CLUB
	9 HEART
Deck 1:
	13 HEART
	2 DIAMOND
Deck 2:
	7 HEART
	10 SPADE
The deck 0 was successfully reversed.
Deck 1:
	13 HEART
	2 DIAMOND
The number of decks is 3.
The number of decks is 3.
The deck 2 was successfully deleted.
The deck was successfully created with 4 cards.
The deck 2 was successfully reversed.
Deck 0:
	9 HEART
	9 CLUB
	12 DIAMOND
	1 DIAMOND
	9 CLUB
	12 HEART
	5 DIAMOND
	6 HEART
	9 DIAMOND
	7 DIAMOND
	13 DIAMOND
	14 DIAMOND
The deck 1 was successfully deleted.
The deck was successfully created with 2 cards.
Deck 0:
	9 HEART
	9 CLUB
	12 DIAMOND
	1 DIAMOND
	9 CLUB
	12 HEART
	5 DIAMOND
	6 HEART
	9 DIAMOND
	7 DIAMOND
	13 DIAMOND
	14 DIAMOND
The deck 0 was successfully deleted.
The deck was successfully created with 2 cards.
Deck 0:
	2 HEART
	4 HEART
	3 DIAMOND
	7 HEART
The deck was successfully created with 3 cards.
Deck 0:
	2 HEART
	4 HEART
	3 DIAMOND
	7 HEART
Deck 1:
	11 DIAMOND
	11 HEART
Deck 2:
	14 SPADE
	2 DIAMOND
Deck 3:
	14 HEART
	4 CLUB
	9 HEART
The cards were successfully added to deck 1.
The number of decks is 4.
Deck 3:
	14 HEART
	4 CLUB
	9 HEART
The cards were successfully added to deck 1.
Deck 0:
	2 HEART
	4 HEART
	3 DIAMOND
	7 HEART
Deck 1:
	11 DIAMOND
	11 HEART
	4 SPADE
	7 CLUB
Deck 2:
	14 SPADE
	2 DIAMOND
Deck 3:
	14 HEART
	4 CLUB
	9 HEART
The cards were successfully added to deck 2.
Deck 3:
	14 HEART
	4 CLUB
	9 HEART
The deck 2 was successfully reversed.
The deck 1 was successfully reversed.
The number of decks is 4.
The length of deck 3 is 3.
The number of decks is 4.
The length of deck 2 is 3.
Deck 0:
	2 HEART
	4 HEART
	3 DIAMOND
	7 HEART
Deck 1:
	7 CLUB
	4 SPADE
	11 HEART
	11 DIAMOND
Deck 2:
	4 DIAMOND
	2 DIAMOND
	14 SPADE
Deck 3:
	14 HEART
	4 CLUB
	9 HEART
The deck 1 was successfully reversed.
The deck was successfully created with 3 cards.
The number of decks is 5.
Deck 0:
	2 HEART
	4 HEART
	3 DIAMOND
	7 HEART
The deck was successfully created with 2 cards.
Deck 2:
	4 DIAMOND
	2 DIAMOND
	14 SPADE
The deck was successfully created with 8 cards.
Deck 2:
	4 DIAMOND
	2 DIAMOND
	14 SPADE
The deck 3 was successfully reversed.
Deck 0:
	2 HEART
	4 HEART
	3 DIAMOND
	7 HEART
Deck 1:
	11 DIAMOND
	11 HEART
	4 SPADE
	7 CLUB
Deck 2:
	4 DIAMOND
	2 DIAMOND
	14 SPADE
Deck 3:
	9 HEART
	4 CLUB
	14 HEART
Deck 4:
	3 CLUB
	4 SPADE
	5 SPADE
Deck 5:
	1 DIAMOND
	12 CLUB
Deck 6:
	4 HEART
	5 HEART
	13 CLUB
	9 SPADE
	2 CLUB
	5 DIAMOND
	2 HEART
	8 HEART
The length of deck 1 is 4.
Deck 0:
	2 HEART
	4 HEART
	3 DIAMOND
	7 HEART
The number of decks is 7.
Deck 1:
	11 DIAMOND
	11 HEART
	4 SPADE
	7 CLUB
The card was successfully deleted from deck 0.
Deck 0:
	2 HEART
	4 HEART
	3 DIAMOND
Deck 1:
	11 DIAMOND
	11 HEART
	4 SPADE
	7 CLUB
Deck 2:
	4 DIAMOND
	2 DIAMOND
	14 SPADE
Deck 3:
	9 HEART
	4 CLUB
	14 HEART
Deck 4:
	3 CLUB
	4 SPADE
	5 SPADE
Deck 5:
	1 DIAMOND
	12 CLUB
Deck 6:
	4 HEART
	5 HEART
	13 CLUB
	9 SPADE
	2 CLUB
	5 DIAMOND
	2 HEART
	8 HEART
The deck 0 was successfully reversed.
The deck 3 was successfully reversed.
The deck 3 was successfully deleted.
The length of deck 0 is 3.
The card was successfully deleted from deck 0.
Deck 0:
	3 DIAMOND
	2 HEART
Deck 1:
	11 DIAMOND
	11 HEART
	4 SPADE
	7 CLUB
Deck 2:
	4 DIAMOND
	2 DIAMOND
	14 SPADE
Deck 3:
	3 CLUB
	4 SPADE
	5 SPADE
Deck 4:
	1 DIAMOND
	12 CLUB
Deck 5:
	4 HEART
	5 HEART
	13 CLUB
	9 SPADE
	2 CLUB
	5 DIAMOND
	2 HEART
	8 HEART
The deck 4 was successfully reversed.
