The deck was successfully created with 7 cards.
The deck was successfully created with 3 cards.
The provided card is not a valid one.
The deck was successfully created with 4 cards.
Deck 2:
	3 HEART
	10 SPADE
	12 SPADE
	9 CLUB
The card was successfully deleted from deck 2.
The length of deck 0 is 7.
Deck 0:
	7 DIAMOND
	8 HEART
	6 CLUB
	4 CLUB
	2 DIAMOND
	3 CLUB
	5 CLUB
Deck 1:
	8 HEART
	4 SPADE
	13 SPADE
Deck 2:
	3 HEART
	12 SPADE
	9 CLUB
The card was successfully deleted from deck 0.
Deck 1:
	8 HEART
	4 SPADE
	13 SPADE
The deck 2 was successfully deleted.
The deck was successfully created with 2 cards.
Deck 2:
	9 HEART
	6 CLUB
The provided card is not a valid one.
The deck was successfully created with 6 cards.
Invalid command. Please try again.
The number of decks is 4.
Deck 3:
	8 CLUB
	8 SPADE
	5 SPADE
	9 SPADE
	14 SPADE
	6 SPADE
The card was successfully deleted from deck 0.
Deck 0:
	7 DIAMOND
	8 HEART
	4 CLUB
	3 CLUB
	5 CLUB
The length of deck 0 is 5.
Deck 2:
	9 HEART
	6 CLUB
The length of deck 3 is 6.
The card was successfully deleted from deck 2.
Deck 0:
	7 DIAMOND
	8 HEART
	4 CLUB
	3 CLUB
	5 CLUB
Deck 1:
	8 HEART
	4 SPADE
	13 SPADE
Deck 2:
	6 CLUB
Deck 3:
	8 CLUB
	8 SPADE
	5 SPADE
	9 SPADE
	14 SPADE
	6 SPADE
The length of deck 0 is 5.
Deck 0:
	7 DIAMOND
	8 HEART
	4 CLUB
	3 CLUB
	5 CLUB
Deck 1:
	8 HEART
	4 SPADE
	13 SPADE
Deck 2:
	6 CLUB
Deck 3:
	8 CLUB
	8 SPADE
	5 SPADE
	9 SPADE
	14 SPADE
	6 SPADE
The number of decks is 4.
Deck 1:
	8 HEART
	4 SPADE
	13 SPADE
The deck was successfully created with 3 cards.
The number of decks is 5.
Deck 0:
	7 DIAMOND
	8 HEART
	4 CLUB
	3 CLUB
	5 CLUB
The deck was successfully created with 3 cards.
Deck 0:
	7 DIAMOND
	8 HEART
	4 CLUB
	3 CLUB
	5 CLUB
Deck 1:
	8 HEART
	4 SPADE
	13 SPADE
Deck 2:
	6 CLUB
Deck 3:
	8 CLUB
	8 SPADE
	5 SPADE
	9 SPADE
	14 SPADE
	6 SPADE
Deck 4:
	5 DIAMOND
	6 CLUB
	5 DIAMOND
Deck 5:
	6 DIAMOND
	11 CLUB
	5 HEART
The cards were successfully added to deck 3.
Deck 0:
	7 DIAMOND
	8 HEART
	4 CLUB
	3 CLUB
	5 CLUB
Deck 1:
	8 HEART
	4 SPADE
	13 SPADE
Deck 2:
	6 CLUB
Deck 3:
	8 CLUB
	8 SPADE
	5 SPADE
	9 SPADE
	14 SPADE
	6 SPADE
	4 SPADE
	13 CLUB
	1 CLUB
	11 SPADE
Deck 4:
	5 DIAMOND
	6 CLUB
	5 DIAMOND
Deck 5:
	6 DIAMOND
	11 CLUB
	5 HEART
The length of deck 1 is 3.
Deck 0:
	7 DIAMOND
	8 HEART
	4 CLUB
	3 CLUB
	5 CLUB
The card was successfully deleted from deck 1.
The deck was successfully created with 2 cards.
The deck was successfully created with 4 cards.
The cards were successfully added to deck 7.
The card was successfully deleted from deck 4.
Deck 0:
	7 DIAMOND
	8 HEART
	4 CLUB
	3 CLUB
	5 CLUB
Deck 1:
	4 SPADE
	13 SPADE
Deck 2:
	6 CLUB
Deck 3:
	8 CLUB
	8 SPADE
	5 SPADE
	9 SPADE
	14 SPADE
	6 SPADE
	4 SPADE
	13 CLUB
	1 CLUB
	11 SPADE
Deck 4:
	5 DIAMOND
	5 DIAMOND
Deck 5:
	6 DIAMOND
	11 CLUB
	5 HEART
Deck 6:
	12 DIAMOND
	3 SPADE
Deck 7:
	14 SPADE
	10 CLUB
	10 CLUB
	12 CLUB
	4 HEART
The card was successfully deleted from deck 0.
Deck 0:
	7 DIAMOND
	8 HEART
	4 CLUB
	3 CLUB
Deck 1:
	4 SPADE
	13 SPADE
Deck 2:
	6 CLUB
Deck 3:
	8 CLUB
	8 SPADE
	5 SPADE
	9 SPADE
	14 SPADE
	6 SPADE
	4 SPADE
	13 CLUB
	1 CLUB
	11 SPADE
Deck 4:
	5 DIAMOND
	5 DIAMOND
Deck 5:
	6 DIAMOND
	11 CLUB
	5 HEART
Deck 6:
	12 DIAMOND
	3 SPADE
Deck 7:
	14 SPADE
	10 CLUB
	10 CLUB
	12 CLUB
	4 HEART
The deck 7 was successfully deleted.
Deck 4:
	5 DIAMOND
	5 DIAMOND
The cards were successfully added to deck 6.
The deck was successfully created with 5 cards.
The card was successfully deleted from deck 5.
The deck 0 was successfully deleted.
Deck 0:
	4 SPADE
	13 SPADE
Deck 1:
	6 CLUB
Deck 2:
	8 CLUB
	8 SPADE
	5 SPADE
	9 SPADE
	14 SPADE
	6 SPADE
	4 SPADE
	13 CLUB
	1 CLUB
	11 SPADE
Deck 3:
	5 DIAMOND
	5 DIAMOND
Deck 4:
	6 DIAMOND
	5 HEART
Deck 5:
	12 DIAMOND
	3 SPADE
	1 SPADE
	1 CLUB
	8 SPADE
Deck 6:
	4 DIAMOND
	9 HEART
	6 HEART
	14 CLUB
	6 SPADE
The card was successfully deleted from deck 0.
The number of decks is 7.
The provided index is out of bounds for the deck list.
The provided card is not a valid one.
The cards were successfully added to deck 5.
The cards were successfully added to deck 6.
Deck 0:
	4 SPADE
The card was successfully deleted from deck 2.
The number of decks is 7.
The cards were successfully added to deck 0.
Deck 5:
	12 DIAMOND
	3 SPADE
	1 SPADE
	1 CLUB
	8 SPADE
	11 CLUB
	2 CLUB
	1 SPADE
The provided index is out of bounds for the deck list.
Deck 2:
	8 CLUB
	8 SPADE
	5 SPADE
	9 SPADE
	14 SPADE
	6 SPADE
	4 SPADE
	13 CLUB
	11 SPADE
The length of deck 0 is 2.
Deck 0:
	4 SPADE
	8 DIAMOND
Deck 1:
	6 CLUB
Deck 2:
	8 CLUB
	8 SPADE
	5 SPADE
	9 SPADE
	14 SPADE
	6 SPADE
	4 SPADE
	13 CLUB
	11 SPADE
Deck 3:
	5 DIAMOND
	5 DIAMOND
Deck 4:
	6 DIAMOND
	5 HEART
Deck 5:
	12 DIAMOND
	3 SPADE
	1 SPADE
	1 CLUB
	8 SPADE
	11 CLUB
	2 CLUB
	1 SPADE
Deck 6:
	4 DIAMOND
	9 HEART
	6 HEART
	14 CLUB
	6 SPADE
	3 HEART
	6 HEART
	4 HEART
The cards were successfully added to deck 4.
Invalid command. Please try again.
Deck 1:
	6 CLUB
The deck was successfully created with 6 cards.
Deck 0:
	4 SPADE
	8 DIAMOND
Deck 1:
	6 CLUB
Deck 2:
	8 CLUB
	8 SPADE
	5 SPADE
	9 SPADE
	14 SPADE
	6 SPADE
	4 SPADE
	13 CLUB
	11 SPADE
Deck 3:
	5 DIAMOND
	5 DIAMOND
Deck 4:
	6 DIAMOND
	5 HEART
	3 HEART
	13 DIAMOND
	5 DIAMOND
	11 HEART
Deck 5:
	12 DIAMOND
	3 SPADE
	1 SPADE
	1 CLUB
	8 SPADE
	11 CLUB
	2 CLUB
	1 SPADE
Deck 6:
	4 DIAMOND
	9 HEART
	6 HEART
	14 CLUB
	6 SPADE
	3 HEART
	6 HEART
	4 HEART
Deck 7:
	7 CLUB
	11 DIAMOND
	11 CLUB
	14 HEART
	2 HEART
	4 CLUB
The number of decks is 8.
Deck 0:
	4 SPADE
	8 DIAMOND
Deck 1:
	6 CLUB
Deck 2:
	8 CLUB
	8 SPADE
	5 SPADE
	9 SPADE
	14 SPADE
	6 SPADE
	4 SPADE
	13 CLUB
	11 SPADE
Deck 3:
	5 DIAMOND
	5 DIAMOND
Deck 4:
	6 DIAMOND
	5 HEART
	3 HEART
	13 DIAMOND
	5 DIAMOND
	11 HEART
Deck 5:
	12 DIAMOND
	3 SPADE
	1 SPADE
	1 CLUB
	8 SPADE
	11 CLUB
	2 CLUB
	1 SPADE
Deck 6:
	4 DIAMOND
	9 HEART
	6 HEART
	14 CLUB
	6 SPADE
	3 HEART
	6 HEART
	4 HEART
Deck 7:
	7 CLUB
	11 DIAMOND
	11 CLUB
	14 HEART
	2 HEART
	4 CLUB
The number of decks is 8.
The card was successfully deleted from deck 2.
The cards were successfully added to deck 2.
The cards were successfully added to deck 6.
Deck 3:
	5 DIAMOND
	5 DIAMOND
The deck was successfully created with 2 cards.
Deck 0:
	4 SPADE
	8 DIAMOND
Deck 1:
	6 CLUB
Deck 2:
	8 CLUB
	8 SPADE
	5 SPADE
	9 SPADE
	14 SPADE
	6 SPADE
	4 SPADE
	11 SPADE
	14 SPADE
Deck 3:
	5 DIAMOND
	5 DIAMOND
Deck 4:
	6 DIAMOND
	5 HEART
	3 HEART
	13 DIAMOND
	5 DIAMOND
	11 HEART
Deck 5:
	12 DIAMOND
	3 SPADE
	1 SPADE
	1 CLUB
	8 SPADE
	11 CLUB
	2 CLUB
	1 SPADE
Deck 6:
	4 DIAMOND
	9 HEART
	6 HEART
	14 CLUB
	6 SPADE
	3 HEART
	6 HEART
	4 HEART
	11 CLUB
	4 CLUB
Deck 7:
	7 CLUB
	11 DIAMOND
	11 CLUB
	14 HEART
	2 HEART
	4 CLUB
Deck 8:
	8 CLUB
	10 SPADE
The length of deck 7 is 6.
Deck 0:
	4 SPADE
	8 DIAMOND
Deck 1:
	6 CLUB
Deck 2:
	8 CLUB
	8 SPADE
	5 SPADE
	9 SPADE
	14 SPADE
	6 SPADE
	4 SPADE
	11 SPADE
	14 SPADE
Deck 3:
	5 DIAMOND
	5 DIAMOND
Deck 4:
	6 DIAMOND
	5 HEART
	3 HEART
	13 DIAMOND
	5 DIAMOND
	11 HEART
Deck 5:
	12 DIAMOND
	3 SPADE
	1 SPADE
	1 CLUB
	8 SPADE
	11 CLUB
	2 CLUB
	1 SPADE
Deck 6:
	4 DIAMOND
	9 HEART
	6 HEART
	14 CLUB
	6 SPADE
	3 HEART
	6 HEART
	4 HEART
	11 CLUB
	4 CLUB
Deck 7:
	7 CLUB
	11 DIAMOND
	11 CLUB
	14 HEART
	2 HEART
	4 CLUB
Deck 8:
	8 CLUB
	10 SPADE
The deck was successfully created with 7 cards.
Deck 0:
	4 SPADE
	8 DIAMOND
Deck 1:
	6 CLUB
Deck 2:
	8 CLUB
	8 SPADE
	5 SPADE
	9 SPADE
	14 SPADE
	6 SPADE
	4 SPADE
	11 SPADE
	14 SPADE
Deck 3:
	5 DIAMOND
	5 DIAMOND
Deck 4:
	6 DIAMOND
	5 HEART
	3 HEART
	13 DIAMOND
	5 DIAMOND
	11 HEART
Deck 5:
	12 DIAMOND
	3 SPADE
	1 SPADE
	1 CLUB
	8 SPADE
	11 CLUB
	2 CLUB
	1 SPADE
Deck 6:
	4 DIAMOND
	9 HEART
	6 HEART
	14 CLUB
	6 SPADE
	3 HEART
	6 HEART
	4 HEART
	11 CLUB
	4 CLUB
Deck 7:
	7 CLUB
	11 DIAMOND
	11 CLUB
	14 HEART
	2 HEART
	4 CLUB
Deck 8:
	8 CLUB
	10 SPADE
Deck 9:
	6 SPADE
	8 SPADE
	14 CLUB
	11 CLUB
	1 SPADE
	14 HEART
	4 SPADE
Invalid command. Please try again.
The provided index is out of bounds for the deck list.
Deck 0:
	4 SPADE
	8 DIAMOND
The deck was successfully created with 8 cards.
The number of decks is 11.
Deck 0:
	4 SPADE
	8 DIAMOND
Deck 1:
	6 CLUB
Deck 2:
	8 CLUB
	8 SPADE
	5 SPADE
	9 SPADE
	14 SPADE
	6 SPADE
	4 SPADE
	11 SPADE
	14 SPADE
Deck 3:
	5 DIAMOND
	5 DIAMOND
Deck 4:
	6 DIAMOND
	5 HEART
	3 HEART
	13 DIAMOND
	5 DIAMOND
	11 HEART
Deck 5:
	12 DIAMOND
	3 SPADE
	1 SPADE
	1 CLUB
	8 SPADE
	11 CLUB
	2 CLUB
	1 SPADE
Deck 6:
	4 DIAMOND
	9 HEART
	6 HEART
	14 CLUB
	6 SPADE
	3 HEART
	6 HEART
	4 HEART
	11 CLUB
	4 CLUB
Deck 7:
	7 CLUB
	11 DIAMOND
	11 CLUB
	14 HEART
	2 HEART
	4 CLUB
Deck 8:
	8 CLUB
	10 SPADE
Deck 9:
	6 SPADE
	8 SPADE
	14 CLUB
	11 CLUB
	1 SPADE
	14 HEART
	4 SPADE
Deck 10:
	6 SPADE
	5 SPADE
	2 SPADE
	12 SPADE
	8 SPADE
	14 DIAMOND
	13 DIAMOND
	7 SPADE
The deck 1 was successfully deleted.
The deck 6 was successfully deleted.
The provided card is not a valid one.
The deck was successfully created with 3 cards.
The length of deck 4 is 8.
Deck 0:
	4 SPADE
	8 DIAMOND
Deck 1:
	8 CLUB
	8 SPADE
	5 SPADE
	9 SPADE
	14 SPADE
	6 SPADE
	4 SPADE
	11 SPADE
	14 SPADE
Deck 2:
	5 DIAMOND
	5 DIAMOND
Deck 3:
	6 DIAMOND
	5 HEART
	3 HEART
	13 DIAMOND
	5 DIAMOND
	11 HEART
Deck 4:
	12 DIAMOND
	3 SPADE
	1 SPADE
	1 CLUB
	8 SPADE
	11 CLUB
	2 CLUB
	1 SPADE
Deck 5:
	4 DIAMOND
	9 HEART
	6 HEART
	14 CLUB
	6 SPADE
	3 HEART
	6 HEART
	4 HEART
	11 CLUB
	4 CLUB
Deck 6:
	8 CLUB
	10 SPADE
Deck 7:
	6 SPADE
	8 SPADE
	14 CLUB
	11 CLUB
	1 SPADE
	14 HEART
	4 SPADE
Deck 8:
	6 SPADE
	5 SPADE
	2 SPADE
	12 SPADE
	8 SPADE
	14 DIAMOND
	13 DIAMOND
	7 SPADE
Deck 9:
	5 CLUB
	13 DIAMOND
	6 CLUB
The deck 5 was successfully deleted.
Deck 0:
	4 SPADE
	8 DIAMOND
Deck 1:
	8 CLUB
	8 SPADE
	5 SPADE
	9 SPADE
	14 SPADE
	6 SPADE
	4 SPADE
	11 SPADE
	14 SPADE
Deck 2:
	5 DIAMOND
	5 DIAMOND
Deck 3:
	6 DIAMOND
	5 HEART
	3 HEART
	13 DIAMOND
	5 DIAMOND
	11 HEART
Deck 4:
	12 DIAMOND
	3 SPADE
	1 SPADE
	1 CLUB
	8 SPADE
	11 CLUB
	2 CLUB
	1 SPADE
Deck 5:
	8 CLUB
	10 SPADE
Deck 6:
	6 SPADE
	8 SPADE
	14 CLUB
	11 CLUB
	1 SPADE
	14 HEART
	4 SPADE
Deck 7:
	6 SPADE
	5 SPADE
	2 SPADE
	12 SPADE
	8 SPADE
	14 DIAMOND
	13 DIAMOND
	7 SPADE
Deck 8:
	5 CLUB
	13 DIAMOND
	6 CLUB
The card was successfully deleted from deck 6.
Deck 0:
	4 SPADE
	8 DIAMOND
Deck 1:
	8 CLUB
	8 SPADE
	5 SPADE
	9 SPADE
	14 SPADE
	6 SPADE
	4 SPADE
	11 SPADE
	14 SPADE
Deck 2:
	5 DIAMOND
	5 DIAMOND
Deck 3:
	6 DIAMOND
	5 HEART
	3 HEART
	13 DIAMOND
	5 DIAMOND
	11 HEART
Deck 4:
	12 DIAMOND
	3 SPADE
	1 SPADE
	1 CLUB
	8 SPADE
	11 CLUB
	2 CLUB
	1 SPADE
Deck 5:
	8 CLUB
	10 SPADE
Deck 6:
	8 SPADE
	14 CLUB
	11 CLUB
	1 SPADE
	14 HEART
	4 SPADE
Deck 7:
	6 SPADE
	5 SPADE
	2 SPADE
	12 SPADE
	8 SPADE
	14 DIAMOND
	13 DIAMOND
	7 SPADE
Deck 8:
	5 CLUB
	13 DIAMOND
	6 CLUB
The deck 7 was successfully deleted.
The card was successfully deleted from deck 0.
Deck 0:
	4 SPADE
Deck 1:
	8 CLUB
	8 SPADE
	5 SPADE
	9 SPADE
	14 SPADE
	6 SPADE
	4 SPADE
	11 SPADE
	14 SPADE
Deck 2:
	5 DIAMOND
	5 DIAMOND
Deck 3:
	6 DIAMOND
	5 HEART
	3 HEART
	13 DIAMOND
	5 DIAMOND
	11 HEART
Deck 4:
	12 DIAMOND
	3 SPADE
	1 SPADE
	1 CLUB
	8 SPADE
	11 CLUB
	2 CLUB
	1 SPADE
Deck 5:
	8 CLUB
	10 SPADE
Deck 6:
	8 SPADE
	14 CLUB
	11 CLUB
	1 SPADE
	14 HEART
	4 SPADE
Deck 7:
	5 CLUB
	13 DIAMOND
	6 CLUB
The deck 5 was successfully deleted.
Deck 0:
	4 SPADE
Deck 1:
	8 CLUB
	8 SPADE
	5 SPADE
	9 SPADE
	14 SPADE
	6 SPADE
	4 SPADE
	11 SPADE
	14 SPADE
Deck 2:
	5 DIAMOND
	5 DIAMOND
Deck 3:
	6 DIAMOND
	5 HEART
	3 HEART
	13 DIAMOND
	5 DIAMOND
	11 HEART
Deck 4:
	12 DIAMOND
	3 SPADE
	1 SPADE
	1 CLUB
	8 SPADE
	11 CLUB
	2 CLUB
	1 SPADE
Deck 5:
	8 SPADE
	14 CLUB
	11 CLUB
	1 SPADE
	14 HEART
	4 SPADE
Deck 6:
	5 CLUB
	13 DIAMOND
	6 CLUB
The card was successfully deleted from deck 6.
Deck 0:
	4 SPADE
Deck 1:
	8 CLUB
	8 SPADE
	5 SPADE
	9 SPADE
	14 SPADE
	6 SPADE
	4 SPADE
	11 SPADE
	14 SPADE
Deck 2:
	5 DIAMOND
	5 DIAMOND
Deck 3:
	6 DIAMOND
	5 HEART
	3 HEART
	13 DIAMOND
	5 DIAMOND
	11 HEART
Deck 4:
	12 DIAMOND
	3 SPADE
	1 SPADE
	1 CLUB
	8 SPADE
	11 CLUB
	2 CLUB
	1 SPADE
Deck 5:
	8 SPADE
	14 CLUB
	11 CLUB
	1 SPADE
	14 HEART
	4 SPADE
Deck 6:
	5 CLUB
	13 DIAMOND
The provided card is not a valid one.
The deck was successfully created with 6 cards.
The length of deck 3 is 6.
The card was successfully deleted from deck 0.
The length of deck 6 is 6.
The deck was successfully created with 7 cards.
The card was successfully deleted from deck 6.
The number of decks is 8.
The card was successfully deleted from deck 4.
Deck 4:
	8 SPADE
	14 CLUB
	11 CLUB
	14 HEART
	4 SPADE
The deck 1 was successfully deleted.
Deck 0:
	8 CLUB
	8 SPADE
	5 SPADE
	9 SPADE
	14 SPADE
	6 SPADE
	4 SPADE
	11 SPADE
	14 SPADE
Deck 1:
	6 DIAMOND
	5 HEART
	3 HEART
	13 DIAMOND
	5 DIAMOND
	11 HEART
Deck 2:
	12 DIAMOND
	3 SPADE
	1 SPADE
	1 CLUB
	8 SPADE
	11 CLUB
	2 CLUB
	1 SPADE
Deck 3:
	8 SPADE
	14 CLUB
	11 CLUB
	14 HEART
	4 SPADE
Deck 4:
	5 CLUB
	13 DIAMOND
Deck 5:
	13 SPADE
	6 SPADE
	6 DIAMOND
	1 HEART
	8 SPADE
Deck 6:
	6 CLUB
	6 CLUB
	3 CLUB
	12 SPADE
	9 CLUB
	9 CLUB
	12 DIAMOND
The length of deck 0 is 9.
The cards were successfully added to deck 1.
Deck 1:
	6 DIAMOND
	5 HEART
	3 HEART
	13 DIAMOND
	5 DIAMOND
	11 HEART
	5 DIAMOND
Invalid command. Please try again.
Deck 1:
	6 DIAMOND
	5 HEART
	3 HEART
	13 DIAMOND
	5 DIAMOND
	11 HEART
	5 DIAMOND
The deck 4 was successfully deleted.
The deck was successfully created with 7 cards.
The deck was successfully created with 3 cards.
The provided index is out of bounds for the deck list.
Deck 0:
	8 CLUB
	8 SPADE
	5 SPADE
	9 SPADE
	14 SPADE
	6 SPADE
	4 SPADE
	11 SPADE
	14 SPADE
Deck 1:
	6 DIAMOND
	5 HEART
	3 HEART
	13 DIAMOND
	5 DIAMOND
	11 HEART
	5 DIAMOND
Deck 2:
	12 DIAMOND
	3 SPADE
	1 SPADE
	1 CLUB
	8 SPADE
	11 CLUB
	2 CLUB
	1 SPADE
Deck 3:
	8 SPADE
	14 CLUB
	11 CLUB
	14 HEART
	4 SPADE
Deck 4:
	13 SPADE
	6 SPADE
	6 DIAMOND
	1 HEART
	8 SPADE
Deck 5:
	6 CLUB
	6 CLUB
	3 CLUB
	12 SPADE
	9 CLUB
	9 CLUB
	12 DIAMOND
Deck 6:
	14 DIAMOND
	7 DIAMOND
	7 DIAMOND
	13 SPADE
	9 DIAMOND
	9 DIAMOND
	2 DIAMOND
Deck 7:
	14 HEART
	6 HEART
	2 DIAMOND
The length of deck 6 is 7.
Deck 0:
	8 CLUB
	8 SPADE
	5 SPADE
	9 SPADE
	14 SPADE
	6 SPADE
	4 SPADE
	11 SPADE
	14 SPADE
Deck 1:
	6 DIAMOND
	5 HEART
	3 HEART
	13 DIAMOND
	5 DIAMOND
	11 HEART
	5 DIAMOND
Deck 2:
	12 DIAMOND
	3 SPADE
	1 SPADE
	1 CLUB
	8 SPADE
	11 CLUB
	2 CLUB
	1 SPADE
Deck 3:
	8 SPADE
	14 CLUB
	11 CLUB
	14 HEART
	4 SPADE
Deck 4:
	13 SPADE
	6 SPADE
	6 DIAMOND
	1 HEART
	8 SPADE
Deck 5:
	6 CLUB
	6 CLUB
	3 CLUB
	12 SPADE
	9 CLUB
	9 CLUB
	12 DIAMOND
Deck 6:
	14 DIAMOND
	7 DIAMOND
	7 DIAMOND
	13 SPADE
	9 DIAMOND
	9 DIAMOND
	2 DIAMOND
Deck 7:
	14 HEART
	6 HEART
	2 DIAMOND
The deck was successfully created with 5 cards.
Deck 0:
	8 CLUB
	8 SPADE
	5 SPADE
	9 SPADE
	14 SPADE
	6 SPADE
	4 SPADE
	11 SPADE
	14 SPADE
Deck 1:
	6 DIAMOND
	5 HEART
	3 HEART
	13 DIAMOND
	5 DIAMOND
	11 HEART
	5 DIAMOND
Deck 2:
	12 DIAMOND
	3 SPADE
	1 SPADE
	1 CLUB
	8 SPADE
	11 CLUB
	2 CLUB
	1 SPADE
Deck 3:
	8 SPADE
	14 CLUB
	11 CLUB
	14 HEART
	4 SPADE
Deck 4:
	13 SPADE
	6 SPADE
	6 DIAMOND
	1 HEART
	8 SPADE
Deck 5:
	6 CLUB
	6 CLUB
	3 CLUB
	12 SPADE
	9 CLUB
	9 CLUB
	12 DIAMOND
Deck 6:
	14 DIAMOND
	7 DIAMOND
	7 DIAMOND
	13 SPADE
	9 DIAMOND
	9 DIAMOND
	2 DIAMOND
Deck 7:
	14 HEART
	6 HEART
	2 DIAMOND
Deck 8:
	4 HEART
	2 HEART
	7 DIAMOND
	7 DIAMOND
	6 CLUB
The deck was successfully created with 4 cards.
The length of deck 8 is 5.
The number of decks is 10.
Deck 0:
	8 CLUB
	8 SPADE
	5 SPADE
	9 SPADE
	14 SPADE
	6 SPADE
	4 SPADE
	11 SPADE
	14 SPADE
Deck 1:
	6 DIAMOND
	5 HEART
	3 HEART
	13 DIAMOND
	5 DIAMOND
	11 HEART
	5 DIAMOND
Deck 2:
	12 DIAMOND
	3 SPADE
	1 SPADE
	1 CLUB
	8 SPADE
	11 CLUB
	2 CLUB
	1 SPADE
Deck 3:
	8 SPADE
	14 CLUB
	11 CLUB
	14 HEART
	4 SPADE
Deck 4:
	13 SPADE
	6 SPADE
	6 DIAMOND
	1 HEART
	8 SPADE
Deck 5:
	6 CLUB
	6 CLUB
	3 CLUB
	12 SPADE
	9 CLUB
	9 CLUB
	12 DIAMOND
Deck 6:
	14 DIAMOND
	7 DIAMOND
	7 DIAMOND
	13 SPADE
	9 DIAMOND
	9 DIAMOND
	2 DIAMOND
Deck 7:
	14 HEART
	6 HEART
	2 DIAMOND
Deck 8:
	4 HEART
	2 HEART
	7 DIAMOND
	7 DIAMOND
	6 CLUB
Deck 9:
	6 HEART
	3 SPADE
	4 CLUB
	14 SPADE
The number of decks is 10.
Deck 3:
	8 SPADE
	14 CLUB
	11 CLUB
	14 HEART
	4 SPADE
The provided index is out of bounds for the deck list.
Invalid command. Please try again.
The provided index is out of bounds for the deck list.
The deck was successfully created with 2 cards.
Deck 7:
	14 HEART
	6 HEART
	2 DIAMOND
The number of decks is 11.
Deck 1:
	6 DIAMOND
	5 HEART
	3 HEART
	13 DIAMOND
	5 DIAMOND
	11 HEART
	5 DIAMOND
The length of deck 4 is 5.
Deck 0:
	8 CLUB
	8 SPADE
	5 SPADE
	9 SPADE
	14 SPADE
	6 SPADE
	4 SPADE
	11 SPADE
	14 SPADE
Deck 1:
	6 DIAMOND
	5 HEART
	3 HEART
	13 DIAMOND
	5 DIAMOND
	11 HEART
	5 DIAMOND
Deck 2:
	12 DIAMOND
	3 SPADE
	1 SPADE
	1 CLUB
	8 SPADE
	11 CLUB
	2 CLUB
	1 SPADE
Deck 3:
	8 SPADE
	14 CLUB
	11 CLUB
	14 HEART
	4 SPADE
Deck 4:
	13 SPADE
	6 SPADE
	6 DIAMOND
	1 HEART
	8 SPADE
Deck 5:
	6 CLUB
	6 CLUB
	3 CLUB
	12 SPADE
	9 CLUB
	9 CLUB
	12 DIAMOND
Deck 6:
	14 DIAMOND
	7 DIAMOND
	7 DIAMOND
	13 SPADE
	9 DIAMOND
	9 DIAMOND
	2 DIAMOND
Deck 7:
	14 HEART
	6 HEART
	2 DIAMOND
Deck 8:
	4 HEART
	2 HEART
	7 DIAMOND
	7 DIAMOND
	6 CLUB
Deck 9:
	6 HEART
	3 SPADE
	4 CLUB
	14 SPADE
Deck 10:
	4 HEART
	8 CLUB
The deck was successfully created with 8 cards.
The deck 1 was successfully deleted.
Deck 0:
	8 CLUB
	8 SPADE
	5 SPADE
	9 SPADE
	14 SPADE
	6 SPADE
	4 SPADE
	11 SPADE
	14 SPADE
Deck 1:
	12 DIAMOND
	3 SPADE
	1 SPADE
	1 CLUB
	8 SPADE
	11 CLUB
	2 CLUB
	1 SPADE
Deck 2:
	8 SPADE
	14 CLUB
	11 CLUB
	14 HEART
	4 SPADE
Deck 3:
	13 SPADE
	6 SPADE
	6 DIAMOND
	1 HEART
	8 SPADE
Deck 4:
	6 CLUB
	6 CLUB
	3 CLUB
	12 SPADE
	9 CLUB
	9 CLUB
	12 DIAMOND
Deck 5:
	14 DIAMOND
	7 DIAMOND
	7 DIAMOND
	13 SPADE
	9 DIAMOND
	9 DIAMOND
	2 DIAMOND
Deck 6:
	14 HEART
	6 HEART
	2 DIAMOND
Deck 7:
	4 HEART
	2 HEART
	7 DIAMOND
	7 DIAMOND
	6 CLUB
Deck 8:
	6 HEART
	3 SPADE
	4 CLUB
	14 SPADE
Deck 9:
	4 HEART
	8 CLUB
Deck 10:
	6 HEART
	2 DIAMOND
	5 CLUB
	1 DIAMOND
	7 DIAMOND
	14 HEART
	14 HEART
	7 HEART
The provided card is not a valid one.
The deck was successfully created with 3 cards.
The number of decks is 12.
The deck 7 was successfully deleted.
Deck 0:
	8 CLUB
	8 SPADE
	5 SPADE
	9 SPADE
	14 SPADE
	6 SPADE
	4 SPADE
	11 SPADE
	14 SPADE
Deck 1:
	12 DIAMOND
	3 SPADE
	1 SPADE
	1 CLUB
	8 SPADE
	11 CLUB
	2 CLUB
	1 SPADE
Deck 2:
	8 SPADE
	14 CLUB
	11 CLUB
	14 HEART
	4 SPADE
Deck 3:
	13 SPADE
	6 SPADE
	6 DIAMOND
	1 HEART
	8 SPADE
Deck 4:
	6 CLUB
	6 CLUB
	3 CLUB
	12 SPADE
	9 CLUB
	9 CLUB
	12 DIAMOND
Deck 5:
	14 DIAMOND
	7 DIAMOND
	7 DIAMOND
	13 SPADE
	9 DIAMOND
	9 DIAMOND
	2 DIAMOND
Deck 6:
	14 HEART
	6 HEART
	2 DIAMOND
Deck 7:
	6 HEART
	3 SPADE
	4 CLUB
	14 SPADE
Deck 8:
	4 HEART
	8 CLUB
Deck 9:
	6 HEART
	2 DIAMOND
	5 CLUB
	1 DIAMOND
	7 DIAMOND
	14 HEART
	14 HEART
	7 HEART
Deck 10:
	13 HEART
	3 HEART
	13 DIAMOND
The card was successfully deleted from deck 3.
The deck 5 was successfully deleted.
The deck was successfully created with 6 cards.
Deck 3:
	6 SPADE
	6 DIAMOND
	1 HEART
	8 SPADE
The card was successfully deleted from deck 8.
The number of decks is 11.
The provided index is out of bounds for the deck list.
Deck 8:
	6 HEART
	5 CLUB
	1 DIAMOND
	7 DIAMOND
	14 HEART
	14 HEART
	7 HEART
The length of deck 3 is 4.
The number of decks is 11.
The provided card is not a valid one.
The deck was successfully created with 8 cards.
Deck 0:
	8 CLUB
	8 SPADE
	5 SPADE
	9 SPADE
	14 SPADE
	6 SPADE
	4 SPADE
	11 SPADE
	14 SPADE
Deck 1:
	12 DIAMOND
	3 SPADE
	1 SPADE
	1 CLUB
	8 SPADE
	11 CLUB
	2 CLUB
	1 SPADE
Deck 2:
	8 SPADE
	14 CLUB
	11 CLUB
	14 HEART
	4 SPADE
Deck 3:
	6 SPADE
	6 DIAMOND
	1 HEART
	8 SPADE
Deck 4:
	6 CLUB
	6 CLUB
	3 CLUB
	12 SPADE
	9 CLUB
	9 CLUB
	12 DIAMOND
Deck 5:
	14 HEART
	6 HEART
	2 DIAMOND
Deck 6:
	6 HEART
	3 SPADE
	4 CLUB
	14 SPADE
Deck 7:
	4 HEART
	8 CLUB
Deck 8:
	6 HEART
	5 CLUB
	1 DIAMOND
	7 DIAMOND
	14 HEART
	14 HEART
	7 HEART
Deck 9:
	13 HEART
	3 HEART
	13 DIAMOND
Deck 10:
	10 HEART
	2 DIAMOND
	5 CLUB
	7 SPADE
	3 DIAMOND
	5 HEART
Deck 11:
	14 CLUB
	1 CLUB
	6 HEART
	9 DIAMOND
	2 DIAMOND
	3 CLUB
	10 HEART
	7 DIAMOND
The length of deck 8 is 7.
The provided index is out of bounds for the deck list.
Deck 0:
	8 CLUB
	8 SPADE
	5 SPADE
	9 SPADE
	14 SPADE
	6 SPADE
	4 SPADE
	11 SPADE
	14 SPADE
Deck 1:
	12 DIAMOND
	3 SPADE
	1 SPADE
	1 CLUB
	8 SPADE
	11 CLUB
	2 CLUB
	1 SPADE
Deck 2:
	8 SPADE
	14 CLUB
	11 CLUB
	14 HEART
	4 SPADE
Deck 3:
	6 SPADE
	6 DIAMOND
	1 HEART
	8 SPADE
Deck 4:
	6 CLUB
	6 CLUB
	3 CLUB
	12 SPADE
	9 CLUB
	9 CLUB
	12 DIAMOND
Deck 5:
	14 HEART
	6 HEART
	2 DIAMOND
Deck 6:
	6 HEART
	3 SPADE
	4 CLUB
	14 SPADE
Deck 7:
	4 HEART
	8 CLUB
Deck 8:
	6 HEART
	5 CLUB
	1 DIAMOND
	7 DIAMOND
	14 HEART
	14 HEART
	7 HEART
Deck 9:
	13 HEART
	3 HEART
	13 DIAMOND
Deck 10:
	10 HEART
	2 DIAMOND
	5 CLUB
	7 SPADE
	3 DIAMOND
	5 HEART
Deck 11:
	14 CLUB
	1 CLUB
	6 HEART
	9 DIAMOND
	2 DIAMOND
	3 CLUB
	10 HEART
	7 DIAMOND
The number of decks is 12.
Deck 0:
	8 CLUB
	8 SPADE
	5 SPADE
	9 SPADE
	14 SPADE
	6 SPADE
	4 SPADE
	11 SPADE
	14 SPADE
Deck 1:
	12 DIAMOND
	3 SPADE
	1 SPADE
	1 CLUB
	8 SPADE
	11 CLUB
	2 CLUB
	1 SPADE
Deck 2:
	8 SPADE
	14 CLUB
	11 CLUB
	14 HEART
	4 SPADE
Deck 3:
	6 SPADE
	6 DIAMOND
	1 HEART
	8 SPADE
Deck 4:
	6 CLUB
	6 CLUB
	3 CLUB
	12 SPADE
	9 CLUB
	9 CLUB
	12 DIAMOND
Deck 5:
	14 HEART
	6 HEART
	2 DIAMOND
Deck 6:
	6 HEART
	3 SPADE
	4 CLUB
	14 SPADE
Deck 7:
	4 HEART
	8 CLUB
Deck 8:
	6 HEART
	5 CLUB
	1 DIAMOND
	7 DIAMOND
	14 HEART
	14 HEART
	7 HEART
Deck 9:
	13 HEART
	3 HEART
	13 DIAMOND
Deck 10:
	10 HEART
	2 DIAMOND
	5 CLUB
	7 SPADE
	3 DIAMOND
	5 HEART
Deck 11:
	14 CLUB
	1 CLUB
	6 HEART
	9 DIAMOND
	2 DIAMOND
	3 CLUB
	10 HEART
	7 DIAMOND
The provided index is out of bounds for deck 7.
The cards were successfully added to deck 10.
The provided card is not a valid one.
The deck was successfully created with 4 cards.
Deck 0:
	8 CLUB
	8 SPADE
	5 SPADE
	9 SPADE
	14 SPADE
	6 SPADE
	4 SPADE
	11 SPADE
	14 SPADE
Deck 1:
	12 DIAMOND
	3 SPADE
	1 SPADE
	1 CLUB
	8 SPADE
	11 CLUB
	2 CLUB
	1 SPADE
Deck 2:
	8 SPADE
	14 CLUB
	11 CLUB
	14 HEART
	4 SPADE
Deck 3:
	6 SPADE
	6 DIAMOND
	1 HEART
	8 SPADE
Deck 4:
	6 CLUB
	6 CLUB
	3 CLUB
	12 SPADE
	9 CLUB
	9 CLUB
	12 DIAMOND
Deck 5:
	14 HEART
	6 HEART
	2 DIAMOND
Deck 6:
	6 HEART
	3 SPADE
	4 CLUB
	14 SPADE
Deck 7:
	4 HEART
	8 CLUB
Deck 8:
	6 HEART
	5 CLUB
	1 DIAMOND
	7 DIAMOND
	14 HEART
	14 HEART
	7 HEART
Deck 9:
	13 HEART
	3 HEART
	13 DIAMOND
Deck 10:
	10 HEART
	2 DIAMOND
	5 CLUB
	7 SPADE
	3 DIAMOND
	5 HEART
	1 CLUB
Deck 11:
	14 CLUB
	1 CLUB
	6 HEART
	9 DIAMOND
	2 DIAMOND
	3 CLUB
	10 HEART
	7 DIAMOND
Deck 12:
	12 HEART
	11 DIAMOND
	10 CLUB
	2 CLUB
The number of decks is 13.
Deck 0:
	8 CLUB
	8 SPADE
	5 SPADE
	9 SPADE
	14 SPADE
	6 SPADE
	4 SPADE
	11 SPADE
	14 SPADE
Deck 1:
	12 DIAMOND
	3 SPADE
	1 SPADE
	1 CLUB
	8 SPADE
	11 CLUB
	2 CLUB
	1 SPADE
Deck 2:
	8 SPADE
	14 CLUB
	11 CLUB
	14 HEART
	4 SPADE
Deck 3:
	6 SPADE
	6 DIAMOND
	1 HEART
	8 SPADE
Deck 4:
	6 CLUB
	6 CLUB
	3 CLUB
	12 SPADE
	9 CLUB
	9 CLUB
	12 DIAMOND
Deck 5:
	14 HEART
	6 HEART
	2 DIAMOND
Deck 6:
	6 HEART
	3 SPADE
	4 CLUB
	14 SPADE
Deck 7:
	4 HEART
	8 CLUB
Deck 8:
	6 HEART
	5 CLUB
	1 DIAMOND
	7 DIAMOND
	14 HEART
	14 HEART
	7 HEART
Deck 9:
	13 HEART
	3 HEART
	13 DIAMOND
Deck 10:
	10 HEART
	2 DIAMOND
	5 CLUB
	7 SPADE
	3 DIAMOND
	5 HEART
	1 CLUB
Deck 11:
	14 CLUB
	1 CLUB
	6 HEART
	9 DIAMOND
	2 DIAMOND
	3 CLUB
	10 HEART
	7 DIAMOND
Deck 12:
	12 HEART
	11 DIAMOND
	10 CLUB
	2 CLUB
The provided card is not a valid one.
The provided card is not a valid one.
The deck was successfully created with 8 cards.
Deck 10:
	10 HEART
	2 DIAMOND
	5 CLUB
	7 SPADE
	3 DIAMOND
	5 HEART
	1 CLUB
The cards were successfully added to deck 6.
The cards were successfully added to deck 4.
The provided card is not a valid one.
The deck was successfully created with 6 cards.
Deck 0:
	8 CLUB
	8 SPADE
	5 SPADE
	9 SPADE
	14 SPADE
	6 SPADE
	4 SPADE
	11 SPADE
	14 SPADE
Deck 1:
	12 DIAMOND
	3 SPADE
	1 SPADE
	1 CLUB
	8 SPADE
	11 CLUB
	2 CLUB
	1 SPADE
Deck 2:
	8 SPADE
	14 CLUB
	11 CLUB
	14 HEART
	4 SPADE
Deck 3:
	6 SPADE
	6 DIAMOND
	1 HEART
	8 SPADE
Deck 4:
	6 CLUB
	6 CLUB
	3 CLUB
	12 SPADE
	9 CLUB
	9 CLUB
	12 DIAMOND
	12 CLUB
	5 SPADE
	1 CLUB
Deck 5:
	14 HEART
	6 HEART
	2 DIAMOND
Deck 6:
	6 HEART
	3 SPADE
	4 CLUB
	14 SPADE
	9 HEART
	6 CLUB
Deck 7:
	4 HEART
	8 CLUB
Deck 8:
	6 HEART
	5 CLUB
	1 DIAMOND
	7 DIAMOND
	14 HEART
	14 HEART
	7 HEART
Deck 9:
	13 HEART
	3 HEART
	13 DIAMOND
Deck 10:
	10 HEART
	2 DIAMOND
	5 CLUB
	7 SPADE
	3 DIAMOND
	5 HEART
	1 CLUB
Deck 11:
	14 CLUB
	1 CLUB
	6 HEART
	9 DIAMOND
	2 DIAMOND
	3 CLUB
	10 HEART
	7 DIAMOND
Deck 12:
	12 HEART
	11 DIAMOND
	10 CLUB
	2 CLUB
Deck 13:
	1 CLUB
	12 HEART
	5 CLUB
	11 SPADE
	1 CLUB
	10 HEART
	2 CLUB
	1 CLUB
Deck 14:
	10 DIAMOND
	4 HEART
	4 DIAMOND
	6 CLUB
	10 CLUB
	11 DIAMOND
The length of deck 2 is 5.
Deck 0:
	8 CLUB
	8 SPADE
	5 SPADE
	9 SPADE
	14 SPADE
	6 SPADE
	4 SPADE
	11 SPADE
	14 SPADE
Deck 1:
	12 DIAMOND
	3 SPADE
	1 SPADE
	1 CLUB
	8 SPADE
	11 CLUB
	2 CLUB
	1 SPADE
Deck 2:
	8 SPADE
	14 CLUB
	11 CLUB
	14 HEART
	4 SPADE
Deck 3:
	6 SPADE
	6 DIAMOND
	1 HEART
	8 SPADE
Deck 4:
	6 CLUB
	6 CLUB
	3 CLUB
	12 SPADE
	9 CLUB
	9 CLUB
	12 DIAMOND
	12 CLUB
	5 SPADE
	1 CLUB
Deck 5:
	14 HEART
	6 HEART
	2 DIAMOND
Deck 6:
	6 HEART
	3 SPADE
	4 CLUB
	14 SPADE
	9 HEART
	6 CLUB
Deck 7:
	4 HEART
	8 CLUB
Deck 8:
	6 HEART
	5 CLUB
	1 DIAMOND
	7 DIAMOND
	14 HEART
	14 HEART
	7 HEART
Deck 9:
	13 HEART
	3 HEART
	13 DIAMOND
Deck 10:
	10 HEART
	2 DIAMOND
	5 CLUB
	7 SPADE
	3 DIAMOND
	5 HEART
	1 CLUB
Deck 11:
	14 CLUB
	1 CLUB
	6 HEART
	9 DIAMOND
	2 DIAMOND
	3 CLUB
	10 HEART
	7 DIAMOND
Deck 12:
	12 HEART
	11 DIAMOND
	10 CLUB
	2 CLUB
Deck 13:
	1 CLUB
	12 HEART
	5 CLUB
	11 SPADE
	1 CLUB
	10 HEART
	2 CLUB
	1 CLUB
Deck 14:
	10 DIAMOND
	4 HEART
	4 DIAMOND
	6 CLUB
	10 CLUB
	11 DIAMOND
The number of decks is 15.
Deck 0:
	8 CLUB
	8 SPADE
	5 SPADE
	9 SPADE
	14 SPADE
	6 SPADE
	4 SPADE
	11 SPADE
	14 SPADE
Deck 1:
	12 DIAMOND
	3 SPADE
	1 SPADE
	1 CLUB
	8 SPADE
	11 CLUB
	2 CLUB
	1 SPADE
Deck 2:
	8 SPADE
	14 CLUB
	11 CLUB
	14 HEART
	4 SPADE
Deck 3:
	6 SPADE
	6 DIAMOND
	1 HEART
	8 SPADE
Deck 4:
	6 CLUB
	6 CLUB
	3 CLUB
	12 SPADE
	9 CLUB
	9 CLUB
	12 DIAMOND
	12 CLUB
	5 SPADE
	1 CLUB
Deck 5:
	14 HEART
	6 HEART
	2 DIAMOND
Deck 6:
	6 HEART
	3 SPADE
	4 CLUB
	14 SPADE
	9 HEART
	6 CLUB
Deck 7:
	4 HEART
	8 CLUB
Deck 8:
	6 HEART
	5 CLUB
	1 DIAMOND
	7 DIAMOND
	14 HEART
	14 HEART
	7 HEART
Deck 9:
	13 HEART
	3 HEART
	13 DIAMOND
Deck 10:
	10 HEART
	2 DIAMOND
	5 CLUB
	7 SPADE
	3 DIAMOND
	5 HEART
	1 CLUB
Deck 11:
	14 CLUB
	1 CLUB
	6 HEART
	9 DIAMOND
	2 DIAMOND
	3 CLUB
	10 HEART
	7 DIAMOND
Deck 12:
	12 HEART
	11 DIAMOND
	10 CLUB
	2 CLUB
Deck 13:
	1 CLUB
	12 HEART
	5 CLUB
	11 SPADE
	1 CLUB
	10 HEART
	2 CLUB
	1 CLUB
Deck 14:
	10 DIAMOND
	4 HEART
	4 DIAMOND
	6 CLUB
	10 CLUB
	11 DIAMOND
The deck 3 was successfully deleted.
The provided index is out of bounds for the deck list.
The deck 4 was successfully deleted.
The provided index is out of bounds for the deck list.
The number of decks is 13.
The deck 4 was successfully deleted.
The length of deck 6 is 3.
The card was successfully deleted from deck 9.
The cards were successfully added to deck 5.
The length of deck 10 is 8.
The provided card is not a valid one.
The cards were successfully added to deck 2.
Deck 0:
	8 CLUB
	8 SPADE
	5 SPADE
	9 SPADE
	14 SPADE
	6 SPADE
	4 SPADE
	11 SPADE
	14 SPADE
Deck 1:
	12 DIAMOND
	3 SPADE
	1 SPADE
	1 CLUB
	8 SPADE
	11 CLUB
	2 CLUB
	1 SPADE
Deck 2:
	8 SPADE
	14 CLUB
	11 CLUB
	14 HEART
	4 SPADE
	12 DIAMOND
	4 SPADE
	4 HEART
Deck 3:
	6 CLUB
	6 CLUB
	3 CLUB
	12 SPADE
	9 CLUB
	9 CLUB
	12 DIAMOND
	12 CLUB
	5 SPADE
	1 CLUB
Deck 4:
	4 HEART
	8 CLUB
Deck 5:
	6 HEART
	5 CLUB
	1 DIAMOND
	7 DIAMOND
	14 HEART
	14 HEART
	7 HEART
	8 DIAMOND
	10 HEART
	4 DIAMOND
	3 DIAMOND
Deck 6:
	13 HEART
	3 HEART
	13 DIAMOND
Deck 7:
	10 HEART
	2 DIAMOND
	5 CLUB
	7 SPADE
	3 DIAMOND
	5 HEART
	1 CLUB
Deck 8:
	14 CLUB
	1 CLUB
	6 HEART
	9 DIAMOND
	2 DIAMOND
	3 CLUB
	10 HEART
	7 DIAMOND
Deck 9:
	12 HEART
	11 DIAMOND
	10 CLUB
Deck 10:
	1 CLUB
	12 HEART
	5 CLUB
	11 SPADE
	1 CLUB
	10 HEART
	2 CLUB
	1 CLUB
Deck 11:
	10 DIAMOND
	4 HEART
	4 DIAMOND
	6 CLUB
	10 CLUB
	11 DIAMOND
The deck 8 was successfully deleted.
Deck 7:
	10 HEART
	2 DIAMOND
	5 CLUB
	7 SPADE
	3 DIAMOND
	5 HEART
	1 CLUB
The number of decks is 11.
The length of deck 1 is 8.
Deck 0:
	8 CLUB
	8 SPADE
	5 SPADE
	9 SPADE
	14 SPADE
	6 SPADE
	4 SPADE
	11 SPADE
	14 SPADE
Deck 1:
	12 DIAMOND
	3 SPADE
	1 SPADE
	1 CLUB
	8 SPADE
	11 CLUB
	2 CLUB
	1 SPADE
Deck 2:
	8 SPADE
	14 CLUB
	11 CLUB
	14 HEART
	4 SPADE
	12 DIAMOND
	4 SPADE
	4 HEART
Deck 3:
	6 CLUB
	6 CLUB
	3 CLUB
	12 SPADE
	9 CLUB
	9 CLUB
	12 DIAMOND
	12 CLUB
	5 SPADE
	1 CLUB
Deck 4:
	4 HEART
	8 CLUB
Deck 5:
	6 HEART
	5 CLUB
	1 DIAMOND
	7 DIAMOND
	14 HEART
	14 HEART
	7 HEART
	8 DIAMOND
	10 HEART
	4 DIAMOND
	3 DIAMOND
Deck 6:
	13 HEART
	3 HEART
	13 DIAMOND
Deck 7:
	10 HEART
	2 DIAMOND
	5 CLUB
	7 SPADE
	3 DIAMOND
	5 HEART
	1 CLUB
Deck 8:
	12 HEART
	11 DIAMOND
	10 CLUB
Deck 9:
	1 CLUB
	12 HEART
	5 CLUB
	11 SPADE
	1 CLUB
	10 HEART
	2 CLUB
	1 CLUB
Deck 10:
	10 DIAMOND
	4 HEART
	4 DIAMOND
	6 CLUB
	10 CLUB
	11 DIAMOND
The cards were successfully added to deck 8.
The deck was successfully created with 6 cards.
Deck 0:
	8 CLUB
	8 SPADE
	5 SPADE
	9 SPADE
	14 SPADE
	6 SPADE
	4 SPADE
	11 SPADE
	14 SPADE
Deck 1:
	12 DIAMOND
	3 SPADE
	1 SPADE
	1 CLUB
	8 SPADE
	11 CLUB
	2 CLUB
	1 SPADE
Deck 2:
	8 SPADE
	14 CLUB
	11 CLUB
	14 HEART
	4 SPADE
	12 DIAMOND
	4 SPADE
	4 HEART
Deck 3:
	6 CLUB
	6 CLUB
	3 CLUB
	12 SPADE
	9 CLUB
	9 CLUB
	12 DIAMOND
	12 CLUB
	5 SPADE
	1 CLUB
Deck 4:
	4 HEART
	8 CLUB
Deck 5:
	6 HEART
	5 CLUB
	1 DIAMOND
	7 DIAMOND
	14 HEART
	14 HEART
	7 HEART
	8 DIAMOND
	10 HEART
	4 DIAMOND
	3 DIAMOND
Deck 6:
	13 HEART
	3 HEART
	13 DIAMOND
Deck 7:
	10 HEART
	2 DIAMOND
	5 CLUB
	7 SPADE
	3 DIAMOND
	5 HEART
	1 CLUB
Deck 8:
	12 HEART
	11 DIAMOND
	10 CLUB
	5 HEART
Deck 9:
	1 CLUB
	12 HEART
	5 CLUB
	11 SPADE
	1 CLUB
	10 HEART
	2 CLUB
	1 CLUB
Deck 10:
	10 DIAMOND
	4 HEART
	4 DIAMOND
	6 CLUB
	10 CLUB
	11 DIAMOND
Deck 11:
	9 SPADE
	11 HEART
	1 DIAMOND
	6 CLUB
	9 DIAMOND
	3 SPADE
