The deck was successfully created with 2 cards.
The deck was successfully created with 2 cards.
The deck was successfully created with 2 cards.
The number of decks is 3.
The deck 0 was successfully reversed.
The deck 2 was successfully deleted.
The deck was successfully created with 6 cards.
Deck 0:
	12 DIAMOND
	8 DIAMOND
The deck 1 was successfully reversed.
The cards were successfully added to deck 2.
The cards were successfully added to deck 2.
Deck 0:
	12 DIAMOND
	8 DIAMOND
The deck 1 was successfully reversed.
The deck 1 was successfully reversed.
Deck 0:
	12 DIAMOND
	8 DIAMOND
Deck 1:
	14 SPADE
	4 DIAMOND
Deck 2:
	3 SPADE
	13 HEART
	9 DIAMOND
	5 SPADE
	7 CLUB
	1 HEART
	14 DIAMOND
	14 CLUB
	5 CLUB
	11 CLUB
	14 HEART
The deck 0 was successfully reversed.
The deck 1 was successfully deleted.
The deck was successfully created with 4 cards.
Deck 0:
	8 DIAMOND
	12 DIAMOND
The deck was successfully created with 3 cards.
The deck 0 was successfully reversed.
Deck 0:
	12 DIAMOND
	8 DIAMOND
Deck 1:
	3 SPADE
	13 HEART
	9 DIAMOND
	5 SPADE
	7 CLUB
	1 HEART
	14 DIAMOND
	14 CLUB
	5 CLUB
	11 CLUB
	14 HEART
Deck 2:
	5 CLUB
	13 CLUB
	5 CLUB
	11 HEART
Deck 3:
	8 DIAMOND
	8 HEART
	14 DIAMOND
The deck 2 was successfully reversed.
The length of deck 3 is 3.
The card was successfully deleted from deck 3.
The deck 3 was successfully reversed.
Deck 2:
	11 HEART
	5 CLUB
	13 CLUB
	5 CLUB
The number of decks is 4.
Deck 0:
	12 DIAMOND
	8 DIAMOND
The card was successfully deleted from deck 3.
The number of decks is 4.
The deck was successfully created with 7 cards.
Deck 3:
	14 DIAMOND
The length of deck 2 is 4.
The deck 0 was successfully reversed.
Deck 0:
	8 DIAMOND
	12 DIAMOND
Deck 1:
	3 SPADE
	13 HEART
	9 DIAMOND
	5 SPADE
	7 CLUB
	1 HEART
	14 DIAMOND
	14 CLUB
	5 CLUB
	11 CLUB
	14 HEART
Deck 2:
	11 HEART
	5 CLUB
	13 CLUB
	5 CLUB
Deck 3:
	14 DIAMOND
Deck 4:
	11 SPADE
	5 DIAMOND
	3 DIAMOND
	4 SPADE
	8 DIAMOND
	3 CLUB
	13 SPADE
The deck 0 was successfully reversed.
Deck 0:
	12 DIAMOND
	8 DIAMOND
Deck 1:
	3 SPADE
	13 HEART
	9 DIAMOND
	5 SPADE
	7 CLUB
	1 HEART
	14 DIAMOND
	14 CLUB
	5 CLUB
	11 CLUB
	14 HEART
Deck 2:
	11 HEART
	5 CLUB
	13 CLUB
	5 CLUB
Deck 3:
	14 DIAMOND
Deck 4:
	11 SPADE
	5 DIAMOND
	3 DIAMOND
	4 SPADE
	8 DIAMOND
	3 CLUB
	13 SPADE
The number of decks is 5.
The cards were successfully added to deck 3.
The deck 2 was successfully reversed.
Deck 0:
	12 DIAMOND
	8 DIAMOND
Deck 1:
	3 SPADE
	13 HEART
	9 DIAMOND
	5 SPADE
	7 CLUB
	1 HEART
	14 DIAMOND
	14 CLUB
	5 CLUB
	11 CLUB
	14 HEART
Deck 2:
	5 CLUB
	13 CLUB
	5 CLUB
	11 HEART
Deck 3:
	14 DIAMOND
	4 DIAMOND
	12 SPADE
	7 SPADE
	8 SPADE
Deck 4:
	11 SPADE
	5 DIAMOND
	3 DIAMOND
	4 SPADE
	8 DIAMOND
	3 CLUB
	13 SPADE
The deck 4 was successfully reversed.
Deck 1:
	3 SPADE
	13 HEART
	9 DIAMOND
	5 SPADE
	7 CLUB
	1 HEART
	14 DIAMOND
	14 CLUB
	5 CLUB
	11 CLUB
	14 HEART
The deck 1 was successfully reversed.
The deck 2 was successfully reversed.
The deck 4 was successfully reversed.
Deck 2:
	11 HEART
	5 CLUB
	13 CLUB
	5 CLUB
The deck 1 was successfully reversed.
Deck 0:
	12 DIAMOND
	8 DIAMOND
Deck 1:
	3 SPADE
	13 HEART
	9 DIAMOND
	5 SPADE
	7 CLUB
	1 HEART
	14 DIAMOND
	14 CLUB
	5 CLUB
	11 CLUB
	14 HEART
Deck 2:
	11 HEART
	5 CLUB
	13 CLUB
	5 CLUB
Deck 3:
	14 DIAMOND
	4 DIAMOND
	12 SPADE
	7 SPADE
	8 SPADE
Deck 4:
	11 SPADE
	5 DIAMOND
	3 DIAMOND
	4 SPADE
	8 DIAMOND
	3 CLUB
	13 SPADE
The deck 4 was successfully deleted.
Deck 0:
	12 DIAMOND
	8 DIAMOND
Deck 1:
	3 SPADE
	13 HEART
	9 DIAMOND
	5 SPADE
	7 CLUB
	1 HEART
	14 DIAMOND
	14 CLUB
	5 CLUB
	11 CLUB
	14 HEART
Deck 2:
	11 HEART
	5 CLUB
	13 CLUB
	5 CLUB
Deck 3:
	14 DIAMOND
	4 DIAMOND
	12 SPADE
	7 SPADE
	8 SPADE
The deck 1 was successfully reversed.
Deck 1:
	14 HEART
	11 CLUB
	5 CLUB
	14 CLUB
	14 DIAMOND
	1 HEART
	7 CLUB
	5 SPADE
	9 DIAMOND
	13 HEART
	3 SPADE
The deck 2 was successfully reversed.
The deck 2 was successfully reversed.
Deck 2:
	11 HEART
	5 CLUB
	13 CLUB
	5 CLUB
The deck was successfully created with 3 cards.
The deck 3 was successfully reversed.
The deck 4 was successfully reversed.
Deck 4:
	8 CLUB
	7 HEART
	8 HEART
The cards were successfully added to deck 3.
Deck 2:
	11 HEART
	5 CLUB
	13 CLUB
	5 CLUB
The card was successfully deleted from deck 0.
Deck 0:
	8 DIAMOND
Deck 1:
	14 HEART
	11 CLUB
	5 CLUB
	14 CLUB
	14 DIAMOND
	1 HEART
	7 CLUB
	5 SPADE
	9 DIAMOND
	13 HEART
	3 SPADE
Deck 2:
	11 HEART
	5 CLUB
	13 CLUB
	5 CLUB
Deck 3:
	8 SPADE
	7 SPADE
	12 SPADE
	4 DIAMOND
	14 DIAMOND
	10 HEART
	1 HEART
	12 DIAMOND
	1 CLUB
Deck 4:
	8 CLUB
	7 HEART
	8 HEART
The deck 2 was successfully reversed.
The deck 1 was successfully reversed.
The deck was successfully created with 6 cards.
Deck 0:
	8 DIAMOND
Deck 1:
	3 SPADE
	13 HEART
	9 DIAMOND
	5 SPADE
	7 CLUB
	1 HEART
	14 DIAMOND
	14 CLUB
	5 CLUB
	11 CLUB
	14 HEART
Deck 2:
	5 CLUB
	13 CLUB
	5 CLUB
	11 HEART
Deck 3:
	8 SPADE
	7 SPADE
	12 SPADE
	4 DIAMOND
	14 DIAMOND
	10 HEART
	1 HEART
	12 DIAMOND
	1 CLUB
Deck 4:
	8 CLUB
	7 HEART
	8 HEART
Deck 5:
	11 SPADE
	6 SPADE
	9 HEART
	3 DIAMOND
	12 CLUB
	8 CLUB
The deck 4 was successfully reversed.
Deck 0:
	8 DIAMOND
Deck 1:
	3 SPADE
	13 HEART
	9 DIAMOND
	5 SPADE
	7 CLUB
	1 HEART
	14 DIAMOND
	14 CLUB
	5 CLUB
	11 CLUB
	14 HEART
Deck 2:
	5 CLUB
	13 CLUB
	5 CLUB
	11 HEART
Deck 3:
	8 SPADE
	7 SPADE
	12 SPADE
	4 DIAMOND
	14 DIAMOND
	10 HEART
	1 HEART
	12 DIAMOND
	1 CLUB
Deck 4:
	8 HEART
	7 HEART
	8 CLUB
Deck 5:
	11 SPADE
	6 SPADE
	9 HEART
	3 DIAMOND
	12 CLUB
	8 CLUB
The length of deck 1 is 11.
Deck 5:
	11 SPADE
	6 SPADE
	9 HEART
	3 DIAMOND
	12 CLUB
	8 CLUB
The deck 5 was successfully reversed.
Deck 1:
	3 SPADE
	13 HEART
	9 DIAMOND
	5 SPADE
	7 CLUB
	1 HEART
	14 DIAMOND
	14 CLUB
	5 CLUB
	11 CLUB
	14 HEART
The length of deck 2 is 4.
The card was successfully deleted from deck 1.
The cards were successfully added to deck 1.
The deck 4 was successfully reversed.
Deck 0:
	8 DIAMOND
The deck 4 was successfully reversed.
Deck 0:
	8 DIAMOND
Deck 1:
	3 SPADE
	13 HEART
	9 DIAMOND
	5 SPADE
	7 CLUB
	1 HEART
	14 DIAMOND
	5 CLUB
	11 CLUB
	14 HEART
	12 CLUB
	1 CLUB
	1 CLUB
Deck 2:
	5 CLUB
	13 CLUB
	5 CLUB
	11 HEART
Deck 3:
	8 SPADE
	7 SPADE
	12 SPADE
	4 DIAMOND
	14 DIAMOND
	10 HEART
	1 HEART
	12 DIAMOND
	1 CLUB
Deck 4:
	8 HEART
	7 HEART
	8 CLUB
Deck 5:
	8 CLUB
	12 CLUB
	3 DIAMOND
	9 HEART
	6 SPADE
	11 SPADE
The deck 2 was successfully deleted.
Deck 0:
	8 DIAMOND
Deck 1:
	3 SPADE
	13 HEART
	9 DIAMOND
	5 SPADE
	7 CLUB
	1 HEART
	14 DIAMOND
	5 CLUB
	11 CLUB
	14 HEART
	12 CLUB
	1 CLUB
	1 CLUB
Deck 2:
	8 SPADE
	7 SPADE
	12 SPADE
	4 DIAMOND
	14 DIAMOND
	10 HEART
	1 HEART
	12 DIAMOND
	1 CLUB
Deck 3:
	8 HEART
	7 HEART
	8 CLUB
Deck 4:
	8 CLUB
	12 CLUB
	3 DIAMOND
	9 HEART
	6 SPADE
	11 SPADE
The deck 3 was successfully reversed.
Deck 0:
	8 DIAMOND
Deck 1:
	3 SPADE
	13 HEART
	9 DIAMOND
	5 SPADE
	7 CLUB
	1 HEART
	14 DIAMOND
	5 CLUB
	11 CLUB
	14 HEART
	12 CLUB
	1 CLUB
	1 CLUB
Deck 2:
	8 SPADE
	7 SPADE
	12 SPADE
	4 DIAMOND
	14 DIAMOND
	10 HEART
	1 HEART
	12 DIAMOND
	1 CLUB
Deck 3:
	8 CLUB
	7 HEART
	8 HEART
Deck 4:
	8 CLUB
	12 CLUB
	3 DIAMOND
	9 HEART
	6 SPADE
	11 SPADE
