The deck was successfully created with 5 cards.
The deck was successfully created with 2 cards.
The deck was successfully created with 3 cards.
Deck 0:
	13 SPADE
	11 DIAMOND
	4 SPADE
	14 SPADE
	3 SPADE
Deck 1:
	12 DIAMOND
	12 HEART
Deck 2:
	7 CLUB
	1 HEART
	13 DIAMOND
The deck 2 was successfully deleted.
The deck was successfully created with 4 cards.
Deck 0:
	13 SPADE
	11 DIAMOND
	4 SPADE
	14 SPADE
	3 SPADE
Deck 1:
	12 DIAMOND
	12 HEART
Deck 2:
	14 HEART
	13 SPADE
	3 DIAMOND
	3 DIAMOND
The deck was successfully created with 4 cards.
Deck 0:
	13 SPADE
	11 DIAMOND
	4 SPADE
	14 SPADE
	3 SPADE
Deck 1:
	12 DIAMOND
	12 HEART
Deck 2:
	14 HEART
	13 SPADE
	3 DIAMOND
	3 DIAMOND
Deck 3:
	6 CLUB
	8 CLUB
	4 DIAMOND
	10 HEART
The deck 1 was successfully deleted.
