The deck was successfully created with 8 cards.
The deck was successfully created with 2 cards.
The deck was successfully created with 7 cards.
The number of decks is 3.
Deck 0:
	2 HEART
	5 DIAMOND
	5 SPADE
	3 CLUB
	3 SPADE
	9 DIAMOND
	4 DIAMOND
	4 CLUB
Deck 1:
	1 CLUB
	5 DIAMOND
Deck 2:
	10 SPADE
	6 DIAMOND
	14 HEART
	11 DIAMOND
	13 SPADE
	13 DIAMOND
	10 SPADE
The deck was successfully created with 4 cards.
The deck 0 was successfully deleted.
Deck 1:
	10 SPADE
	6 DIAMOND
	14 HEART
	11 DIAMOND
	13 SPADE
	13 DIAMOND
	10 SPADE
The deck 0 was successfully reversed.
Deck 0:
	5 DIAMOND
	1 CLUB
Deck 1:
	10 SPADE
	6 DIAMOND
	14 HEART
	11 DIAMOND
	13 SPADE
	13 DIAMOND
	10 SPADE
Deck 2:
	5 CLUB
	3 CLUB
	10 SPADE
	12 CLUB
The length of deck 0 is 2.
Deck 1:
	10 SPADE
	6 DIAMOND
	14 HEART
	11 DIAMOND
	13 SPADE
	13 DIAMOND
	10 SPADE
The number of decks is 3.
Deck 0:
	5 DIAMOND
	1 CLUB
The card was successfully deleted from deck 1.
The length of deck 1 is 6.
The deck was successfully created with 3 cards.
The deck 3 was successfully reversed.
Deck 2:
	5 CLUB
	3 CLUB
	10 SPADE
	12 CLUB
The deck was successfully created with 7 cards.
The card was successfully deleted from deck 3.
Deck 0:
	5 DIAMOND
	1 CLUB
Deck 1:
	10 SPADE
	6 DIAMOND
	14 HEART
	13 SPADE
	13 DIAMOND
	10 SPADE
Deck 2:
	5 CLUB
	3 CLUB
	10 SPADE
	12 CLUB
Deck 3:
	6 HEART
	3 SPADE
Deck 4:
	13 CLUB
	4 SPADE
	9 CLUB
	3 HEART
	3 HEART
	6 DIAMOND
	6 DIAMOND
The deck 2 was successfully reversed.
Deck 1:
	10 SPADE
	6 DIAMOND
	14 HEART
	13 SPADE
	13 DIAMOND
	10 SPADE
The deck was successfully created with 8 cards.
Deck 0:
	5 DIAMOND
	1 CLUB
The card was successfully deleted from deck 3.
Deck 0:
	5 DIAMOND
	1 CLUB
Deck 1:
	10 SPADE
	6 DIAMOND
	14 HEART
	13 SPADE
	13 DIAMOND
	10 SPADE
Deck 2:
	12 CLUB
	10 SPADE
	3 CLUB
	5 CLUB
Deck 3:
	3 SPADE
Deck 4:
	13 CLUB
	4 SPADE
	9 CLUB
	3 HEART
	3 HEART
	6 DIAMOND
	6 DIAMOND
Deck 5:
	8 CLUB
	6 CLUB
	11 SPADE
	6 CLUB
	9 SPADE
	5 DIAMOND
	11 SPADE
	5 SPADE
The deck was successfully created with 4 cards.
The deck 6 was successfully reversed.
The deck was successfully created with 6 cards.
The deck was successfully created with 6 cards.
The card was successfully deleted from deck 3.
Deck 2:
	12 CLUB
	10 SPADE
	3 CLUB
	5 CLUB
The deck 2 was successfully reversed.
Deck 0:
	5 DIAMOND
	1 CLUB
Deck 1:
	10 SPADE
	6 DIAMOND
	14 HEART
	13 SPADE
	13 DIAMOND
	10 SPADE
Deck 2:
	5 CLUB
	3 CLUB
	10 SPADE
	12 CLUB
Deck 3:
	13 CLUB
	4 SPADE
	9 CLUB
	3 HEART
	3 HEART
	6 DIAMOND
	6 DIAMOND
Deck 4:
	8 CLUB
	6 CLUB
	11 SPADE
	6 CLUB
	9 SPADE
	5 DIAMOND
	11 SPADE
	5 SPADE
Deck 5:
	12 SPADE
	3 CLUB
	8 DIAMOND
	14 SPADE
Deck 6:
	5 SPADE
	7 HEART
	7 SPADE
	9 HEART
	4 CLUB
	10 HEART
Deck 7:
	3 HEART
	4 DIAMOND
	13 HEART
	3 DIAMOND
	13 CLUB
	8 DIAMOND
The length of deck 1 is 6.
The deck 2 was successfully reversed.
Deck 0:
	5 DIAMOND
	1 CLUB
Deck 1:
	10 SPADE
	6 DIAMOND
	14 HEART
	13 SPADE
	13 DIAMOND
	10 SPADE
Deck 2:
	12 CLUB
	10 SPADE
	3 CLUB
	5 CLUB
Deck 3:
	13 CLUB
	4 SPADE
	9 CLUB
	3 HEART
	3 HEART
	6 DIAMOND
	6 DIAMOND
Deck 4:
	8 CLUB
	6 CLUB
	11 SPADE
	6 CLUB
	9 SPADE
	5 DIAMOND
	11 SPADE
	5 SPADE
Deck 5:
	12 SPADE
	3 CLUB
	8 DIAMOND
	14 SPADE
Deck 6:
	5 SPADE
	7 HEART
	7 SPADE
	9 HEART
	4 CLUB
	10 HEART
Deck 7:
	3 HEART
	4 DIAMOND
	13 HEART
	3 DIAMOND
	13 CLUB
	8 DIAMOND
The length of deck 1 is 6.
The card was successfully deleted from deck 1.
The number of decks is 8.
The card was successfully deleted from deck 3.
Deck 0:
	5 DIAMOND
	1 CLUB
Deck 1:
	10 SPADE
	6 DIAMOND
	14 HEART
	13 SPADE
	13 DIAMOND
Deck 2:
	12 CLUB
	10 SPADE
	3 CLUB
	5 CLUB
Deck 3:
	4 SPADE
	9 CLUB
	3 HEART
	3 HEART
	6 DIAMOND
	6 DIAMOND
Deck 4:
	8 CLUB
	6 CLUB
	11 SPADE
	6 CLUB
	9 SPADE
	5 DIAMOND
	11 SPADE
	5 SPADE
Deck 5:
	12 SPADE
	3 CLUB
	8 DIAMOND
	14 SPADE
Deck 6:
	5 SPADE
	7 HEART
	7 SPADE
	9 HEART
	4 CLUB
	10 HEART
Deck 7:
	3 HEART
	4 DIAMOND
	13 HEART
	3 DIAMOND
	13 CLUB
	8 DIAMOND
The cards were successfully added to deck 2.
The deck 0 was successfully deleted.
The deck 0 was successfully reversed.
Deck 1:
	12 CLUB
	10 SPADE
	3 CLUB
	5 CLUB
	11 HEART
The number of decks is 7.
The deck 6 was successfully reversed.
Deck 0:
	13 DIAMOND
	13 SPADE
	14 HEART
	6 DIAMOND
	10 SPADE
Deck 1:
	12 CLUB
	10 SPADE
	3 CLUB
	5 CLUB
	11 HEART
Deck 2:
	4 SPADE
	9 CLUB
	3 HEART
	3 HEART
	6 DIAMOND
	6 DIAMOND
Deck 3:
	8 CLUB
	6 CLUB
	11 SPADE
	6 CLUB
	9 SPADE
	5 DIAMOND
	11 SPADE
	5 SPADE
Deck 4:
	12 SPADE
	3 CLUB
	8 DIAMOND
	14 SPADE
Deck 5:
	5 SPADE
	7 HEART
	7 SPADE
	9 HEART
	4 CLUB
	10 HEART
Deck 6:
	8 DIAMOND
	13 CLUB
	3 DIAMOND
	13 HEART
	4 DIAMOND
	3 HEART
The length of deck 1 is 5.
The deck 0 was successfully reversed.
The card was successfully deleted from deck 6.
The deck 2 was successfully reversed.
The number of decks is 7.
The deck 3 was successfully reversed.
The length of deck 1 is 5.
The card was successfully deleted from deck 6.
The deck 1 was successfully reversed.
The deck 5 was successfully deleted.
The deck 4 was successfully deleted.
The deck 1 was successfully deleted.
The card was successfully deleted from deck 1.
Deck 0:
	10 SPADE
	6 DIAMOND
	14 HEART
	13 SPADE
	13 DIAMOND
Deck 1:
	6 DIAMOND
	6 DIAMOND
	3 HEART
	9 CLUB
	4 SPADE
Deck 2:
	5 SPADE
	11 SPADE
	5 DIAMOND
	9 SPADE
	6 CLUB
	11 SPADE
	6 CLUB
	8 CLUB
Deck 3:
	8 DIAMOND
	13 CLUB
	13 HEART
	3 HEART
The deck 2 was successfully reversed.
Deck 0:
	10 SPADE
	6 DIAMOND
	14 HEART
	13 SPADE
	13 DIAMOND
Deck 1:
	6 DIAMOND
	6 DIAMOND
	3 HEART
	9 CLUB
	4 SPADE
Deck 2:
	8 CLUB
	6 CLUB
	11 SPADE
	6 CLUB
	9 SPADE
	5 DIAMOND
	11 SPADE
	5 SPADE
Deck 3:
	8 DIAMOND
	13 CLUB
	13 HEART
	3 HEART
The deck 2 was successfully reversed.
The cards were successfully added to deck 0.
The deck 2 was successfully reversed.
The card was successfully deleted from deck 3.
The cards were successfully added to deck 1.
The deck 1 was successfully reversed.
The number of decks is 4.
The cards were successfully added to deck 1.
Deck 0:
	10 SPADE
	6 DIAMOND
	14 HEART
	13 SPADE
	13 DIAMOND
	13 DIAMOND
	5 CLUB
	10 CLUB
	11 CLUB
Deck 1:
	12 SPADE
	4 SPADE
	9 CLUB
	3 HEART
	6 DIAMOND
	6 DIAMOND
	5 CLUB
Deck 2:
	8 CLUB
	6 CLUB
	11 SPADE
	6 CLUB
	9 SPADE
	5 DIAMOND
	11 SPADE
	5 SPADE
Deck 3:
	13 CLUB
	13 HEART
	3 HEART
The deck 0 was successfully reversed.
The deck 3 was successfully reversed.
The deck 1 was successfully reversed.
Deck 0:
	11 CLUB
	10 CLUB
	5 CLUB
	13 DIAMOND
	13 DIAMOND
	13 SPADE
	14 HEART
	6 DIAMOND
	10 SPADE
Deck 1:
	5 CLUB
	6 DIAMOND
	6 DIAMOND
	3 HEART
	9 CLUB
	4 SPADE
	12 SPADE
Deck 2:
	8 CLUB
	6 CLUB
	11 SPADE
	6 CLUB
	9 SPADE
	5 DIAMOND
	11 SPADE
	5 SPADE
Deck 3:
	3 HEART
	13 HEART
	13 CLUB
The deck was successfully created with 8 cards.
Deck 0:
	11 CLUB
	10 CLUB
	5 CLUB
	13 DIAMOND
	13 DIAMOND
	13 SPADE
	14 HEART
	6 DIAMOND
	10 SPADE
The card was successfully deleted from deck 2.
The length of deck 2 is 7.
The deck 1 was successfully reversed.
The deck 0 was successfully reversed.
