The deck was successfully created with 2 cards.
The provided card is not a valid one.
The provided card is not a valid one.
The deck was successfully created with 7 cards.
The provided card is not a valid one.
The provided card is not a valid one.
The provided card is not a valid one.
The deck was successfully created with 8 cards.
The card was successfully deleted from deck 2.
The provided index is out of bounds for the deck list.
The length of deck 2 is 7.
Deck 0:
	9 CLUB
	14 DIAMOND
Deck 1:
	11 DIAMOND
	10 SPADE
	12 SPADE
	10 HEART
	6 DIAMOND
	3 CLUB
	9 HEART
Deck 2:
	3 HEART
	5 DIAMOND
	12 SPADE
	12 HEART
	11 HEART
	2 DIAMOND
	10 HEART
The deck 2 was successfully deleted.
The deck was successfully created with 2 cards.
Deck 0:
	9 CLUB
	14 DIAMOND
Deck 1:
	11 DIAMOND
	10 SPADE
	12 SPADE
	10 HEART
	6 DIAMOND
	3 CLUB
	9 HEART
Deck 2:
	8 HEART
	12 DIAMOND
Invalid command. Please try again.
The cards were successfully added to deck 0.
Deck 0:
	9 CLUB
	14 DIAMOND
	13 SPADE
Deck 1:
	11 DIAMOND
	10 SPADE
	12 SPADE
	10 HEART
	6 DIAMOND
	3 CLUB
	9 HEART
Deck 2:
	8 HEART
	12 DIAMOND
The card was successfully deleted from deck 2.
Deck 0:
	9 CLUB
	14 DIAMOND
	13 SPADE
The deck 2 was successfully deleted.
The deck was successfully created with 8 cards.
Deck 0:
	9 CLUB
	14 DIAMOND
	13 SPADE
Deck 1:
	11 DIAMOND
	10 SPADE
	12 SPADE
	10 HEART
	6 DIAMOND
	3 CLUB
	9 HEART
Deck 2:
	7 SPADE
	12 SPADE
	12 HEART
	13 SPADE
	8 SPADE
	6 DIAMOND
	13 HEART
	3 DIAMOND
Invalid command. Please try again.
Invalid command. Please try again.
Invalid command. Please try again.
Invalid command. Please try again.
Deck 0:
	9 CLUB
	14 DIAMOND
	13 SPADE
Deck 1:
	11 DIAMOND
	10 SPADE
	12 SPADE
	10 HEART
	6 DIAMOND
	3 CLUB
	9 HEART
Deck 2:
	7 SPADE
	12 SPADE
	12 HEART
	13 SPADE
	8 SPADE
	6 DIAMOND
	13 HEART
	3 DIAMOND
The cards were successfully added to deck 1.
The provided card is not a valid one.
The deck was successfully created with 8 cards.
Deck 0:
	9 CLUB
	14 DIAMOND
	13 SPADE
Deck 1:
	11 DIAMOND
	10 SPADE
	12 SPADE
	10 HEART
	6 DIAMOND
	3 CLUB
	9 HEART
	6 CLUB
	3 HEART
	1 CLUB
	11 HEART
Deck 2:
	7 SPADE
	12 SPADE
	12 HEART
	13 SPADE
	8 SPADE
	6 DIAMOND
	13 HEART
	3 DIAMOND
Deck 3:
	3 SPADE
	7 CLUB
	8 DIAMOND
	4 CLUB
	8 HEART
	11 DIAMOND
	9 DIAMOND
	8 DIAMOND
The length of deck 3 is 8.
Deck 0:
	9 CLUB
	14 DIAMOND
	13 SPADE
The provided index is out of bounds for the deck list.
Invalid command. Please try again.
The provided index is out of bounds for the deck list.
The length of deck 1 is 11.
Deck 0:
	9 CLUB
	14 DIAMOND
	13 SPADE
Deck 1:
	11 DIAMOND
	10 SPADE
	12 SPADE
	10 HEART
	6 DIAMOND
	3 CLUB
	9 HEART
	6 CLUB
	3 HEART
	1 CLUB
	11 HEART
Deck 2:
	7 SPADE
	12 SPADE
	12 HEART
	13 SPADE
	8 SPADE
	6 DIAMOND
	13 HEART
	3 DIAMOND
Deck 3:
	3 SPADE
	7 CLUB
	8 DIAMOND
	4 CLUB
	8 HEART
	11 DIAMOND
	9 DIAMOND
	8 DIAMOND
The deck was successfully created with 7 cards.
The length of deck 3 is 8.
The number of decks is 5.
The number of decks is 5.
Deck 0:
	9 CLUB
	14 DIAMOND
	13 SPADE
Deck 1:
	11 DIAMOND
	10 SPADE
	12 SPADE
	10 HEART
	6 DIAMOND
	3 CLUB
	9 HEART
	6 CLUB
	3 HEART
	1 CLUB
	11 HEART
Deck 2:
	7 SPADE
	12 SPADE
	12 HEART
	13 SPADE
	8 SPADE
	6 DIAMOND
	13 HEART
	3 DIAMOND
Deck 3:
	3 SPADE
	7 CLUB
	8 DIAMOND
	4 CLUB
	8 HEART
	11 DIAMOND
	9 DIAMOND
	8 DIAMOND
Deck 4:
	4 CLUB
	10 HEART
	4 SPADE
	4 HEART
	3 SPADE
	8 DIAMOND
	8 CLUB
The provided index is out of bounds for the deck list.
Deck 0:
	9 CLUB
	14 DIAMOND
	13 SPADE
Deck 1:
	11 DIAMOND
	10 SPADE
	12 SPADE
	10 HEART
	6 DIAMOND
	3 CLUB
	9 HEART
	6 CLUB
	3 HEART
	1 CLUB
	11 HEART
Deck 2:
	7 SPADE
	12 SPADE
	12 HEART
	13 SPADE
	8 SPADE
	6 DIAMOND
	13 HEART
	3 DIAMOND
Deck 3:
	3 SPADE
	7 CLUB
	8 DIAMOND
	4 CLUB
	8 HEART
	11 DIAMOND
	9 DIAMOND
	8 DIAMOND
Deck 4:
	4 CLUB
	10 HEART
	4 SPADE
	4 HEART
	3 SPADE
	8 DIAMOND
	8 CLUB
The provided card is not a valid one.
The deck was successfully created with 3 cards.
Deck 0:
	9 CLUB
	14 DIAMOND
	13 SPADE
The provided card is not a valid one.
The deck was successfully created with 4 cards.
Deck 0:
	9 CLUB
	14 DIAMOND
	13 SPADE
Deck 1:
	11 DIAMOND
	10 SPADE
	12 SPADE
	10 HEART
	6 DIAMOND
	3 CLUB
	9 HEART
	6 CLUB
	3 HEART
	1 CLUB
	11 HEART
Deck 2:
	7 SPADE
	12 SPADE
	12 HEART
	13 SPADE
	8 SPADE
	6 DIAMOND
	13 HEART
	3 DIAMOND
Deck 3:
	3 SPADE
	7 CLUB
	8 DIAMOND
	4 CLUB
	8 HEART
	11 DIAMOND
	9 DIAMOND
	8 DIAMOND
Deck 4:
	4 CLUB
	10 HEART
	4 SPADE
	4 HEART
	3 SPADE
	8 DIAMOND
	8 CLUB
Deck 5:
	8 CLUB
	10 SPADE
	13 CLUB
Deck 6:
	1 DIAMOND
	3 SPADE
	9 DIAMOND
	1 CLUB
The number of decks is 7.
The length of deck 1 is 11.
The cards were successfully added to deck 3.
Deck 0:
	9 CLUB
	14 DIAMOND
	13 SPADE
Deck 1:
	11 DIAMOND
	10 SPADE
	12 SPADE
	10 HEART
	6 DIAMOND
	3 CLUB
	9 HEART
	6 CLUB
	3 HEART
	1 CLUB
	11 HEART
Deck 2:
	7 SPADE
	12 SPADE
	12 HEART
	13 SPADE
	8 SPADE
	6 DIAMOND
	13 HEART
	3 DIAMOND
Deck 3:
	3 SPADE
	7 CLUB
	8 DIAMOND
	4 CLUB
	8 HEART
	11 DIAMOND
	9 DIAMOND
	8 DIAMOND
	12 HEART
	13 SPADE
	13 DIAMOND
Deck 4:
	4 CLUB
	10 HEART
	4 SPADE
	4 HEART
	3 SPADE
	8 DIAMOND
	8 CLUB
Deck 5:
	8 CLUB
	10 SPADE
	13 CLUB
Deck 6:
	1 DIAMOND
	3 SPADE
	9 DIAMOND
	1 CLUB
The number of decks is 7.
Deck 5:
	8 CLUB
	10 SPADE
	13 CLUB
The cards were successfully added to deck 6.
The provided card is not a valid one.
The cards were successfully added to deck 2.
The card was successfully deleted from deck 2.
Deck 0:
	9 CLUB
	14 DIAMOND
	13 SPADE
Deck 1:
	11 DIAMOND
	10 SPADE
	12 SPADE
	10 HEART
	6 DIAMOND
	3 CLUB
	9 HEART
	6 CLUB
	3 HEART
	1 CLUB
	11 HEART
Deck 2:
	7 SPADE
	12 SPADE
	12 HEART
	13 SPADE
	8 SPADE
	6 DIAMOND
	13 HEART
	3 DIAMOND
	5 SPADE
	8 SPADE
Deck 3:
	3 SPADE
	7 CLUB
	8 DIAMOND
	4 CLUB
	8 HEART
	11 DIAMOND
	9 DIAMOND
	8 DIAMOND
	12 HEART
	13 SPADE
	13 DIAMOND
Deck 4:
	4 CLUB
	10 HEART
	4 SPADE
	4 HEART
	3 SPADE
	8 DIAMOND
	8 CLUB
Deck 5:
	8 CLUB
	10 SPADE
	13 CLUB
Deck 6:
	1 DIAMOND
	3 SPADE
	9 DIAMOND
	1 CLUB
	6 HEART
	14 CLUB
	9 HEART
The deck was successfully created with 5 cards.
The provided index is out of bounds for the deck list.
The number of decks is 8.
Deck 6:
	1 DIAMOND
	3 SPADE
	9 DIAMOND
	1 CLUB
	6 HEART
	14 CLUB
	9 HEART
The number of decks is 8.
Deck 0:
	9 CLUB
	14 DIAMOND
	13 SPADE
The deck was successfully created with 6 cards.
Deck 0:
	9 CLUB
	14 DIAMOND
	13 SPADE
Deck 1:
	11 DIAMOND
	10 SPADE
	12 SPADE
	10 HEART
	6 DIAMOND
	3 CLUB
	9 HEART
	6 CLUB
	3 HEART
	1 CLUB
	11 HEART
Deck 2:
	7 SPADE
	12 SPADE
	12 HEART
	13 SPADE
	8 SPADE
	6 DIAMOND
	13 HEART
	3 DIAMOND
	5 SPADE
	8 SPADE
Deck 3:
	3 SPADE
	7 CLUB
	8 DIAMOND
	4 CLUB
	8 HEART
	11 DIAMOND
	9 DIAMOND
	8 DIAMOND
	12 HEART
	13 SPADE
	13 DIAMOND
Deck 4:
	4 CLUB
	10 HEART
	4 SPADE
	4 HEART
	3 SPADE
	8 DIAMOND
	8 CLUB
Deck 5:
	8 CLUB
	10 SPADE
	13 CLUB
Deck 6:
	1 DIAMOND
	3 SPADE
	9 DIAMOND
	1 CLUB
	6 HEART
	14 CLUB
	9 HEART
Deck 7:
	3 SPADE
	4 SPADE
	7 SPADE
	12 SPADE
	3 SPADE
Deck 8:
	12 DIAMOND
	5 DIAMOND
	1 DIAMOND
	10 HEART
	13 SPADE
	14 HEART
The number of decks is 9.
The provided card is not a valid one.
The deck was successfully created with 8 cards.
Deck 0:
	9 CLUB
	14 DIAMOND
	13 SPADE
Deck 1:
	11 DIAMOND
	10 SPADE
	12 SPADE
	10 HEART
	6 DIAMOND
	3 CLUB
	9 HEART
	6 CLUB
	3 HEART
	1 CLUB
	11 HEART
Deck 2:
	7 SPADE
	12 SPADE
	12 HEART
	13 SPADE
	8 SPADE
	6 DIAMOND
	13 HEART
	3 DIAMOND
	5 SPADE
	8 SPADE
Deck 3:
	3 SPADE
	7 CLUB
	8 DIAMOND
	4 CLUB
	8 HEART
	11 DIAMOND
	9 DIAMOND
	8 DIAMOND
	12 HEART
	13 SPADE
	13 DIAMOND
Deck 4:
	4 CLUB
	10 HEART
	4 SPADE
	4 HEART
	3 SPADE
	8 DIAMOND
	8 CLUB
Deck 5:
	8 CLUB
	10 SPADE
	13 CLUB
Deck 6:
	1 DIAMOND
	3 SPADE
	9 DIAMOND
	1 CLUB
	6 HEART
	14 CLUB
	9 HEART
Deck 7:
	3 SPADE
	4 SPADE
	7 SPADE
	12 SPADE
	3 SPADE
Deck 8:
	12 DIAMOND
	5 DIAMOND
	1 DIAMOND
	10 HEART
	13 SPADE
	14 HEART
Deck 9:
	5 HEART
	4 HEART
	12 DIAMOND
	14 DIAMOND
	9 CLUB
	7 CLUB
	7 SPADE
	10 DIAMOND
The number of decks is 10.
The number of decks is 10.
The card was successfully deleted from deck 8.
Deck 5:
	8 CLUB
	10 SPADE
	13 CLUB
The number of decks is 10.
Deck 0:
	9 CLUB
	14 DIAMOND
	13 SPADE
Deck 1:
	11 DIAMOND
	10 SPADE
	12 SPADE
	10 HEART
	6 DIAMOND
	3 CLUB
	9 HEART
	6 CLUB
	3 HEART
	1 CLUB
	11 HEART
Deck 2:
	7 SPADE
	12 SPADE
	12 HEART
	13 SPADE
	8 SPADE
	6 DIAMOND
	13 HEART
	3 DIAMOND
	5 SPADE
	8 SPADE
Deck 3:
	3 SPADE
	7 CLUB
	8 DIAMOND
	4 CLUB
	8 HEART
	11 DIAMOND
	9 DIAMOND
	8 DIAMOND
	12 HEART
	13 SPADE
	13 DIAMOND
Deck 4:
	4 CLUB
	10 HEART
	4 SPADE
	4 HEART
	3 SPADE
	8 DIAMOND
	8 CLUB
Deck 5:
	8 CLUB
	10 SPADE
	13 CLUB
Deck 6:
	1 DIAMOND
	3 SPADE
	9 DIAMOND
	1 CLUB
	6 HEART
	14 CLUB
	9 HEART
Deck 7:
	3 SPADE
	4 SPADE
	7 SPADE
	12 SPADE
	3 SPADE
Deck 8:
	5 DIAMOND
	1 DIAMOND
	10 HEART
	13 SPADE
	14 HEART
Deck 9:
	5 HEART
	4 HEART
	12 DIAMOND
	14 DIAMOND
	9 CLUB
	7 CLUB
	7 SPADE
	10 DIAMOND
The deck was successfully created with 3 cards.
The number of decks is 11.
The deck 9 was successfully deleted.
The provided index is out of bounds for the deck list.
Deck 0:
	9 CLUB
	14 DIAMOND
	13 SPADE
Deck 1:
	11 DIAMOND
	10 SPADE
	12 SPADE
	10 HEART
	6 DIAMOND
	3 CLUB
	9 HEART
	6 CLUB
	3 HEART
	1 CLUB
	11 HEART
Deck 2:
	7 SPADE
	12 SPADE
	12 HEART
	13 SPADE
	8 SPADE
	6 DIAMOND
	13 HEART
	3 DIAMOND
	5 SPADE
	8 SPADE
Deck 3:
	3 SPADE
	7 CLUB
	8 DIAMOND
	4 CLUB
	8 HEART
	11 DIAMOND
	9 DIAMOND
	8 DIAMOND
	12 HEART
	13 SPADE
	13 DIAMOND
Deck 4:
	4 CLUB
	10 HEART
	4 SPADE
	4 HEART
	3 SPADE
	8 DIAMOND
	8 CLUB
Deck 5:
	8 CLUB
	10 SPADE
	13 CLUB
Deck 6:
	1 DIAMOND
	3 SPADE
	9 DIAMOND
	1 CLUB
	6 HEART
	14 CLUB
	9 HEART
Deck 7:
	3 SPADE
	4 SPADE
	7 SPADE
	12 SPADE
	3 SPADE
Deck 8:
	5 DIAMOND
	1 DIAMOND
	10 HEART
	13 SPADE
	14 HEART
Deck 9:
	8 HEART
	11 CLUB
	12 CLUB
The deck 0 was successfully deleted.
Deck 8:
	8 HEART
	11 CLUB
	12 CLUB
The provided card is not a valid one.
The deck was successfully created with 4 cards.
The deck 6 was successfully deleted.
Deck 0:
	11 DIAMOND
	10 SPADE
	12 SPADE
	10 HEART
	6 DIAMOND
	3 CLUB
	9 HEART
	6 CLUB
	3 HEART
	1 CLUB
	11 HEART
Deck 1:
	7 SPADE
	12 SPADE
	12 HEART
	13 SPADE
	8 SPADE
	6 DIAMOND
	13 HEART
	3 DIAMOND
	5 SPADE
	8 SPADE
Deck 2:
	3 SPADE
	7 CLUB
	8 DIAMOND
	4 CLUB
	8 HEART
	11 DIAMOND
	9 DIAMOND
	8 DIAMOND
	12 HEART
	13 SPADE
	13 DIAMOND
Deck 3:
	4 CLUB
	10 HEART
	4 SPADE
	4 HEART
	3 SPADE
	8 DIAMOND
	8 CLUB
Deck 4:
	8 CLUB
	10 SPADE
	13 CLUB
Deck 5:
	1 DIAMOND
	3 SPADE
	9 DIAMOND
	1 CLUB
	6 HEART
	14 CLUB
	9 HEART
Deck 6:
	5 DIAMOND
	1 DIAMOND
	10 HEART
	13 SPADE
	14 HEART
Deck 7:
	8 HEART
	11 CLUB
	12 CLUB
Deck 8:
	13 HEART
	6 HEART
	9 SPADE
	12 CLUB
The cards were successfully added to deck 1.
Deck 0:
	11 DIAMOND
	10 SPADE
	12 SPADE
	10 HEART
	6 DIAMOND
	3 CLUB
	9 HEART
	6 CLUB
	3 HEART
	1 CLUB
	11 HEART
Deck 1:
	7 SPADE
	12 SPADE
	12 HEART
	13 SPADE
	8 SPADE
	6 DIAMOND
	13 HEART
	3 DIAMOND
	5 SPADE
	8 SPADE
	9 SPADE
	8 DIAMOND
	11 CLUB
Deck 2:
	3 SPADE
	7 CLUB
	8 DIAMOND
	4 CLUB
	8 HEART
	11 DIAMOND
	9 DIAMOND
	8 DIAMOND
	12 HEART
	13 SPADE
	13 DIAMOND
Deck 3:
	4 CLUB
	10 HEART
	4 SPADE
	4 HEART
	3 SPADE
	8 DIAMOND
	8 CLUB
Deck 4:
	8 CLUB
	10 SPADE
	13 CLUB
Deck 5:
	1 DIAMOND
	3 SPADE
	9 DIAMOND
	1 CLUB
	6 HEART
	14 CLUB
	9 HEART
Deck 6:
	5 DIAMOND
	1 DIAMOND
	10 HEART
	13 SPADE
	14 HEART
Deck 7:
	8 HEART
	11 CLUB
	12 CLUB
Deck 8:
	13 HEART
	6 HEART
	9 SPADE
	12 CLUB
The deck was successfully created with 5 cards.
The number of decks is 10.
Deck 0:
	11 DIAMOND
	10 SPADE
	12 SPADE
	10 HEART
	6 DIAMOND
	3 CLUB
	9 HEART
	6 CLUB
	3 HEART
	1 CLUB
	11 HEART
Deck 1:
	7 SPADE
	12 SPADE
	12 HEART
	13 SPADE
	8 SPADE
	6 DIAMOND
	13 HEART
	3 DIAMOND
	5 SPADE
	8 SPADE
	9 SPADE
	8 DIAMOND
	11 CLUB
Deck 2:
	3 SPADE
	7 CLUB
	8 DIAMOND
	4 CLUB
	8 HEART
	11 DIAMOND
	9 DIAMOND
	8 DIAMOND
	12 HEART
	13 SPADE
	13 DIAMOND
Deck 3:
	4 CLUB
	10 HEART
	4 SPADE
	4 HEART
	3 SPADE
	8 DIAMOND
	8 CLUB
Deck 4:
	8 CLUB
	10 SPADE
	13 CLUB
Deck 5:
	1 DIAMOND
	3 SPADE
	9 DIAMOND
	1 CLUB
	6 HEART
	14 CLUB
	9 HEART
Deck 6:
	5 DIAMOND
	1 DIAMOND
	10 HEART
	13 SPADE
	14 HEART
Deck 7:
	8 HEART
	11 CLUB
	12 CLUB
Deck 8:
	13 HEART
	6 HEART
	9 SPADE
	12 CLUB
Deck 9:
	12 DIAMOND
	10 DIAMOND
	3 HEART
	12 DIAMOND
	2 HEART
The cards were successfully added to deck 7.
The cards were successfully added to deck 9.
Deck 1:
	7 SPADE
	12 SPADE
	12 HEART
	13 SPADE
	8 SPADE
	6 DIAMOND
	13 HEART
	3 DIAMOND
	5 SPADE
	8 SPADE
	9 SPADE
	8 DIAMOND
	11 CLUB
The length of deck 6 is 5.
Deck 0:
	11 DIAMOND
	10 SPADE
	12 SPADE
	10 HEART
	6 DIAMOND
	3 CLUB
	9 HEART
	6 CLUB
	3 HEART
	1 CLUB
	11 HEART
Deck 1:
	7 SPADE
	12 SPADE
	12 HEART
	13 SPADE
	8 SPADE
	6 DIAMOND
	13 HEART
	3 DIAMOND
	5 SPADE
	8 SPADE
	9 SPADE
	8 DIAMOND
	11 CLUB
Deck 2:
	3 SPADE
	7 CLUB
	8 DIAMOND
	4 CLUB
	8 HEART
	11 DIAMOND
	9 DIAMOND
	8 DIAMOND
	12 HEART
	13 SPADE
	13 DIAMOND
Deck 3:
	4 CLUB
	10 HEART
	4 SPADE
	4 HEART
	3 SPADE
	8 DIAMOND
	8 CLUB
Deck 4:
	8 CLUB
	10 SPADE
	13 CLUB
Deck 5:
	1 DIAMOND
	3 SPADE
	9 DIAMOND
	1 CLUB
	6 HEART
	14 CLUB
	9 HEART
Deck 6:
	5 DIAMOND
	1 DIAMOND
	10 HEART
	13 SPADE
	14 HEART
Deck 7:
	8 HEART
	11 CLUB
	12 CLUB
	1 HEART
	9 DIAMOND
	3 HEART
	13 HEART
Deck 8:
	13 HEART
	6 HEART
	9 SPADE
	12 CLUB
Deck 9:
	12 DIAMOND
	10 DIAMOND
	3 HEART
	12 DIAMOND
	2 HEART
	5 CLUB
	12 HEART
	4 SPADE
The number of decks is 10.
The card was successfully deleted from deck 3.
Deck 0:
	11 DIAMOND
	10 SPADE
	12 SPADE
	10 HEART
	6 DIAMOND
	3 CLUB
	9 HEART
	6 CLUB
	3 HEART
	1 CLUB
	11 HEART
Deck 1:
	7 SPADE
	12 SPADE
	12 HEART
	13 SPADE
	8 SPADE
	6 DIAMOND
	13 HEART
	3 DIAMOND
	5 SPADE
	8 SPADE
	9 SPADE
	8 DIAMOND
	11 CLUB
Deck 2:
	3 SPADE
	7 CLUB
	8 DIAMOND
	4 CLUB
	8 HEART
	11 DIAMOND
	9 DIAMOND
	8 DIAMOND
	12 HEART
	13 SPADE
	13 DIAMOND
Deck 3:
	10 HEART
	4 SPADE
	4 HEART
	3 SPADE
	8 DIAMOND
	8 CLUB
Deck 4:
	8 CLUB
	10 SPADE
	13 CLUB
Deck 5:
	1 DIAMOND
	3 SPADE
	9 DIAMOND
	1 CLUB
	6 HEART
	14 CLUB
	9 HEART
Deck 6:
	5 DIAMOND
	1 DIAMOND
	10 HEART
	13 SPADE
	14 HEART
Deck 7:
	8 HEART
	11 CLUB
	12 CLUB
	1 HEART
	9 DIAMOND
	3 HEART
	13 HEART
Deck 8:
	13 HEART
	6 HEART
	9 SPADE
	12 CLUB
Deck 9:
	12 DIAMOND
	10 DIAMOND
	3 HEART
	12 DIAMOND
	2 HEART
	5 CLUB
	12 HEART
	4 SPADE
The number of decks is 10.
Deck 0:
	11 DIAMOND
	10 SPADE
	12 SPADE
	10 HEART
	6 DIAMOND
	3 CLUB
	9 HEART
	6 CLUB
	3 HEART
	1 CLUB
	11 HEART
Deck 1:
	7 SPADE
	12 SPADE
	12 HEART
	13 SPADE
	8 SPADE
	6 DIAMOND
	13 HEART
	3 DIAMOND
	5 SPADE
	8 SPADE
	9 SPADE
	8 DIAMOND
	11 CLUB
Deck 2:
	3 SPADE
	7 CLUB
	8 DIAMOND
	4 CLUB
	8 HEART
	11 DIAMOND
	9 DIAMOND
	8 DIAMOND
	12 HEART
	13 SPADE
	13 DIAMOND
Deck 3:
	10 HEART
	4 SPADE
	4 HEART
	3 SPADE
	8 DIAMOND
	8 CLUB
Deck 4:
	8 CLUB
	10 SPADE
	13 CLUB
Deck 5:
	1 DIAMOND
	3 SPADE
	9 DIAMOND
	1 CLUB
	6 HEART
	14 CLUB
	9 HEART
Deck 6:
	5 DIAMOND
	1 DIAMOND
	10 HEART
	13 SPADE
	14 HEART
Deck 7:
	8 HEART
	11 CLUB
	12 CLUB
	1 HEART
	9 DIAMOND
	3 HEART
	13 HEART
Deck 8:
	13 HEART
	6 HEART
	9 SPADE
	12 CLUB
Deck 9:
	12 DIAMOND
	10 DIAMOND
	3 HEART
	12 DIAMOND
	2 HEART
	5 CLUB
	12 HEART
	4 SPADE
The card was successfully deleted from deck 5.
The cards were successfully added to deck 4.
Deck 5:
	1 DIAMOND
	3 SPADE
	1 CLUB
	6 HEART
	14 CLUB
	9 HEART
The deck 0 was successfully deleted.
Deck 8:
	12 DIAMOND
	10 DIAMOND
	3 HEART
	12 DIAMOND
	2 HEART
	5 CLUB
	12 HEART
	4 SPADE
The length of deck 3 is 4.
Deck 0:
	7 SPADE
	12 SPADE
	12 HEART
	13 SPADE
	8 SPADE
	6 DIAMOND
	13 HEART
	3 DIAMOND
	5 SPADE
	8 SPADE
	9 SPADE
	8 DIAMOND
	11 CLUB
Deck 1:
	3 SPADE
	7 CLUB
	8 DIAMOND
	4 CLUB
	8 HEART
	11 DIAMOND
	9 DIAMOND
	8 DIAMOND
	12 HEART
	13 SPADE
	13 DIAMOND
Deck 2:
	10 HEART
	4 SPADE
	4 HEART
	3 SPADE
	8 DIAMOND
	8 CLUB
Deck 3:
	8 CLUB
	10 SPADE
	13 CLUB
	2 HEART
Deck 4:
	1 DIAMOND
	3 SPADE
	1 CLUB
	6 HEART
	14 CLUB
	9 HEART
Deck 5:
	5 DIAMOND
	1 DIAMOND
	10 HEART
	13 SPADE
	14 HEART
Deck 6:
	8 HEART
	11 CLUB
	12 CLUB
	1 HEART
	9 DIAMOND
	3 HEART
	13 HEART
Deck 7:
	13 HEART
	6 HEART
	9 SPADE
	12 CLUB
Deck 8:
	12 DIAMOND
	10 DIAMOND
	3 HEART
	12 DIAMOND
	2 HEART
	5 CLUB
	12 HEART
	4 SPADE
The deck was successfully created with 4 cards.
Deck 0:
	7 SPADE
	12 SPADE
	12 HEART
	13 SPADE
	8 SPADE
	6 DIAMOND
	13 HEART
	3 DIAMOND
	5 SPADE
	8 SPADE
	9 SPADE
	8 DIAMOND
	11 CLUB
Deck 1:
	3 SPADE
	7 CLUB
	8 DIAMOND
	4 CLUB
	8 HEART
	11 DIAMOND
	9 DIAMOND
	8 DIAMOND
	12 HEART
	13 SPADE
	13 DIAMOND
Deck 2:
	10 HEART
	4 SPADE
	4 HEART
	3 SPADE
	8 DIAMOND
	8 CLUB
Deck 3:
	8 CLUB
	10 SPADE
	13 CLUB
	2 HEART
Deck 4:
	1 DIAMOND
	3 SPADE
	1 CLUB
	6 HEART
	14 CLUB
	9 HEART
Deck 5:
	5 DIAMOND
	1 DIAMOND
	10 HEART
	13 SPADE
	14 HEART
Deck 6:
	8 HEART
	11 CLUB
	12 CLUB
	1 HEART
	9 DIAMOND
	3 HEART
	13 HEART
Deck 7:
	13 HEART
	6 HEART
	9 SPADE
	12 CLUB
Deck 8:
	12 DIAMOND
	10 DIAMOND
	3 HEART
	12 DIAMOND
	2 HEART
	5 CLUB
	12 HEART
	4 SPADE
Deck 9:
	14 CLUB
	12 CLUB
	11 SPADE
	5 SPADE
The card was successfully deleted from deck 4.
Deck 0:
	7 SPADE
	12 SPADE
	12 HEART
	13 SPADE
	8 SPADE
	6 DIAMOND
	13 HEART
	3 DIAMOND
	5 SPADE
	8 SPADE
	9 SPADE
	8 DIAMOND
	11 CLUB
Deck 1:
	3 SPADE
	7 CLUB
	8 DIAMOND
	4 CLUB
	8 HEART
	11 DIAMOND
	9 DIAMOND
	8 DIAMOND
	12 HEART
	13 SPADE
	13 DIAMOND
Deck 2:
	10 HEART
	4 SPADE
	4 HEART
	3 SPADE
	8 DIAMOND
	8 CLUB
Deck 3:
	8 CLUB
	10 SPADE
	13 CLUB
	2 HEART
Deck 4:
	1 DIAMOND
	3 SPADE
	1 CLUB
	6 HEART
	14 CLUB
Deck 5:
	5 DIAMOND
	1 DIAMOND
	10 HEART
	13 SPADE
	14 HEART
Deck 6:
	8 HEART
	11 CLUB
	12 CLUB
	1 HEART
	9 DIAMOND
	3 HEART
	13 HEART
Deck 7:
	13 HEART
	6 HEART
	9 SPADE
	12 CLUB
Deck 8:
	12 DIAMOND
	10 DIAMOND
	3 HEART
	12 DIAMOND
	2 HEART
	5 CLUB
	12 HEART
	4 SPADE
Deck 9:
	14 CLUB
	12 CLUB
	11 SPADE
	5 SPADE
The cards were successfully added to deck 9.
The cards were successfully added to deck 4.
Deck 0:
	7 SPADE
	12 SPADE
	12 HEART
	13 SPADE
	8 SPADE
	6 DIAMOND
	13 HEART
	3 DIAMOND
	5 SPADE
	8 SPADE
	9 SPADE
	8 DIAMOND
	11 CLUB
Deck 1:
	3 SPADE
	7 CLUB
	8 DIAMOND
	4 CLUB
	8 HEART
	11 DIAMOND
	9 DIAMOND
	8 DIAMOND
	12 HEART
	13 SPADE
	13 DIAMOND
Deck 2:
	10 HEART
	4 SPADE
	4 HEART
	3 SPADE
	8 DIAMOND
	8 CLUB
Deck 3:
	8 CLUB
	10 SPADE
	13 CLUB
	2 HEART
Deck 4:
	1 DIAMOND
	3 SPADE
	1 CLUB
	6 HEART
	14 CLUB
	2 DIAMOND
	6 SPADE
	6 DIAMOND
Deck 5:
	5 DIAMOND
	1 DIAMOND
	10 HEART
	13 SPADE
	14 HEART
Deck 6:
	8 HEART
	11 CLUB
	12 CLUB
	1 HEART
	9 DIAMOND
	3 HEART
	13 HEART
Deck 7:
	13 HEART
	6 HEART
	9 SPADE
	12 CLUB
Deck 8:
	12 DIAMOND
	10 DIAMOND
	3 HEART
	12 DIAMOND
	2 HEART
	5 CLUB
	12 HEART
	4 SPADE
Deck 9:
	14 CLUB
	12 CLUB
	11 SPADE
	5 SPADE
	10 HEART
The card was successfully deleted from deck 8.
The deck 2 was successfully deleted.
Deck 0:
	7 SPADE
	12 SPADE
	12 HEART
	13 SPADE
	8 SPADE
	6 DIAMOND
	13 HEART
	3 DIAMOND
	5 SPADE
	8 SPADE
	9 SPADE
	8 DIAMOND
	11 CLUB
The length of deck 4 is 5.
The deck 8 was successfully deleted.
The deck 5 was successfully deleted.
Deck 0:
	7 SPADE
	12 SPADE
	12 HEART
	13 SPADE
	8 SPADE
	6 DIAMOND
	13 HEART
	3 DIAMOND
	5 SPADE
	8 SPADE
	9 SPADE
	8 DIAMOND
	11 CLUB
Deck 1:
	3 SPADE
	7 CLUB
	8 DIAMOND
	4 CLUB
	8 HEART
	11 DIAMOND
	9 DIAMOND
	8 DIAMOND
	12 HEART
	13 SPADE
	13 DIAMOND
Deck 2:
	8 CLUB
	10 SPADE
	13 CLUB
	2 HEART
Deck 3:
	1 DIAMOND
	3 SPADE
	1 CLUB
	6 HEART
	14 CLUB
	2 DIAMOND
	6 SPADE
	6 DIAMOND
Deck 4:
	5 DIAMOND
	1 DIAMOND
	10 HEART
	13 SPADE
	14 HEART
Deck 5:
	13 HEART
	6 HEART
	9 SPADE
	12 CLUB
Deck 6:
	12 DIAMOND
	10 DIAMOND
	12 DIAMOND
	2 HEART
	5 CLUB
	12 HEART
	4 SPADE
The cards were successfully added to deck 2.
The card was successfully deleted from deck 0.
Deck 0:
	7 SPADE
	12 SPADE
	12 HEART
	13 SPADE
	8 SPADE
	13 HEART
	3 DIAMOND
	5 SPADE
	8 SPADE
	9 SPADE
	8 DIAMOND
	11 CLUB
Deck 1:
	3 SPADE
	7 CLUB
	8 DIAMOND
	4 CLUB
	8 HEART
	11 DIAMOND
	9 DIAMOND
	8 DIAMOND
	12 HEART
	13 SPADE
	13 DIAMOND
Deck 2:
	8 CLUB
	10 SPADE
	13 CLUB
	2 HEART
	13 SPADE
Deck 3:
	1 DIAMOND
	3 SPADE
	1 CLUB
	6 HEART
	14 CLUB
	2 DIAMOND
	6 SPADE
	6 DIAMOND
Deck 4:
	5 DIAMOND
	1 DIAMOND
	10 HEART
	13 SPADE
	14 HEART
Deck 5:
	13 HEART
	6 HEART
	9 SPADE
	12 CLUB
Deck 6:
	12 DIAMOND
	10 DIAMOND
	12 DIAMOND
	2 HEART
	5 CLUB
	12 HEART
	4 SPADE
The provided card is not a valid one.
The provided card is not a valid one.
The cards were successfully added to deck 2.
The card was successfully deleted from deck 3.
The deck 6 was successfully deleted.
The deck was successfully created with 2 cards.
The length of deck 4 is 5.
Deck 6:
	14 CLUB
	6 SPADE
Deck 4:
	5 DIAMOND
	1 DIAMOND
	10 HEART
	13 SPADE
	14 HEART
The provided card is not a valid one.
The cards were successfully added to deck 6.
The number of decks is 7.
Deck 0:
	7 SPADE
	12 SPADE
	12 HEART
	13 SPADE
	8 SPADE
	13 HEART
	3 DIAMOND
	5 SPADE
	8 SPADE
	9 SPADE
	8 DIAMOND
	11 CLUB
Deck 1:
	3 SPADE
	7 CLUB
	8 DIAMOND
	4 CLUB
	8 HEART
	11 DIAMOND
	9 DIAMOND
	8 DIAMOND
	12 HEART
	13 SPADE
	13 DIAMOND
Deck 2:
	8 CLUB
	10 SPADE
	13 CLUB
	2 HEART
	13 SPADE
	1 SPADE
	14 CLUB
	14 CLUB
	1 SPADE
Deck 3:
	1 DIAMOND
	3 SPADE
	1 CLUB
	6 HEART
	2 DIAMOND
	6 SPADE
	6 DIAMOND
Deck 4:
	5 DIAMOND
	1 DIAMOND
	10 HEART
	13 SPADE
	14 HEART
Deck 5:
	13 HEART
	6 HEART
	9 SPADE
	12 CLUB
Deck 6:
	14 CLUB
	6 SPADE
	6 SPADE
	5 SPADE
The provided index is out of bounds for the deck list.
Deck 0:
	7 SPADE
	12 SPADE
	12 HEART
	13 SPADE
	8 SPADE
	13 HEART
	3 DIAMOND
	5 SPADE
	8 SPADE
	9 SPADE
	8 DIAMOND
	11 CLUB
Deck 1:
	3 SPADE
	7 CLUB
	8 DIAMOND
	4 CLUB
	8 HEART
	11 DIAMOND
	9 DIAMOND
	8 DIAMOND
	12 HEART
	13 SPADE
	13 DIAMOND
Deck 2:
	8 CLUB
	10 SPADE
	13 CLUB
	2 HEART
	13 SPADE
	1 SPADE
	14 CLUB
	14 CLUB
	1 SPADE
Deck 3:
	1 DIAMOND
	3 SPADE
	1 CLUB
	6 HEART
	2 DIAMOND
	6 SPADE
	6 DIAMOND
Deck 4:
	5 DIAMOND
	1 DIAMOND
	10 HEART
	13 SPADE
	14 HEART
Deck 5:
	13 HEART
	6 HEART
	9 SPADE
	12 CLUB
Deck 6:
	14 CLUB
	6 SPADE
	6 SPADE
	5 SPADE
The cards were successfully added to deck 3.
The length of deck 4 is 5.
The deck 4 was successfully deleted.
Deck 0:
	7 SPADE
	12 SPADE
	12 HEART
	13 SPADE
	8 SPADE
	13 HEART
	3 DIAMOND
	5 SPADE
	8 SPADE
	9 SPADE
	8 DIAMOND
	11 CLUB
The provided index is out of bounds for the deck list.
The deck was successfully created with 3 cards.
Deck 0:
	7 SPADE
	12 SPADE
	12 HEART
	13 SPADE
	8 SPADE
	13 HEART
	3 DIAMOND
	5 SPADE
	8 SPADE
	9 SPADE
	8 DIAMOND
	11 CLUB
Deck 1:
	3 SPADE
	7 CLUB
	8 DIAMOND
	4 CLUB
	8 HEART
	11 DIAMOND
	9 DIAMOND
	8 DIAMOND
	12 HEART
	13 SPADE
	13 DIAMOND
Deck 2:
	8 CLUB
	10 SPADE
	13 CLUB
	2 HEART
	13 SPADE
	1 SPADE
	14 CLUB
	14 CLUB
	1 SPADE
Deck 3:
	1 DIAMOND
	3 SPADE
	1 CLUB
	6 HEART
	2 DIAMOND
	6 SPADE
	6 DIAMOND
	14 HEART
	14 SPADE
	7 HEART
	13 HEART
Deck 4:
	13 HEART
	6 HEART
	9 SPADE
	12 CLUB
Deck 5:
	14 CLUB
	6 SPADE
	6 SPADE
	5 SPADE
Deck 6:
	2 DIAMOND
	14 HEART
	12 SPADE
The cards were successfully added to deck 6.
Deck 0:
	7 SPADE
	12 SPADE
	12 HEART
	13 SPADE
	8 SPADE
	13 HEART
	3 DIAMOND
	5 SPADE
	8 SPADE
	9 SPADE
	8 DIAMOND
	11 CLUB
Deck 1:
	3 SPADE
	7 CLUB
	8 DIAMOND
	4 CLUB
	8 HEART
	11 DIAMOND
	9 DIAMOND
	8 DIAMOND
	12 HEART
	13 SPADE
	13 DIAMOND
Deck 2:
	8 CLUB
	10 SPADE
	13 CLUB
	2 HEART
	13 SPADE
	1 SPADE
	14 CLUB
	14 CLUB
	1 SPADE
Deck 3:
	1 DIAMOND
	3 SPADE
	1 CLUB
	6 HEART
	2 DIAMOND
	6 SPADE
	6 DIAMOND
	14 HEART
	14 SPADE
	7 HEART
	13 HEART
Deck 4:
	13 HEART
	6 HEART
	9 SPADE
	12 CLUB
Deck 5:
	14 CLUB
	6 SPADE
	6 SPADE
	5 SPADE
Deck 6:
	2 DIAMOND
	14 HEART
	12 SPADE
	11 HEART
	12 DIAMOND
The cards were successfully added to deck 6.
Deck 0:
	7 SPADE
	12 SPADE
	12 HEART
	13 SPADE
	8 SPADE
	13 HEART
	3 DIAMOND
	5 SPADE
	8 SPADE
	9 SPADE
	8 DIAMOND
	11 CLUB
Deck 1:
	3 SPADE
	7 CLUB
	8 DIAMOND
	4 CLUB
	8 HEART
	11 DIAMOND
	9 DIAMOND
	8 DIAMOND
	12 HEART
	13 SPADE
	13 DIAMOND
Deck 2:
	8 CLUB
	10 SPADE
	13 CLUB
	2 HEART
	13 SPADE
	1 SPADE
	14 CLUB
	14 CLUB
	1 SPADE
Deck 3:
	1 DIAMOND
	3 SPADE
	1 CLUB
	6 HEART
	2 DIAMOND
	6 SPADE
	6 DIAMOND
	14 HEART
	14 SPADE
	7 HEART
	13 HEART
Deck 4:
	13 HEART
	6 HEART
	9 SPADE
	12 CLUB
Deck 5:
	14 CLUB
	6 SPADE
	6 SPADE
	5 SPADE
Deck 6:
	2 DIAMOND
	14 HEART
	12 SPADE
	11 HEART
	12 DIAMOND
	10 DIAMOND
The provided card is not a valid one.
The cards were successfully added to deck 4.
The length of deck 1 is 11.
Deck 5:
	14 CLUB
	6 SPADE
	6 SPADE
	5 SPADE
The provided card is not a valid one.
The deck was successfully created with 4 cards.
The provided index is out of bounds for deck 0.
Deck 5:
	14 CLUB
	6 SPADE
	6 SPADE
	5 SPADE
Invalid command. Please try again.
Invalid command. Please try again.
Invalid command. Please try again.
Invalid command. Please try again.
Invalid command. Please try again.
Invalid command. Please try again.
Invalid command. Please try again.
Invalid command. Please try again.
Invalid command. Please try again.
The cards were successfully added to deck 7.
Deck 6:
	2 DIAMOND
	14 HEART
	12 SPADE
	11 HEART
	12 DIAMOND
	10 DIAMOND
The deck 4 was successfully deleted.
Deck 2:
	8 CLUB
	10 SPADE
	13 CLUB
	2 HEART
	13 SPADE
	1 SPADE
	14 CLUB
	14 CLUB
	1 SPADE
Invalid command. Please try again.
The provided card is not a valid one.
The provided card is not a valid one.
The cards were successfully added to deck 6.
Deck 0:
	7 SPADE
	12 SPADE
	12 HEART
	13 SPADE
	8 SPADE
	13 HEART
	3 DIAMOND
	5 SPADE
	8 SPADE
	9 SPADE
	8 DIAMOND
	11 CLUB
Deck 1:
	3 SPADE
	7 CLUB
	8 DIAMOND
	4 CLUB
	8 HEART
	11 DIAMOND
	9 DIAMOND
	8 DIAMOND
	12 HEART
	13 SPADE
	13 DIAMOND
Deck 2:
	8 CLUB
	10 SPADE
	13 CLUB
	2 HEART
	13 SPADE
	1 SPADE
	14 CLUB
	14 CLUB
	1 SPADE
Deck 3:
	1 DIAMOND
	3 SPADE
	1 CLUB
	6 HEART
	2 DIAMOND
	6 SPADE
	6 DIAMOND
	14 HEART
	14 SPADE
	7 HEART
	13 HEART
Deck 4:
	14 CLUB
	6 SPADE
	6 SPADE
	5 SPADE
Deck 5:
	2 DIAMOND
	14 HEART
	12 SPADE
	11 HEART
	12 DIAMOND
	10 DIAMOND
Deck 6:
	1 HEART
	8 CLUB
	7 SPADE
	3 SPADE
	8 SPADE
	6 SPADE
	11 SPADE
	6 DIAMOND
	4 HEART
The card was successfully deleted from deck 2.
Deck 0:
	7 SPADE
	12 SPADE
	12 HEART
	13 SPADE
	8 SPADE
	13 HEART
	3 DIAMOND
	5 SPADE
	8 SPADE
	9 SPADE
	8 DIAMOND
	11 CLUB
Deck 1:
	3 SPADE
	7 CLUB
	8 DIAMOND
	4 CLUB
	8 HEART
	11 DIAMOND
	9 DIAMOND
	8 DIAMOND
	12 HEART
	13 SPADE
	13 DIAMOND
Deck 2:
	8 CLUB
	10 SPADE
	13 CLUB
	2 HEART
	13 SPADE
	1 SPADE
	14 CLUB
	1 SPADE
Deck 3:
	1 DIAMOND
	3 SPADE
	1 CLUB
	6 HEART
	2 DIAMOND
	6 SPADE
	6 DIAMOND
	14 HEART
	14 SPADE
	7 HEART
	13 HEART
Deck 4:
	14 CLUB
	6 SPADE
	6 SPADE
	5 SPADE
Deck 5:
	2 DIAMOND
	14 HEART
	12 SPADE
	11 HEART
	12 DIAMOND
	10 DIAMOND
Deck 6:
	1 HEART
	8 CLUB
	7 SPADE
	3 SPADE
	8 SPADE
	6 SPADE
	11 SPADE
	6 DIAMOND
	4 HEART
The length of deck 4 is 4.
The number of decks is 7.
Deck 0:
	7 SPADE
	12 SPADE
	12 HEART
	13 SPADE
	8 SPADE
	13 HEART
	3 DIAMOND
	5 SPADE
	8 SPADE
	9 SPADE
	8 DIAMOND
	11 CLUB
Deck 1:
	3 SPADE
	7 CLUB
	8 DIAMOND
	4 CLUB
	8 HEART
	11 DIAMOND
	9 DIAMOND
	8 DIAMOND
	12 HEART
	13 SPADE
	13 DIAMOND
Deck 2:
	8 CLUB
	10 SPADE
	13 CLUB
	2 HEART
	13 SPADE
	1 SPADE
	14 CLUB
	1 SPADE
Deck 3:
	1 DIAMOND
	3 SPADE
	1 CLUB
	6 HEART
	2 DIAMOND
	6 SPADE
	6 DIAMOND
	14 HEART
	14 SPADE
	7 HEART
	13 HEART
Deck 4:
	14 CLUB
	6 SPADE
	6 SPADE
	5 SPADE
Deck 5:
	2 DIAMOND
	14 HEART
	12 SPADE
	11 HEART
	12 DIAMOND
	10 DIAMOND
Deck 6:
	1 HEART
	8 CLUB
	7 SPADE
	3 SPADE
	8 SPADE
	6 SPADE
	11 SPADE
	6 DIAMOND
	4 HEART
The deck 0 was successfully deleted.
The length of deck 4 is 6.
Deck 0:
	3 SPADE
	7 CLUB
	8 DIAMOND
	4 CLUB
	8 HEART
	11 DIAMOND
	9 DIAMOND
	8 DIAMOND
	12 HEART
	13 SPADE
	13 DIAMOND
Deck 1:
	8 CLUB
	10 SPADE
	13 CLUB
	2 HEART
	13 SPADE
	1 SPADE
	14 CLUB
	1 SPADE
Deck 2:
	1 DIAMOND
	3 SPADE
	1 CLUB
	6 HEART
	2 DIAMOND
	6 SPADE
	6 DIAMOND
	14 HEART
	14 SPADE
	7 HEART
	13 HEART
Deck 3:
	14 CLUB
	6 SPADE
	6 SPADE
	5 SPADE
Deck 4:
	2 DIAMOND
	14 HEART
	12 SPADE
	11 HEART
	12 DIAMOND
	10 DIAMOND
Deck 5:
	1 HEART
	8 CLUB
	7 SPADE
	3 SPADE
	8 SPADE
	6 SPADE
	11 SPADE
	6 DIAMOND
	4 HEART
The number of decks is 6.
Invalid command. Please try again.
Deck 0:
	3 SPADE
	7 CLUB
	8 DIAMOND
	4 CLUB
	8 HEART
	11 DIAMOND
	9 DIAMOND
	8 DIAMOND
	12 HEART
	13 SPADE
	13 DIAMOND
Deck 1:
	8 CLUB
	10 SPADE
	13 CLUB
	2 HEART
	13 SPADE
	1 SPADE
	14 CLUB
	1 SPADE
Deck 2:
	1 DIAMOND
	3 SPADE
	1 CLUB
	6 HEART
	2 DIAMOND
	6 SPADE
	6 DIAMOND
	14 HEART
	14 SPADE
	7 HEART
	13 HEART
Deck 3:
	14 CLUB
	6 SPADE
	6 SPADE
	5 SPADE
Deck 4:
	2 DIAMOND
	14 HEART
	12 SPADE
	11 HEART
	12 DIAMOND
	10 DIAMOND
Deck 5:
	1 HEART
	8 CLUB
	7 SPADE
	3 SPADE
	8 SPADE
	6 SPADE
	11 SPADE
	6 DIAMOND
	4 HEART
The deck 4 was successfully deleted.
Deck 0:
	3 SPADE
	7 CLUB
	8 DIAMOND
	4 CLUB
	8 HEART
	11 DIAMOND
	9 DIAMOND
	8 DIAMOND
	12 HEART
	13 SPADE
	13 DIAMOND
Deck 1:
	8 CLUB
	10 SPADE
	13 CLUB
	2 HEART
	13 SPADE
	1 SPADE
	14 CLUB
	1 SPADE
Deck 2:
	1 DIAMOND
	3 SPADE
	1 CLUB
	6 HEART
	2 DIAMOND
	6 SPADE
	6 DIAMOND
	14 HEART
	14 SPADE
	7 HEART
	13 HEART
Deck 3:
	14 CLUB
	6 SPADE
	6 SPADE
	5 SPADE
Deck 4:
	1 HEART
	8 CLUB
	7 SPADE
	3 SPADE
	8 SPADE
	6 SPADE
	11 SPADE
	6 DIAMOND
	4 HEART
The card was successfully deleted from deck 3.
Deck 2:
	1 DIAMOND
	3 SPADE
	1 CLUB
	6 HEART
	2 DIAMOND
	6 SPADE
	6 DIAMOND
	14 HEART
	14 SPADE
	7 HEART
	13 HEART
The card was successfully deleted from deck 0.
Deck 0:
	3 SPADE
	7 CLUB
	4 CLUB
	8 HEART
	11 DIAMOND
	9 DIAMOND
	8 DIAMOND
	12 HEART
	13 SPADE
	13 DIAMOND
Deck 1:
	8 CLUB
	10 SPADE
	13 CLUB
	2 HEART
	13 SPADE
	1 SPADE
	14 CLUB
	1 SPADE
Deck 2:
	1 DIAMOND
	3 SPADE
	1 CLUB
	6 HEART
	2 DIAMOND
	6 SPADE
	6 DIAMOND
	14 HEART
	14 SPADE
	7 HEART
	13 HEART
Deck 3:
	14 CLUB
	6 SPADE
	5 SPADE
Deck 4:
	1 HEART
	8 CLUB
	7 SPADE
	3 SPADE
	8 SPADE
	6 SPADE
	11 SPADE
	6 DIAMOND
	4 HEART
The length of deck 2 is 11.
Deck 2:
	1 DIAMOND
	3 SPADE
	1 CLUB
	6 HEART
	2 DIAMOND
	6 SPADE
	6 DIAMOND
	14 HEART
	14 SPADE
	7 HEART
	13 HEART
The length of deck 2 is 11.
The provided card is not a valid one.
The deck was successfully created with 7 cards.
The deck 0 was successfully deleted.
Deck 0:
	8 CLUB
	10 SPADE
	13 CLUB
	2 HEART
	13 SPADE
	1 SPADE
	14 CLUB
	1 SPADE
Deck 1:
	1 DIAMOND
	3 SPADE
	1 CLUB
	6 HEART
	2 DIAMOND
	6 SPADE
	6 DIAMOND
	14 HEART
	14 SPADE
	7 HEART
	13 HEART
Deck 2:
	14 CLUB
	6 SPADE
	5 SPADE
Deck 3:
	1 HEART
	8 CLUB
	7 SPADE
	3 SPADE
	8 SPADE
	6 SPADE
	11 SPADE
	6 DIAMOND
	4 HEART
Deck 4:
	10 SPADE
	4 CLUB
	13 DIAMOND
	2 SPADE
	7 DIAMOND
	2 DIAMOND
	13 HEART
The deck 0 was successfully deleted.
The cards were successfully added to deck 0.
Deck 3:
	10 SPADE
	4 CLUB
	13 DIAMOND
	2 SPADE
	7 DIAMOND
	2 DIAMOND
	13 HEART
The card was successfully deleted from deck 1.
Deck 2:
	1 HEART
	8 CLUB
	7 SPADE
	3 SPADE
	8 SPADE
	6 SPADE
	11 SPADE
	6 DIAMOND
	4 HEART
The deck 3 was successfully deleted.
Deck 0:
	1 DIAMOND
	3 SPADE
	1 CLUB
	6 HEART
	2 DIAMOND
	6 SPADE
	6 DIAMOND
	14 HEART
	14 SPADE
	7 HEART
	13 HEART
	11 HEART
	8 SPADE
	4 HEART
	4 SPADE
The length of deck 0 is 15.
The length of deck 2 is 9.
The number of decks is 3.
The number of decks is 3.
The length of deck 1 is 2.
Deck 0:
	1 DIAMOND
	3 SPADE
	1 CLUB
	6 HEART
	2 DIAMOND
	6 SPADE
	6 DIAMOND
	14 HEART
	14 SPADE
	7 HEART
	13 HEART
	11 HEART
	8 SPADE
	4 HEART
	4 SPADE
Deck 1:
	14 CLUB
	5 SPADE
Deck 2:
	1 HEART
	8 CLUB
	7 SPADE
	3 SPADE
	8 SPADE
	6 SPADE
	11 SPADE
	6 DIAMOND
	4 HEART
The length of deck 0 is 15.
Deck 0:
	1 DIAMOND
	3 SPADE
	1 CLUB
	6 HEART
	2 DIAMOND
	6 SPADE
	6 DIAMOND
	14 HEART
	14 SPADE
	7 HEART
	13 HEART
	11 HEART
	8 SPADE
	4 HEART
	4 SPADE
Deck 1:
	14 CLUB
	5 SPADE
Deck 2:
	1 HEART
	8 CLUB
	7 SPADE
	3 SPADE
	8 SPADE
	6 SPADE
	11 SPADE
	6 DIAMOND
	4 HEART
The deck 1 was successfully deleted.
The deck was successfully created with 2 cards.
Deck 0:
	1 DIAMOND
	3 SPADE
	1 CLUB
	6 HEART
	2 DIAMOND
	6 SPADE
	6 DIAMOND
	14 HEART
	14 SPADE
	7 HEART
	13 HEART
	11 HEART
	8 SPADE
	4 HEART
	4 SPADE
Deck 1:
	1 HEART
	8 CLUB
	7 SPADE
	3 SPADE
	8 SPADE
	6 SPADE
	11 SPADE
	6 DIAMOND
	4 HEART
Deck 2:
	2 SPADE
	13 HEART
The provided index is out of bounds for deck 1.
Deck 0:
	1 DIAMOND
	3 SPADE
	1 CLUB
	6 HEART
	2 DIAMOND
	6 SPADE
	6 DIAMOND
	14 HEART
	14 SPADE
	7 HEART
	13 HEART
	11 HEART
	8 SPADE
	4 HEART
	4 SPADE
Deck 1:
	1 HEART
	8 CLUB
	7 SPADE
	3 SPADE
	8 SPADE
	6 SPADE
	11 SPADE
	6 DIAMOND
	4 HEART
Deck 2:
	2 SPADE
	13 HEART
The cards were successfully added to deck 1.
The provided card is not a valid one.
The deck was successfully created with 4 cards.
The number of decks is 4.
Deck 1:
	1 HEART
	8 CLUB
	7 SPADE
	3 SPADE
	8 SPADE
	6 SPADE
	11 SPADE
	6 DIAMOND
	4 HEART
	6 SPADE
	2 CLUB
The deck 1 was successfully deleted.
Deck 1:
	2 SPADE
	13 HEART
The number of decks is 3.
The provided card is not a valid one.
The cards were successfully added to deck 2.
