The deck was successfully created with 3 cards.
The deck was successfully created with 6 cards.
The deck was successfully created with 8 cards.
Deck 1:
	1 CLUB
	10 CLUB
	4 CLUB
	6 SPADE
	11 DIAMOND
	5 SPADE
The card was successfully deleted from deck 2.
The deck 1 was successfully deleted.
The deck was successfully created with 2 cards.
The deck was successfully created with 2 cards.
Deck 0:
	14 DIAMOND
	7 SPADE
	1 SPADE
Deck 1:
	9 HEART
	4 SPADE
	11 DIAMOND
	1 HEART
	6 DIAMOND
	3 HEART
	9 DIAMOND
Deck 2:
	4 SPADE
	7 HEART
Deck 3:
	9 HEART
	9 DIAMOND
The cards were successfully added to deck 1.
The deck was successfully created with 3 cards.
The deck 3 was successfully deleted.
The card was successfully deleted from deck 2.
The provided index is out of bounds for deck 2.
Deck 0:
	14 DIAMOND
	7 SPADE
	1 SPADE
Deck 1:
	9 HEART
	4 SPADE
	11 DIAMOND
	1 HEART
	6 DIAMOND
	3 HEART
	9 DIAMOND
	4 HEART
Deck 2:
	7 HEART
Deck 3:
	11 CLUB
	9 HEART
	14 HEART
The cards were successfully added to deck 0.
Deck 0:
	14 DIAMOND
	7 SPADE
	1 SPADE
	5 HEART
	5 CLUB
Deck 1:
	9 HEART
	4 SPADE
	11 DIAMOND
	1 HEART
	6 DIAMOND
	3 HEART
	9 DIAMOND
	4 HEART
Deck 2:
	7 HEART
Deck 3:
	11 CLUB
	9 HEART
	14 HEART
The provided index is out of bounds for deck 2.
Deck 0:
	14 DIAMOND
	7 SPADE
	1 SPADE
	5 HEART
	5 CLUB
Deck 1:
	9 HEART
	4 SPADE
	11 DIAMOND
	1 HEART
	6 DIAMOND
	3 HEART
	9 DIAMOND
	4 HEART
Deck 2:
	7 HEART
Deck 3:
	11 CLUB
	9 HEART
	14 HEART
The card was successfully deleted from deck 2.
The card was successfully deleted from deck 1.
Deck 0:
	14 DIAMOND
	7 SPADE
	1 SPADE
	5 HEART
	5 CLUB
Deck 1:
	9 HEART
	4 SPADE
	1 HEART
	6 DIAMOND
	3 HEART
	9 DIAMOND
	4 HEART
Deck 2:
	11 CLUB
	9 HEART
	14 HEART
The deck 0 was successfully deleted.
The deck was successfully created with 4 cards.
Deck 2:
	4 DIAMOND
	9 CLUB
	14 CLUB
	12 CLUB
The cards were successfully added to deck 2.
Deck 2:
	4 DIAMOND
	9 CLUB
	14 CLUB
	12 CLUB
	5 HEART
	4 DIAMOND
	13 HEART
The card was successfully deleted from deck 0.
Deck 0:
	4 SPADE
	1 HEART
	6 DIAMOND
	3 HEART
	9 DIAMOND
	4 HEART
Deck 1:
	11 CLUB
	9 HEART
	14 HEART
Deck 2:
	4 DIAMOND
	9 CLUB
	14 CLUB
	12 CLUB
	5 HEART
	4 DIAMOND
	13 HEART
The deck 1 was successfully deleted.
The deck was successfully created with 5 cards.
The cards were successfully added to deck 1.
The deck 2 was successfully deleted.
The deck was successfully created with 2 cards.
Deck 0:
	4 SPADE
	1 HEART
	6 DIAMOND
	3 HEART
	9 DIAMOND
	4 HEART
Deck 1:
	4 DIAMOND
	9 CLUB
	14 CLUB
	12 CLUB
	5 HEART
	4 DIAMOND
	13 HEART
	6 HEART
Deck 2:
	8 CLUB
	13 SPADE
The deck was successfully created with 4 cards.
The cards were successfully added to deck 2.
Deck 0:
	4 SPADE
	1 HEART
	6 DIAMOND
	3 HEART
	9 DIAMOND
	4 HEART
Deck 1:
	4 DIAMOND
	9 CLUB
	14 CLUB
	12 CLUB
	5 HEART
	4 DIAMOND
	13 HEART
	6 HEART
Deck 2:
	8 CLUB
	13 SPADE
	13 CLUB
	4 DIAMOND
	6 CLUB
	14 DIAMOND
Deck 3:
	14 SPADE
	9 SPADE
	14 DIAMOND
	10 CLUB
The deck was successfully created with 8 cards.
The cards were successfully added to deck 0.
Deck 0:
	4 SPADE
	1 HEART
	6 DIAMOND
	3 HEART
	9 DIAMOND
	4 HEART
	1 DIAMOND
	13 CLUB
Deck 1:
	4 DIAMOND
	9 CLUB
	14 CLUB
	12 CLUB
	5 HEART
	4 DIAMOND
	13 HEART
	6 HEART
Deck 2:
	8 CLUB
	13 SPADE
	13 CLUB
	4 DIAMOND
	6 CLUB
	14 DIAMOND
Deck 3:
	14 SPADE
	9 SPADE
	14 DIAMOND
	10 CLUB
Deck 4:
	4 HEART
	1 HEART
	12 CLUB
	4 CLUB
	7 SPADE
	13 DIAMOND
	11 HEART
	14 DIAMOND
The deck 3 was successfully deleted.
