The deck was successfully created with 2 cards.
The deck was successfully created with 4 cards.
The deck was successfully created with 7 cards.
The cards were successfully added to deck 0.
The card was successfully deleted from deck 1.
Deck 0:
	14 DIAMOND
	6 DIAMOND
	2 SPADE
	14 CLUB
Deck 1:
	8 CLUB
	4 DIAMOND
	10 CLUB
Deck 2:
	3 CLUB
	2 CLUB
	10 SPADE
	2 SPADE
	7 DIAMOND
	14 DIAMOND
	11 CLUB
The card was successfully deleted from deck 0.
Deck 0:
	14 DIAMOND
	2 SPADE
	14 CLUB
Deck 1:
	8 CLUB
	4 DIAMOND
	10 CLUB
Deck 2:
	3 CLUB
	2 CLUB
	10 SPADE
	2 SPADE
	7 DIAMOND
	14 DIAMOND
	11 CLUB
The card was successfully deleted from deck 1.
The deck was successfully created with 3 cards.
The cards were successfully added to deck 1.
The deck was successfully created with 6 cards.
Deck 0:
	14 DIAMOND
	2 SPADE
	14 CLUB
Deck 1:
	4 DIAMOND
	10 CLUB
	2 CLUB
	6 DIAMOND
Deck 2:
	3 CLUB
	2 CLUB
	10 SPADE
	2 SPADE
	7 DIAMOND
	14 DIAMOND
	11 CLUB
Deck 3:
	6 HEART
	9 HEART
	12 SPADE
Deck 4:
	1 CLUB
	14 HEART
	12 CLUB
	4 DIAMOND
	10 DIAMOND
	7 DIAMOND
The card was successfully deleted from deck 2.
The card was successfully deleted from deck 3.
The card was successfully deleted from deck 4.
The cards were successfully added to deck 1.
Deck 0:
	14 DIAMOND
	2 SPADE
	14 CLUB
Deck 1:
	4 DIAMOND
	10 CLUB
	2 CLUB
	6 DIAMOND
	13 HEART
	6 DIAMOND
Deck 2:
	3 CLUB
	2 CLUB
	10 SPADE
	7 DIAMOND
	14 DIAMOND
	11 CLUB
Deck 3:
	6 HEART
	12 SPADE
Deck 4:
	14 HEART
	12 CLUB
	4 DIAMOND
	10 DIAMOND
	7 DIAMOND
The cards were successfully added to deck 3.
The cards were successfully added to deck 1.
Deck 0:
	14 DIAMOND
	2 SPADE
	14 CLUB
Deck 1:
	4 DIAMOND
	10 CLUB
	2 CLUB
	6 DIAMOND
	13 HEART
	6 DIAMOND
	5 DIAMOND
	6 DIAMOND
	2 SPADE
	9 DIAMOND
Deck 2:
	3 CLUB
	2 CLUB
	10 SPADE
	7 DIAMOND
	14 DIAMOND
	11 CLUB
Deck 3:
	6 HEART
	12 SPADE
	8 DIAMOND
	13 HEART
Deck 4:
	14 HEART
	12 CLUB
	4 DIAMOND
	10 DIAMOND
	7 DIAMOND
The cards were successfully added to deck 1.
The deck 0 was successfully deleted.
The deck 1 was successfully deleted.
Deck 2:
	14 HEART
	12 CLUB
	4 DIAMOND
	10 DIAMOND
	7 DIAMOND
The deck 1 was successfully deleted.
The deck was successfully created with 3 cards.
Deck 0:
	4 DIAMOND
	10 CLUB
	2 CLUB
	6 DIAMOND
	13 HEART
	6 DIAMOND
	5 DIAMOND
	6 DIAMOND
	2 SPADE
	9 DIAMOND
	9 CLUB
The cards were successfully added to deck 0.
The card was successfully deleted from deck 0.
Deck 0:
	4 DIAMOND
	10 CLUB
	2 CLUB
	6 DIAMOND
	13 HEART
	6 DIAMOND
	5 DIAMOND
	6 DIAMOND
	2 SPADE
	9 DIAMOND
	13 HEART
	9 CLUB
	10 SPADE
Deck 1:
	14 HEART
	12 CLUB
	4 DIAMOND
	10 DIAMOND
	7 DIAMOND
Deck 2:
	10 CLUB
	12 SPADE
	7 HEART
The card was successfully deleted from deck 2.
Deck 0:
	4 DIAMOND
	10 CLUB
	2 CLUB
	6 DIAMOND
	13 HEART
	6 DIAMOND
	5 DIAMOND
	6 DIAMOND
	2 SPADE
	9 DIAMOND
	13 HEART
	9 CLUB
	10 SPADE
Deck 1:
	14 HEART
	12 CLUB
	4 DIAMOND
	10 DIAMOND
	7 DIAMOND
Deck 2:
	12 SPADE
	7 HEART
The deck 0 was successfully deleted.
The deck was successfully created with 6 cards.
Deck 2:
	9 DIAMOND
	14 DIAMOND
	13 SPADE
	14 SPADE
	2 DIAMOND
	14 SPADE
The cards were successfully added to deck 0.
Deck 0:
	14 HEART
	12 CLUB
	4 DIAMOND
	10 DIAMOND
	7 DIAMOND
	14 DIAMOND
	1 DIAMOND
	4 HEART
Deck 1:
	12 SPADE
	7 HEART
Deck 2:
	9 DIAMOND
	14 DIAMOND
	13 SPADE
	14 SPADE
	2 DIAMOND
	14 SPADE
The deck 1 was successfully deleted.
The deck was successfully created with 4 cards.
The deck was successfully created with 4 cards.
Deck 0:
	14 HEART
	12 CLUB
	4 DIAMOND
	10 DIAMOND
	7 DIAMOND
	14 DIAMOND
	1 DIAMOND
	4 HEART
Deck 1:
	9 DIAMOND
	14 DIAMOND
	13 SPADE
	14 SPADE
	2 DIAMOND
	14 SPADE
Deck 2:
	9 SPADE
	6 CLUB
	12 SPADE
	14 CLUB
Deck 3:
	6 SPADE
	9 DIAMOND
	5 HEART
	8 SPADE
