The deck was successfully created with 2 cards.
The provided card is not a valid one.
The deck was successfully created with 5 cards.
The deck was successfully created with 8 cards.
Deck 0:
	11 HEART
	6 DIAMOND
Deck 1:
	10 HEART
	13 DIAMOND
	9 SPADE
	5 HEART
	3 DIAMOND
Deck 2:
	1 CLUB
	3 CLUB
	7 SPADE
	13 HEART
	8 DIAMOND
	11 SPADE
	4 HEART
	4 DIAMOND
The deck 1 was successfully split by index 0.
Deck 0:
	11 HEART
	6 DIAMOND
Deck 1:
	10 HEART
	13 DIAMOND
	9 SPADE
	5 HEART
	3 DIAMOND
Deck 2:
	1 CLUB
	3 CLUB
	7 SPADE
	13 HEART
	8 DIAMOND
	11 SPADE
	4 HEART
	4 DIAMOND
The deck 2 was successfully deleted.
The provided card is not a valid one.
The provided card is not a valid one.
The provided card is not a valid one.
The deck was successfully created with 8 cards.
Invalid command. Please try again.
The deck 2 was successfully deleted.
The deck was successfully created with 2 cards.
The deck 0 and the deck 1 were successfully merged.
The provided card is not a valid one.
The provided card is not a valid one.
The deck was successfully created with 8 cards.
The deck 1 and the deck 2 were successfully merged.
The deck was successfully created with 7 cards.
The deck 2 was successfully deleted.
The provided card is not a valid one.
The deck was successfully created with 8 cards.
The deck 2 and the deck 0 were successfully merged.
The deck was successfully created with 3 cards.
Deck 0:
	11 HEART
	12 DIAMOND
	10 HEART
	5 HEART
	6 DIAMOND
	6 CLUB
	13 DIAMOND
	8 DIAMOND
	9 SPADE
	14 DIAMOND
	5 HEART
	10 CLUB
	3 DIAMOND
	4 DIAMOND
	4 DIAMOND
The length of deck 0 is 15.
The card was successfully deleted from deck 2.
Deck 0:
	11 HEART
	12 DIAMOND
	10 HEART
	5 HEART
	6 DIAMOND
	6 CLUB
	13 DIAMOND
	8 DIAMOND
	9 SPADE
	14 DIAMOND
	5 HEART
	10 CLUB
	3 DIAMOND
	4 DIAMOND
	4 DIAMOND
Deck 1:
	2 CLUB
	3 CLUB
	6 CLUB
	4 DIAMOND
	11 HEART
	7 DIAMOND
	6 CLUB
	7 CLUB
	7 SPADE
	8 SPADE
Deck 2:
	10 CLUB
	6 CLUB
The length of deck 0 is 15.
The deck 1 and the deck 0 were successfully merged.
The deck was successfully created with 7 cards.
The deck 2 was successfully split by index 0.
Deck 0:
	10 CLUB
	6 CLUB
Deck 1:
	2 CLUB
	11 HEART
	3 CLUB
	12 DIAMOND
	6 CLUB
	10 HEART
	4 DIAMOND
	5 HEART
	11 HEART
	6 DIAMOND
	7 DIAMOND
	6 CLUB
	6 CLUB
	13 DIAMOND
	7 CLUB
	8 DIAMOND
	7 SPADE
	9 SPADE
	8 SPADE
	14 DIAMOND
	5 HEART
	10 CLUB
	3 DIAMOND
	4 DIAMOND
	4 DIAMOND
Deck 2:
	4 SPADE
	2 HEART
	10 CLUB
	9 CLUB
	2 CLUB
	14 SPADE
	11 DIAMOND
The deck was successfully created with 5 cards.
The provided card is not a valid one.
The deck was successfully created with 6 cards.
Invalid command. Please try again.
Deck 0:
	10 CLUB
	6 CLUB
Deck 1:
	2 CLUB
	11 HEART
	3 CLUB
	12 DIAMOND
	6 CLUB
	10 HEART
	4 DIAMOND
	5 HEART
	11 HEART
	6 DIAMOND
	7 DIAMOND
	6 CLUB
	6 CLUB
	13 DIAMOND
	7 CLUB
	8 DIAMOND
	7 SPADE
	9 SPADE
	8 SPADE
	14 DIAMOND
	5 HEART
	10 CLUB
	3 DIAMOND
	4 DIAMOND
	4 DIAMOND
Deck 2:
	4 SPADE
	2 HEART
	10 CLUB
	9 CLUB
	2 CLUB
	14 SPADE
	11 DIAMOND
Deck 3:
	9 CLUB
	6 CLUB
	10 HEART
	12 DIAMOND
	10 CLUB
Deck 4:
	5 DIAMOND
	5 DIAMOND
	2 HEART
	6 CLUB
	13 DIAMOND
	1 DIAMOND
The length of deck 2 is 7.
Deck 0:
	10 CLUB
	6 CLUB
Deck 1:
	2 CLUB
	11 HEART
	3 CLUB
	12 DIAMOND
	6 CLUB
	10 HEART
	4 DIAMOND
	5 HEART
	11 HEART
	6 DIAMOND
	7 DIAMOND
	6 CLUB
	6 CLUB
	13 DIAMOND
	7 CLUB
	8 DIAMOND
	7 SPADE
	9 SPADE
	8 SPADE
	14 DIAMOND
	5 HEART
	10 CLUB
	3 DIAMOND
	4 DIAMOND
	4 DIAMOND
Deck 2:
	4 SPADE
	2 HEART
	10 CLUB
	9 CLUB
	2 CLUB
	14 SPADE
	11 DIAMOND
Deck 3:
	9 CLUB
	6 CLUB
	10 HEART
	12 DIAMOND
	10 CLUB
Deck 4:
	5 DIAMOND
	5 DIAMOND
	2 HEART
	6 CLUB
	13 DIAMOND
	1 DIAMOND
The provided index is out of bounds for the deck list.
The provided index is out of bounds for deck 2.
The deck 1 was successfully split by index 10.
The provided index is out of bounds for the deck list.
Invalid command. Please try again.
Deck 3:
	4 SPADE
	2 HEART
	10 CLUB
	9 CLUB
	2 CLUB
	14 SPADE
	11 DIAMOND
The number of decks is 6.
The deck 1 was successfully split by index 6.
Deck 0:
	10 CLUB
	6 CLUB
Deck 1:
	2 CLUB
	11 HEART
	3 CLUB
	12 DIAMOND
	6 CLUB
	10 HEART
Deck 2:
	4 DIAMOND
	5 HEART
	11 HEART
	6 DIAMOND
Deck 3:
	7 DIAMOND
	6 CLUB
	6 CLUB
	13 DIAMOND
	7 CLUB
	8 DIAMOND
	7 SPADE
	9 SPADE
	8 SPADE
	14 DIAMOND
	5 HEART
	10 CLUB
	3 DIAMOND
	4 DIAMOND
	4 DIAMOND
Deck 4:
	4 SPADE
	2 HEART
	10 CLUB
	9 CLUB
	2 CLUB
	14 SPADE
	11 DIAMOND
Deck 5:
	9 CLUB
	6 CLUB
	10 HEART
	12 DIAMOND
	10 CLUB
Deck 6:
	5 DIAMOND
	5 DIAMOND
	2 HEART
	6 CLUB
	13 DIAMOND
	1 DIAMOND
The provided card is not a valid one.
The cards were successfully added to deck 1.
The length of deck 2 is 4.
The provided index is out of bounds for the deck list.
The deck 4 and the deck 2 were successfully merged.
The provided card is not a valid one.
The deck was successfully created with 2 cards.
The provided index is out of bounds for the deck list.
Deck 0:
	10 CLUB
	6 CLUB
Deck 1:
	2 CLUB
	11 HEART
	3 CLUB
	12 DIAMOND
	6 CLUB
	10 HEART
	12 DIAMOND
	10 CLUB
Deck 2:
	7 DIAMOND
	6 CLUB
	6 CLUB
	13 DIAMOND
	7 CLUB
	8 DIAMOND
	7 SPADE
	9 SPADE
	8 SPADE
	14 DIAMOND
	5 HEART
	10 CLUB
	3 DIAMOND
	4 DIAMOND
	4 DIAMOND
Deck 3:
	9 CLUB
	6 CLUB
	10 HEART
	12 DIAMOND
	10 CLUB
Deck 4:
	5 DIAMOND
	5 DIAMOND
	2 HEART
	6 CLUB
	13 DIAMOND
	1 DIAMOND
Deck 5:
	4 SPADE
	4 DIAMOND
	2 HEART
	5 HEART
	10 CLUB
	11 HEART
	9 CLUB
	6 DIAMOND
	2 CLUB
	14 SPADE
	11 DIAMOND
Deck 6:
	7 DIAMOND
	7 HEART
The provided index is out of bounds for the deck list.
The provided index is out of bounds for the deck list.
Deck 5:
	4 SPADE
	4 DIAMOND
	2 HEART
	5 HEART
	10 CLUB
	11 HEART
	9 CLUB
	6 DIAMOND
	2 CLUB
	14 SPADE
	11 DIAMOND
The deck 1 was successfully split by index 5.
Deck 1:
	2 CLUB
	11 HEART
	3 CLUB
	12 DIAMOND
	6 CLUB
The deck 2 was successfully deleted.
The deck 0 was successfully deleted.
The number of decks is 6.
Deck 0:
	2 CLUB
	11 HEART
	3 CLUB
	12 DIAMOND
	6 CLUB
Deck 1:
	7 DIAMOND
	6 CLUB
	6 CLUB
	13 DIAMOND
	7 CLUB
	8 DIAMOND
	7 SPADE
	9 SPADE
	8 SPADE
	14 DIAMOND
	5 HEART
	10 CLUB
	3 DIAMOND
	4 DIAMOND
	4 DIAMOND
Deck 2:
	9 CLUB
	6 CLUB
	10 HEART
	12 DIAMOND
	10 CLUB
Deck 3:
	5 DIAMOND
	5 DIAMOND
	2 HEART
	6 CLUB
	13 DIAMOND
	1 DIAMOND
Deck 4:
	4 SPADE
	4 DIAMOND
	2 HEART
	5 HEART
	10 CLUB
	11 HEART
	9 CLUB
	6 DIAMOND
	2 CLUB
	14 SPADE
	11 DIAMOND
Deck 5:
	7 DIAMOND
	7 HEART
The length of deck 0 is 5.
The length of deck 0 is 5.
Deck 0:
	2 CLUB
	11 HEART
	3 CLUB
	12 DIAMOND
	6 CLUB
Deck 1:
	7 DIAMOND
	6 CLUB
	6 CLUB
	13 DIAMOND
	7 CLUB
	8 DIAMOND
	7 SPADE
	9 SPADE
	8 SPADE
	14 DIAMOND
	5 HEART
	10 CLUB
	3 DIAMOND
	4 DIAMOND
	4 DIAMOND
Deck 2:
	9 CLUB
	6 CLUB
	10 HEART
	12 DIAMOND
	10 CLUB
Deck 3:
	5 DIAMOND
	5 DIAMOND
	2 HEART
	6 CLUB
	13 DIAMOND
	1 DIAMOND
Deck 4:
	4 SPADE
	4 DIAMOND
	2 HEART
	5 HEART
	10 CLUB
	11 HEART
	9 CLUB
	6 DIAMOND
	2 CLUB
	14 SPADE
	11 DIAMOND
Deck 5:
	7 DIAMOND
	7 HEART
The provided index is out of bounds for the deck list.
Deck 3:
	5 DIAMOND
	5 DIAMOND
	2 HEART
	6 CLUB
	13 DIAMOND
	1 DIAMOND
The number of decks is 6.
The deck was successfully created with 5 cards.
Invalid command. Please try again.
The number of decks is 7.
The deck was successfully created with 2 cards.
The deck 2 and the deck 4 were successfully merged.
The deck 4 was successfully split by index 2.
Deck 0:
	2 CLUB
	11 HEART
	3 CLUB
	12 DIAMOND
	6 CLUB
Deck 1:
	7 DIAMOND
	6 CLUB
	6 CLUB
	13 DIAMOND
	7 CLUB
	8 DIAMOND
	7 SPADE
	9 SPADE
	8 SPADE
	14 DIAMOND
	5 HEART
	10 CLUB
	3 DIAMOND
	4 DIAMOND
	4 DIAMOND
Deck 2:
	5 DIAMOND
	5 DIAMOND
	2 HEART
	6 CLUB
	13 DIAMOND
	1 DIAMOND
Deck 3:
	7 DIAMOND
	7 HEART
Deck 4:
	3 CLUB
	10 CLUB
Deck 5:
	14 HEART
	9 HEART
	10 CLUB
Deck 6:
	2 CLUB
	12 HEART
Deck 7:
	9 CLUB
	4 SPADE
	6 CLUB
	4 DIAMOND
	10 HEART
	2 HEART
	12 DIAMOND
	5 HEART
	10 CLUB
	10 CLUB
	11 HEART
	9 CLUB
	6 DIAMOND
	2 CLUB
	14 SPADE
	11 DIAMOND
The deck 5 was successfully split by index 1.
The provided index is out of bounds for deck 1.
The deck 2 was successfully deleted.
Deck 0:
	2 CLUB
	11 HEART
	3 CLUB
	12 DIAMOND
	6 CLUB
Deck 1:
	7 DIAMOND
	6 CLUB
	6 CLUB
	13 DIAMOND
	7 CLUB
	8 DIAMOND
	7 SPADE
	9 SPADE
	8 SPADE
	14 DIAMOND
	5 HEART
	10 CLUB
	3 DIAMOND
	4 DIAMOND
	4 DIAMOND
Deck 2:
	7 DIAMOND
	7 HEART
Deck 3:
	3 CLUB
	10 CLUB
Deck 4:
	14 HEART
Deck 5:
	9 HEART
	10 CLUB
Deck 6:
	2 CLUB
	12 HEART
Deck 7:
	9 CLUB
	4 SPADE
	6 CLUB
	4 DIAMOND
	10 HEART
	2 HEART
	12 DIAMOND
	5 HEART
	10 CLUB
	10 CLUB
	11 HEART
	9 CLUB
	6 DIAMOND
	2 CLUB
	14 SPADE
	11 DIAMOND
The length of deck 3 is 2.
Deck 2:
	7 DIAMOND
	7 HEART
The deck was successfully created with 3 cards.
Deck 0:
	2 CLUB
	11 HEART
	3 CLUB
	12 DIAMOND
	6 CLUB
Deck 1:
	7 DIAMOND
	6 CLUB
	6 CLUB
	13 DIAMOND
	7 CLUB
	8 DIAMOND
	7 SPADE
	9 SPADE
	8 SPADE
	14 DIAMOND
	5 HEART
	10 CLUB
	3 DIAMOND
	4 DIAMOND
	4 DIAMOND
Deck 2:
	7 DIAMOND
	7 HEART
Deck 3:
	3 CLUB
	10 CLUB
Deck 4:
	14 HEART
Deck 5:
	9 HEART
	10 CLUB
Deck 6:
	2 CLUB
	12 HEART
Deck 7:
	9 CLUB
	4 SPADE
	6 CLUB
	4 DIAMOND
	10 HEART
	2 HEART
	12 DIAMOND
	5 HEART
	10 CLUB
	10 CLUB
	11 HEART
	9 CLUB
	6 DIAMOND
	2 CLUB
	14 SPADE
	11 DIAMOND
Deck 8:
	14 DIAMOND
	6 HEART
	8 SPADE
The deck was successfully created with 2 cards.
The provided index is out of bounds for the deck list.
The length of deck 5 is 2.
The deck 7 and the deck 8 were successfully merged.
The deck 7 and the deck 3 were successfully merged.
Deck 6:
	9 CLUB
	14 DIAMOND
	4 SPADE
	6 HEART
	6 CLUB
	8 SPADE
	4 DIAMOND
	10 HEART
	2 HEART
	12 DIAMOND
	5 HEART
	10 CLUB
	10 CLUB
	11 HEART
	9 CLUB
	6 DIAMOND
	2 CLUB
	14 SPADE
	11 DIAMOND
The card was successfully deleted from deck 4.
Invalid command. Please try again.
The card was successfully deleted from deck 0.
Deck 0:
	11 HEART
	3 CLUB
	12 DIAMOND
	6 CLUB
Deck 1:
	7 DIAMOND
	6 CLUB
	6 CLUB
	13 DIAMOND
	7 CLUB
	8 DIAMOND
	7 SPADE
	9 SPADE
	8 SPADE
	14 DIAMOND
	5 HEART
	10 CLUB
	3 DIAMOND
	4 DIAMOND
	4 DIAMOND
Deck 2:
	7 DIAMOND
	7 HEART
Deck 3:
	14 HEART
Deck 4:
	9 HEART
Deck 5:
	2 CLUB
	12 HEART
Deck 6:
	9 CLUB
	14 DIAMOND
	4 SPADE
	6 HEART
	6 CLUB
	8 SPADE
	4 DIAMOND
	10 HEART
	2 HEART
	12 DIAMOND
	5 HEART
	10 CLUB
	10 CLUB
	11 HEART
	9 CLUB
	6 DIAMOND
	2 CLUB
	14 SPADE
	11 DIAMOND
Deck 7:
	7 CLUB
	3 CLUB
	5 CLUB
	10 CLUB
Deck 5:
	2 CLUB
	12 HEART
The deck 2 and the deck 1 were successfully merged.
The deck 1 and the deck 0 were successfully merged.
Deck 0:
	9 HEART
Deck 1:
	2 CLUB
	12 HEART
Deck 2:
	9 CLUB
	14 DIAMOND
	4 SPADE
	6 HEART
	6 CLUB
	8 SPADE
	4 DIAMOND
	10 HEART
	2 HEART
	12 DIAMOND
	5 HEART
	10 CLUB
	10 CLUB
	11 HEART
	9 CLUB
	6 DIAMOND
	2 CLUB
	14 SPADE
	11 DIAMOND
Deck 3:
	7 CLUB
	3 CLUB
	5 CLUB
	10 CLUB
Deck 4:
	7 DIAMOND
	7 DIAMOND
	7 HEART
	6 CLUB
	6 CLUB
	13 DIAMOND
	7 CLUB
	8 DIAMOND
	7 SPADE
	9 SPADE
	8 SPADE
	14 DIAMOND
	5 HEART
	10 CLUB
	3 DIAMOND
	4 DIAMOND
	4 DIAMOND
Deck 5:
	14 HEART
	11 HEART
	3 CLUB
	12 DIAMOND
	6 CLUB
The provided index is out of bounds for the deck list.
The deck 0 and the deck 4 were successfully merged.
Deck 0:
	2 CLUB
	12 HEART
Deck 1:
	9 CLUB
	14 DIAMOND
	4 SPADE
	6 HEART
	6 CLUB
	8 SPADE
	4 DIAMOND
	10 HEART
	2 HEART
	12 DIAMOND
	5 HEART
	10 CLUB
	10 CLUB
	11 HEART
	9 CLUB
	6 DIAMOND
	2 CLUB
	14 SPADE
	11 DIAMOND
Deck 2:
	7 CLUB
	3 CLUB
	5 CLUB
	10 CLUB
Deck 3:
	14 HEART
	11 HEART
	3 CLUB
	12 DIAMOND
	6 CLUB
Deck 4:
	9 HEART
	7 DIAMOND
	7 DIAMOND
	7 HEART
	6 CLUB
	6 CLUB
	13 DIAMOND
	7 CLUB
	8 DIAMOND
	7 SPADE
	9 SPADE
	8 SPADE
	14 DIAMOND
	5 HEART
	10 CLUB
	3 DIAMOND
	4 DIAMOND
	4 DIAMOND
The number of decks is 5.
The deck was successfully created with 7 cards.
Deck 0:
	2 CLUB
	12 HEART
Deck 1:
	9 CLUB
	14 DIAMOND
	4 SPADE
	6 HEART
	6 CLUB
	8 SPADE
	4 DIAMOND
	10 HEART
	2 HEART
	12 DIAMOND
	5 HEART
	10 CLUB
	10 CLUB
	11 HEART
	9 CLUB
	6 DIAMOND
	2 CLUB
	14 SPADE
	11 DIAMOND
Deck 2:
	7 CLUB
	3 CLUB
	5 CLUB
	10 CLUB
Deck 3:
	14 HEART
	11 HEART
	3 CLUB
	12 DIAMOND
	6 CLUB
Deck 4:
	9 HEART
	7 DIAMOND
	7 DIAMOND
	7 HEART
	6 CLUB
	6 CLUB
	13 DIAMOND
	7 CLUB
	8 DIAMOND
	7 SPADE
	9 SPADE
	8 SPADE
	14 DIAMOND
	5 HEART
	10 CLUB
	3 DIAMOND
	4 DIAMOND
	4 DIAMOND
Deck 5:
	7 SPADE
	8 CLUB
	14 SPADE
	10 DIAMOND
	6 HEART
	2 HEART
	6 SPADE
The deck 3 and the deck 1 were successfully merged.
Invalid command. Please try again.
The provided card is not a valid one.
The cards were successfully added to deck 0.
Deck 0:
	2 CLUB
	12 HEART
	13 SPADE
Deck 1:
	7 CLUB
	3 CLUB
	5 CLUB
	10 CLUB
Deck 2:
	9 HEART
	7 DIAMOND
	7 DIAMOND
	7 HEART
	6 CLUB
	6 CLUB
	13 DIAMOND
	7 CLUB
	8 DIAMOND
	7 SPADE
	9 SPADE
	8 SPADE
	14 DIAMOND
	5 HEART
	10 CLUB
	3 DIAMOND
	4 DIAMOND
	4 DIAMOND
Deck 3:
	7 SPADE
	8 CLUB
	14 SPADE
	10 DIAMOND
	6 HEART
	2 HEART
	6 SPADE
Deck 4:
	14 HEART
	9 CLUB
	11 HEART
	14 DIAMOND
	3 CLUB
	4 SPADE
	12 DIAMOND
	6 HEART
	6 CLUB
	6 CLUB
	8 SPADE
	4 DIAMOND
	10 HEART
	2 HEART
	12 DIAMOND
	5 HEART
	10 CLUB
	10 CLUB
	11 HEART
	9 CLUB
	6 DIAMOND
	2 CLUB
	14 SPADE
	11 DIAMOND
The deck was successfully created with 2 cards.
Deck 0:
	2 CLUB
	12 HEART
	13 SPADE
Deck 1:
	7 CLUB
	3 CLUB
	5 CLUB
	10 CLUB
Deck 2:
	9 HEART
	7 DIAMOND
	7 DIAMOND
	7 HEART
	6 CLUB
	6 CLUB
	13 DIAMOND
	7 CLUB
	8 DIAMOND
	7 SPADE
	9 SPADE
	8 SPADE
	14 DIAMOND
	5 HEART
	10 CLUB
	3 DIAMOND
	4 DIAMOND
	4 DIAMOND
Deck 3:
	7 SPADE
	8 CLUB
	14 SPADE
	10 DIAMOND
	6 HEART
	2 HEART
	6 SPADE
Deck 4:
	14 HEART
	9 CLUB
	11 HEART
	14 DIAMOND
	3 CLUB
	4 SPADE
	12 DIAMOND
	6 HEART
	6 CLUB
	6 CLUB
	8 SPADE
	4 DIAMOND
	10 HEART
	2 HEART
	12 DIAMOND
	5 HEART
	10 CLUB
	10 CLUB
	11 HEART
	9 CLUB
	6 DIAMOND
	2 CLUB
	14 SPADE
	11 DIAMOND
Deck 5:
	2 CLUB
	3 SPADE
The provided index is out of bounds for deck 4.
The provided card is not a valid one.
The cards were successfully added to deck 0.
The card was successfully deleted from deck 3.
Deck 0:
	2 CLUB
	12 HEART
	13 SPADE
	9 SPADE
	2 CLUB
Deck 1:
	7 CLUB
	3 CLUB
	5 CLUB
	10 CLUB
Deck 2:
	9 HEART
	7 DIAMOND
	7 DIAMOND
	7 HEART
	6 CLUB
	6 CLUB
	13 DIAMOND
	7 CLUB
	8 DIAMOND
	7 SPADE
	9 SPADE
	8 SPADE
	14 DIAMOND
	5 HEART
	10 CLUB
	3 DIAMOND
	4 DIAMOND
	4 DIAMOND
Deck 3:
	7 SPADE
	8 CLUB
	14 SPADE
	10 DIAMOND
	6 HEART
	6 SPADE
Deck 4:
	14 HEART
	9 CLUB
	11 HEART
	14 DIAMOND
	3 CLUB
	4 SPADE
	12 DIAMOND
	6 HEART
	6 CLUB
	6 CLUB
	8 SPADE
	4 DIAMOND
	10 HEART
	2 HEART
	12 DIAMOND
	5 HEART
	10 CLUB
	10 CLUB
	11 HEART
	9 CLUB
	6 DIAMOND
	2 CLUB
	14 SPADE
	11 DIAMOND
Deck 5:
	2 CLUB
	3 SPADE
The deck 2 was successfully split by index 9.
Deck 2:
	9 HEART
	7 DIAMOND
	7 DIAMOND
	7 HEART
	6 CLUB
	6 CLUB
	13 DIAMOND
	7 CLUB
	8 DIAMOND
The deck 0 and the deck 6 were successfully merged.
The deck 5 and the deck 0 were successfully merged.
Deck 0:
	9 HEART
	7 DIAMOND
	7 DIAMOND
	7 HEART
	6 CLUB
	6 CLUB
	13 DIAMOND
	7 CLUB
	8 DIAMOND
Deck 1:
	7 SPADE
	9 SPADE
	8 SPADE
	14 DIAMOND
	5 HEART
	10 CLUB
	3 DIAMOND
	4 DIAMOND
	4 DIAMOND
Deck 2:
	7 SPADE
	8 CLUB
	14 SPADE
	10 DIAMOND
	6 HEART
	6 SPADE
Deck 3:
	14 HEART
	9 CLUB
	11 HEART
	14 DIAMOND
	3 CLUB
	4 SPADE
	12 DIAMOND
	6 HEART
	6 CLUB
	6 CLUB
	8 SPADE
	4 DIAMOND
	10 HEART
	2 HEART
	12 DIAMOND
	5 HEART
	10 CLUB
	10 CLUB
	11 HEART
	9 CLUB
	6 DIAMOND
	2 CLUB
	14 SPADE
	11 DIAMOND
Deck 4:
	2 CLUB
	7 CLUB
	2 CLUB
	3 CLUB
	12 HEART
	5 CLUB
	3 SPADE
	10 CLUB
	13 SPADE
	9 SPADE
	2 CLUB
The deck 1 and the deck 4 were successfully merged.
The deck 0 was successfully split by index 3.
The deck 4 was successfully split by index 12.
Deck 5:
	3 DIAMOND
	3 SPADE
	4 DIAMOND
	10 CLUB
	4 DIAMOND
	13 SPADE
	9 SPADE
	2 CLUB
The deck 1 and the deck 2 were successfully merged.
Deck 0:
	9 HEART
	7 DIAMOND
	7 DIAMOND
Deck 1:
	14 HEART
	9 CLUB
	11 HEART
	14 DIAMOND
	3 CLUB
	4 SPADE
	12 DIAMOND
	6 HEART
	6 CLUB
	6 CLUB
	8 SPADE
	4 DIAMOND
	10 HEART
	2 HEART
	12 DIAMOND
	5 HEART
	10 CLUB
	10 CLUB
	11 HEART
	9 CLUB
	6 DIAMOND
	2 CLUB
	14 SPADE
	11 DIAMOND
Deck 2:
	7 SPADE
	2 CLUB
	9 SPADE
	7 CLUB
	8 SPADE
	2 CLUB
	14 DIAMOND
	3 CLUB
	5 HEART
	12 HEART
	10 CLUB
	5 CLUB
Deck 3:
	3 DIAMOND
	3 SPADE
	4 DIAMOND
	10 CLUB
	4 DIAMOND
	13 SPADE
	9 SPADE
	2 CLUB
Deck 4:
	7 HEART
	7 SPADE
	6 CLUB
	8 CLUB
	6 CLUB
	14 SPADE
	13 DIAMOND
	10 DIAMOND
	7 CLUB
	6 HEART
	8 DIAMOND
	6 SPADE
The deck 4 was successfully deleted.
The deck 3 and the deck 1 were successfully merged.
The provided index is out of bounds for the deck list.
The deck 2 and the deck 0 were successfully merged.
The deck was successfully created with 2 cards.
Deck 0:
	7 SPADE
	2 CLUB
	9 SPADE
	7 CLUB
	8 SPADE
	2 CLUB
	14 DIAMOND
	3 CLUB
	5 HEART
	12 HEART
	10 CLUB
	5 CLUB
Deck 1:
	3 DIAMOND
	9 HEART
	14 HEART
	7 DIAMOND
	3 SPADE
	7 DIAMOND
	9 CLUB
	4 DIAMOND
	11 HEART
	10 CLUB
	14 DIAMOND
	4 DIAMOND
	3 CLUB
	13 SPADE
	4 SPADE
	9 SPADE
	12 DIAMOND
	2 CLUB
	6 HEART
	6 CLUB
	6 CLUB
	8 SPADE
	4 DIAMOND
	10 HEART
	2 HEART
	12 DIAMOND
	5 HEART
	10 CLUB
	10 CLUB
	11 HEART
	9 CLUB
	6 DIAMOND
	2 CLUB
	14 SPADE
	11 DIAMOND
Deck 2:
	3 HEART
	13 HEART
The deck 2 was successfully split by index 1.
The cards were successfully added to deck 0.
The length of deck 1 is 35.
The deck 3 and the deck 0 were successfully merged.
Deck 0:
	3 DIAMOND
	9 HEART
	14 HEART
	7 DIAMOND
	3 SPADE
	7 DIAMOND
	9 CLUB
	4 DIAMOND
	11 HEART
	10 CLUB
	14 DIAMOND
	4 DIAMOND
	3 CLUB
	13 SPADE
	4 SPADE
	9 SPADE
	12 DIAMOND
	2 CLUB
	6 HEART
	6 CLUB
	6 CLUB
	8 SPADE
	4 DIAMOND
	10 HEART
	2 HEART
	12 DIAMOND
	5 HEART
	10 CLUB
	10 CLUB
	11 HEART
	9 CLUB
	6 DIAMOND
	2 CLUB
	14 SPADE
	11 DIAMOND
Deck 1:
	3 HEART
Deck 2:
	13 HEART
	7 SPADE
	2 CLUB
	9 SPADE
	7 CLUB
	8 SPADE
	2 CLUB
	14 DIAMOND
	3 CLUB
	5 HEART
	12 HEART
	10 CLUB
	5 CLUB
	14 SPADE
The provided index is out of bounds for the deck list.
Deck 0:
	3 DIAMOND
	9 HEART
	14 HEART
	7 DIAMOND
	3 SPADE
	7 DIAMOND
	9 CLUB
	4 DIAMOND
	11 HEART
	10 CLUB
	14 DIAMOND
	4 DIAMOND
	3 CLUB
	13 SPADE
	4 SPADE
	9 SPADE
	12 DIAMOND
	2 CLUB
	6 HEART
	6 CLUB
	6 CLUB
	8 SPADE
	4 DIAMOND
	10 HEART
	2 HEART
	12 DIAMOND
	5 HEART
	10 CLUB
	10 CLUB
	11 HEART
	9 CLUB
	6 DIAMOND
	2 CLUB
	14 SPADE
	11 DIAMOND
Deck 1:
	3 HEART
Deck 2:
	13 HEART
	7 SPADE
	2 CLUB
	9 SPADE
	7 CLUB
	8 SPADE
	2 CLUB
	14 DIAMOND
	3 CLUB
	5 HEART
	12 HEART
	10 CLUB
	5 CLUB
	14 SPADE
The provided card is not a valid one.
The cards were successfully added to deck 2.
The deck was successfully created with 5 cards.
Deck 0:
	3 DIAMOND
	9 HEART
	14 HEART
	7 DIAMOND
	3 SPADE
	7 DIAMOND
	9 CLUB
	4 DIAMOND
	11 HEART
	10 CLUB
	14 DIAMOND
	4 DIAMOND
	3 CLUB
	13 SPADE
	4 SPADE
	9 SPADE
	12 DIAMOND
	2 CLUB
	6 HEART
	6 CLUB
	6 CLUB
	8 SPADE
	4 DIAMOND
	10 HEART
	2 HEART
	12 DIAMOND
	5 HEART
	10 CLUB
	10 CLUB
	11 HEART
	9 CLUB
	6 DIAMOND
	2 CLUB
	14 SPADE
	11 DIAMOND
Deck 1:
	3 HEART
Deck 2:
	13 HEART
	7 SPADE
	2 CLUB
	9 SPADE
	7 CLUB
	8 SPADE
	2 CLUB
	14 DIAMOND
	3 CLUB
	5 HEART
	12 HEART
	10 CLUB
	5 CLUB
	14 SPADE
	10 SPADE
	7 SPADE
	1 SPADE
Deck 3:
	14 SPADE
	14 CLUB
	5 CLUB
	5 SPADE
	13 CLUB
The deck 2 and the deck 3 were successfully merged.
Deck 0:
	3 DIAMOND
	9 HEART
	14 HEART
	7 DIAMOND
	3 SPADE
	7 DIAMOND
	9 CLUB
	4 DIAMOND
	11 HEART
	10 CLUB
	14 DIAMOND
	4 DIAMOND
	3 CLUB
	13 SPADE
	4 SPADE
	9 SPADE
	12 DIAMOND
	2 CLUB
	6 HEART
	6 CLUB
	6 CLUB
	8 SPADE
	4 DIAMOND
	10 HEART
	2 HEART
	12 DIAMOND
	5 HEART
	10 CLUB
	10 CLUB
	11 HEART
	9 CLUB
	6 DIAMOND
	2 CLUB
	14 SPADE
	11 DIAMOND
Deck 1:
	3 HEART
Deck 2:
	13 HEART
	14 SPADE
	7 SPADE
	14 CLUB
	2 CLUB
	5 CLUB
	9 SPADE
	5 SPADE
	7 CLUB
	13 CLUB
	8 SPADE
	2 CLUB
	14 DIAMOND
	3 CLUB
	5 HEART
	12 HEART
	10 CLUB
	5 CLUB
	14 SPADE
	10 SPADE
	7 SPADE
	1 SPADE
The deck 2 was successfully split by index 12.
The deck was successfully created with 3 cards.
Deck 0:
	3 DIAMOND
	9 HEART
	14 HEART
	7 DIAMOND
	3 SPADE
	7 DIAMOND
	9 CLUB
	4 DIAMOND
	11 HEART
	10 CLUB
	14 DIAMOND
	4 DIAMOND
	3 CLUB
	13 SPADE
	4 SPADE
	9 SPADE
	12 DIAMOND
	2 CLUB
	6 HEART
	6 CLUB
	6 CLUB
	8 SPADE
	4 DIAMOND
	10 HEART
	2 HEART
	12 DIAMOND
	5 HEART
	10 CLUB
	10 CLUB
	11 HEART
	9 CLUB
	6 DIAMOND
	2 CLUB
	14 SPADE
	11 DIAMOND
Deck 1:
	3 HEART
Deck 2:
	13 HEART
	14 SPADE
	7 SPADE
	14 CLUB
	2 CLUB
	5 CLUB
	9 SPADE
	5 SPADE
	7 CLUB
	13 CLUB
	8 SPADE
	2 CLUB
Deck 3:
	14 DIAMOND
	3 CLUB
	5 HEART
	12 HEART
	10 CLUB
	5 CLUB
	14 SPADE
	10 SPADE
	7 SPADE
	1 SPADE
Deck 4:
	5 DIAMOND
	10 DIAMOND
	10 HEART
The cards were successfully added to deck 4.
The provided card is not a valid one.
The deck was successfully created with 4 cards.
Deck 5:
	10 CLUB
	10 CLUB
	12 SPADE
	6 HEART
The card was successfully deleted from deck 1.
Deck 1:
	13 HEART
	14 SPADE
	7 SPADE
	14 CLUB
	2 CLUB
	5 CLUB
	9 SPADE
	5 SPADE
	7 CLUB
	13 CLUB
	8 SPADE
	2 CLUB
The deck 0 was successfully split by index 12.
The deck 1 and the deck 0 were successfully merged.
The deck 1 and the deck 2 were successfully merged.
The number of decks is 4.
Invalid command. Please try again.
Deck 0:
	13 HEART
	14 SPADE
	7 SPADE
	14 CLUB
	2 CLUB
	5 CLUB
	9 SPADE
	5 SPADE
	7 CLUB
	13 CLUB
	8 SPADE
	2 CLUB
Deck 1:
	10 CLUB
	10 CLUB
	12 SPADE
	6 HEART
Deck 2:
	3 CLUB
	3 DIAMOND
	13 SPADE
	9 HEART
	4 SPADE
	14 HEART
	9 SPADE
	7 DIAMOND
	12 DIAMOND
	3 SPADE
	2 CLUB
	7 DIAMOND
	6 HEART
	9 CLUB
	6 CLUB
	4 DIAMOND
	6 CLUB
	11 HEART
	8 SPADE
	10 CLUB
	4 DIAMOND
	14 DIAMOND
	10 HEART
	4 DIAMOND
	2 HEART
	12 DIAMOND
	5 HEART
	10 CLUB
	10 CLUB
	11 HEART
	9 CLUB
	6 DIAMOND
	2 CLUB
	14 SPADE
	11 DIAMOND
Deck 3:
	14 DIAMOND
	5 DIAMOND
	3 CLUB
	10 DIAMOND
	5 HEART
	10 HEART
	12 HEART
	10 CLUB
	10 CLUB
	8 SPADE
	5 CLUB
	14 SPADE
	10 SPADE
	7 SPADE
	1 SPADE
The cards were successfully added to deck 1.
Deck 0:
	13 HEART
	14 SPADE
	7 SPADE
	14 CLUB
	2 CLUB
	5 CLUB
	9 SPADE
	5 SPADE
	7 CLUB
	13 CLUB
	8 SPADE
	2 CLUB
Deck 1:
	10 CLUB
	10 CLUB
	12 SPADE
	6 HEART
	3 CLUB
	6 HEART
	3 SPADE
	9 SPADE
Deck 2:
	3 CLUB
	3 DIAMOND
	13 SPADE
	9 HEART
	4 SPADE
	14 HEART
	9 SPADE
	7 DIAMOND
	12 DIAMOND
	3 SPADE
	2 CLUB
	7 DIAMOND
	6 HEART
	9 CLUB
	6 CLUB
	4 DIAMOND
	6 CLUB
	11 HEART
	8 SPADE
	10 CLUB
	4 DIAMOND
	14 DIAMOND
	10 HEART
	4 DIAMOND
	2 HEART
	12 DIAMOND
	5 HEART
	10 CLUB
	10 CLUB
	11 HEART
	9 CLUB
	6 DIAMOND
	2 CLUB
	14 SPADE
	11 DIAMOND
Deck 3:
	14 DIAMOND
	5 DIAMOND
	3 CLUB
	10 DIAMOND
	5 HEART
	10 HEART
	12 HEART
	10 CLUB
	10 CLUB
	8 SPADE
	5 CLUB
	14 SPADE
	10 SPADE
	7 SPADE
	1 SPADE
The deck 1 was successfully deleted.
The deck was successfully created with 2 cards.
The deck 2 and the deck 1 were successfully merged.
The deck was successfully created with 5 cards.
The deck 0 was successfully deleted.
The deck was successfully created with 2 cards.
Deck 1:
	14 DIAMOND
	3 CLUB
	5 DIAMOND
	3 DIAMOND
	3 CLUB
	13 SPADE
	10 DIAMOND
	9 HEART
	5 HEART
	4 SPADE
	10 HEART
	14 HEART
	12 HEART
	9 SPADE
	10 CLUB
	7 DIAMOND
	10 CLUB
	12 DIAMOND
	8 SPADE
	3 SPADE
	5 CLUB
	2 CLUB
	14 SPADE
	7 DIAMOND
	10 SPADE
	6 HEART
	7 SPADE
	9 CLUB
	1 SPADE
	6 CLUB
	4 DIAMOND
	6 CLUB
	11 HEART
	8 SPADE
	10 CLUB
	4 DIAMOND
	14 DIAMOND
	10 HEART
	4 DIAMOND
	2 HEART
	12 DIAMOND
	5 HEART
	10 CLUB
	10 CLUB
	11 HEART
	9 CLUB
	6 DIAMOND
	2 CLUB
	14 SPADE
	11 DIAMOND
The deck 2 and the deck 0 were successfully merged.
The provided card is not a valid one.
The deck was successfully created with 8 cards.
The deck 0 was successfully deleted.
The provided card is not a valid one.
The deck was successfully created with 7 cards.
The provided index is out of bounds for deck 0.
The number of decks is 4.
The deck 2 was successfully deleted.
Invalid command. Please try again.
Deck 0:
	11 HEART
	7 DIAMOND
Deck 1:
	13 DIAMOND
	13 SPADE
	6 CLUB
	9 HEART
	4 DIAMOND
	8 CLUB
	7 DIAMOND
Deck 2:
	5 SPADE
	8 SPADE
	2 DIAMOND
	11 DIAMOND
	10 HEART
	11 DIAMOND
	5 SPADE
The deck 2 was successfully split by index 1.
Deck 0:
	11 HEART
	7 DIAMOND
Deck 1:
	13 DIAMOND
	13 SPADE
	6 CLUB
	9 HEART
	4 DIAMOND
	8 CLUB
	7 DIAMOND
Deck 2:
	5 SPADE
Deck 3:
	8 SPADE
	2 DIAMOND
	11 DIAMOND
	10 HEART
	11 DIAMOND
	5 SPADE
The deck 1 and the deck 2 were successfully merged.
Deck 2:
	13 DIAMOND
	5 SPADE
	13 SPADE
	6 CLUB
	9 HEART
	4 DIAMOND
	8 CLUB
	7 DIAMOND
The deck 1 was successfully split by index 5.
The deck 1 and the deck 2 were successfully merged.
The deck 0 and the deck 1 were successfully merged.
The provided card is not a valid one.
The deck was successfully created with 8 cards.
Invalid command. Please try again.
The number of decks is 3.
Deck 0:
	8 SPADE
	5 SPADE
	2 DIAMOND
	11 DIAMOND
	10 HEART
	11 DIAMOND
Deck 1:
	11 HEART
	13 DIAMOND
	7 DIAMOND
	5 SPADE
	13 SPADE
	6 CLUB
	9 HEART
	4 DIAMOND
	8 CLUB
	7 DIAMOND
Deck 2:
	9 CLUB
	7 SPADE
	6 HEART
	14 HEART
	1 SPADE
	2 SPADE
	5 DIAMOND
	13 HEART
The card was successfully deleted from deck 0.
Deck 0:
	8 SPADE
	5 SPADE
	11 DIAMOND
	10 HEART
	11 DIAMOND
Deck 1:
	11 HEART
	13 DIAMOND
	7 DIAMOND
	5 SPADE
	13 SPADE
	6 CLUB
	9 HEART
	4 DIAMOND
	8 CLUB
	7 DIAMOND
Deck 2:
	9 CLUB
	7 SPADE
	6 HEART
	14 HEART
	1 SPADE
	2 SPADE
	5 DIAMOND
	13 HEART
The provided index is out of bounds for deck 1.
The provided index is out of bounds for the deck list.
The card was successfully deleted from deck 2.
Deck 0:
	8 SPADE
	5 SPADE
	11 DIAMOND
	10 HEART
	11 DIAMOND
Deck 1:
	11 HEART
	13 DIAMOND
	7 DIAMOND
	5 SPADE
	13 SPADE
	6 CLUB
	9 HEART
	4 DIAMOND
	8 CLUB
	7 DIAMOND
Deck 2:
	9 CLUB
	7 SPADE
	14 HEART
	1 SPADE
	2 SPADE
	5 DIAMOND
	13 HEART
The number of decks is 3.
Deck 0:
	8 SPADE
	5 SPADE
	11 DIAMOND
	10 HEART
	11 DIAMOND
Deck 1:
	11 HEART
	13 DIAMOND
	7 DIAMOND
	5 SPADE
	13 SPADE
	6 CLUB
	9 HEART
	4 DIAMOND
	8 CLUB
	7 DIAMOND
Deck 2:
	9 CLUB
	7 SPADE
	14 HEART
	1 SPADE
	2 SPADE
	5 DIAMOND
	13 HEART
The deck 0 and the deck 2 were successfully merged.
Deck 0:
	11 HEART
	13 DIAMOND
	7 DIAMOND
	5 SPADE
	13 SPADE
	6 CLUB
	9 HEART
	4 DIAMOND
	8 CLUB
	7 DIAMOND
Deck 1:
	8 SPADE
	9 CLUB
	5 SPADE
	7 SPADE
	11 DIAMOND
	14 HEART
	10 HEART
	1 SPADE
	11 DIAMOND
	2 SPADE
	5 DIAMOND
	13 HEART
The deck was successfully created with 6 cards.
The provided index is out of bounds for deck 2.
The cards were successfully added to deck 2.
Deck 0:
	11 HEART
	13 DIAMOND
	7 DIAMOND
	5 SPADE
	13 SPADE
	6 CLUB
	9 HEART
	4 DIAMOND
	8 CLUB
	7 DIAMOND
Deck 1:
	8 SPADE
	9 CLUB
	5 SPADE
	7 SPADE
	11 DIAMOND
	14 HEART
	10 HEART
	1 SPADE
	11 DIAMOND
	2 SPADE
	5 DIAMOND
	13 HEART
Deck 2:
	9 SPADE
	1 HEART
	3 HEART
	11 SPADE
	13 DIAMOND
	13 HEART
	6 HEART
The deck 0 and the deck 2 were successfully merged.
The deck 0 was successfully deleted.
The deck was successfully created with 6 cards.
