The deck was successfully created with 7 cards.
The deck was successfully created with 3 cards.
The deck was successfully created with 5 cards.
The deck 2 was successfully deleted.
The deck was successfully created with 8 cards.
Deck 1:
	4 CLUB
	11 DIAMOND
	14 DIAMOND
The deck was successfully created with 3 cards.
Deck 0:
	13 SPADE
	9 DIAMOND
	1 SPADE
	6 SPADE
	2 DIAMOND
	13 CLUB
	11 SPADE
Deck 1:
	4 CLUB
	11 DIAMOND
	14 DIAMOND
Deck 2:
	10 SPADE
	11 DIAMOND
	4 DIAMOND
	13 CLUB
	11 SPADE
	11 DIAMOND
	3 CLUB
	6 SPADE
Deck 3:
	14 SPADE
	9 DIAMOND
	10 DIAMOND
The cards were successfully added to deck 1.
Deck 0:
	13 SPADE
	9 DIAMOND
	1 SPADE
	6 SPADE
	2 DIAMOND
	13 CLUB
	11 SPADE
Deck 1:
	4 CLUB
	11 DIAMOND
	14 DIAMOND
	7 HEART
Deck 2:
	10 SPADE
	11 DIAMOND
	4 DIAMOND
	13 CLUB
	11 SPADE
	11 DIAMOND
	3 CLUB
	6 SPADE
Deck 3:
	14 SPADE
	9 DIAMOND
	10 DIAMOND
The card was successfully deleted from deck 0.
Deck 3:
	14 SPADE
	9 DIAMOND
	10 DIAMOND
The cards were successfully added to deck 3.
Deck 0:
	13 SPADE
	9 DIAMOND
	1 SPADE
	2 DIAMOND
	13 CLUB
	11 SPADE
Deck 1:
	4 CLUB
	11 DIAMOND
	14 DIAMOND
	7 HEART
Deck 2:
	10 SPADE
	11 DIAMOND
	4 DIAMOND
	13 CLUB
	11 SPADE
	11 DIAMOND
	3 CLUB
	6 SPADE
Deck 3:
	14 SPADE
	9 DIAMOND
	10 DIAMOND
	11 DIAMOND
	11 HEART
	2 CLUB
The card was successfully deleted from deck 0.
The card was successfully deleted from deck 3.
The card was successfully deleted from deck 2.
Deck 0:
	13 SPADE
	9 DIAMOND
	1 SPADE
	13 CLUB
	11 SPADE
Deck 1:
	4 CLUB
	11 DIAMOND
	14 DIAMOND
	7 HEART
Deck 2:
	10 SPADE
	11 DIAMOND
	4 DIAMOND
	13 CLUB
	11 DIAMOND
	3 CLUB
	6 SPADE
Deck 3:
	14 SPADE
	9 DIAMOND
	11 DIAMOND
	11 HEART
	2 CLUB
The deck 3 was successfully deleted.
The deck 1 was successfully deleted.
The deck was successfully created with 6 cards.
The cards were successfully added to deck 1.
Deck 2:
	12 DIAMOND
	9 DIAMOND
	9 CLUB
	9 DIAMOND
	2 HEART
	5 HEART
The cards were successfully added to deck 1.
The card was successfully deleted from deck 0.
The card was successfully deleted from deck 2.
The cards were successfully added to deck 1.
The card was successfully deleted from deck 1.
Deck 0:
	13 SPADE
	9 DIAMOND
	13 CLUB
	11 SPADE
Deck 1:
	10 SPADE
	11 DIAMOND
	13 CLUB
	11 DIAMOND
	3 CLUB
	6 SPADE
	13 CLUB
	5 HEART
	8 CLUB
	13 SPADE
	3 DIAMOND
	13 HEART
	9 HEART
	5 DIAMOND
Deck 2:
	12 DIAMOND
	9 DIAMOND
	9 CLUB
	2 HEART
	5 HEART
The cards were successfully added to deck 1.
Deck 0:
	13 SPADE
	9 DIAMOND
	13 CLUB
	11 SPADE
Deck 1:
	10 SPADE
	11 DIAMOND
	13 CLUB
	11 DIAMOND
	3 CLUB
	6 SPADE
	13 CLUB
	5 HEART
	8 CLUB
	13 SPADE
	3 DIAMOND
	13 HEART
	9 HEART
	5 DIAMOND
	11 SPADE
	11 DIAMOND
	9 HEART
Deck 2:
	12 DIAMOND
	9 DIAMOND
	9 CLUB
	2 HEART
	5 HEART
The cards were successfully added to deck 0.
Deck 1:
	10 SPADE
	11 DIAMOND
	13 CLUB
	11 DIAMOND
	3 CLUB
	6 SPADE
	13 CLUB
	5 HEART
	8 CLUB
	13 SPADE
	3 DIAMOND
	13 HEART
	9 HEART
	5 DIAMOND
	11 SPADE
	11 DIAMOND
	9 HEART
The deck 2 was successfully deleted.
The deck was successfully created with 5 cards.
Deck 0:
	13 SPADE
	9 DIAMOND
	13 CLUB
	11 SPADE
	3 HEART
	9 DIAMOND
The card was successfully deleted from deck 1.
The deck 2 was successfully deleted.
The deck was successfully created with 3 cards.
Deck 0:
	13 SPADE
	9 DIAMOND
	13 CLUB
	11 SPADE
	3 HEART
	9 DIAMOND
Deck 1:
	10 SPADE
	11 DIAMOND
	13 CLUB
	11 DIAMOND
	3 CLUB
	6 SPADE
	13 CLUB
	5 HEART
	8 CLUB
	13 SPADE
	3 DIAMOND
	13 HEART
	5 DIAMOND
	11 SPADE
	11 DIAMOND
	9 HEART
Deck 2:
	7 SPADE
	3 DIAMOND
	7 CLUB
The deck was successfully created with 3 cards.
Deck 0:
	13 SPADE
	9 DIAMOND
	13 CLUB
	11 SPADE
	3 HEART
	9 DIAMOND
