The deck was successfully created with 2 cards.
The deck was successfully created with 4 cards.
The deck was successfully created with 2 cards.
Deck 0:
	7 CLUB
	5 SPADE
Deck 1:
	13 CLUB
	7 HEART
	10 CLUB
	12 CLUB
Deck 2:
	4 SPADE
	8 HEART
The deck 1 was successfully deleted.
The deck was successfully created with 8 cards.
The deck 1 was successfully deleted.
The deck was successfully created with 2 cards.
The card was successfully deleted from deck 1.
The length of deck 0 is 2.
Deck 2:
	2 CLUB
	2 HEART
The length of deck 0 is 2.
The deck was successfully created with 3 cards.
The length of deck 3 is 3.
The cards were successfully added to deck 1.
The card was successfully deleted from deck 0.
The number of decks is 4.
The deck was successfully created with 6 cards.
Deck 0:
	5 SPADE
Deck 1:
	4 DIAMOND
	9 SPADE
	4 CLUB
	13 CLUB
	1 DIAMOND
	1 SPADE
	10 DIAMOND
	5 HEART
Deck 2:
	2 CLUB
	2 HEART
Deck 3:
	13 SPADE
	1 CLUB
	1 SPADE
Deck 4:
	10 SPADE
	14 DIAMOND
	7 DIAMOND
	13 SPADE
	5 DIAMOND
	3 CLUB
The cards were successfully added to deck 1.
Deck 0:
	5 SPADE
Deck 1:
	4 DIAMOND
	9 SPADE
	4 CLUB
	13 CLUB
	1 DIAMOND
	1 SPADE
	10 DIAMOND
	5 HEART
	4 CLUB
	14 SPADE
	13 CLUB
Deck 2:
	2 CLUB
	2 HEART
Deck 3:
	13 SPADE
	1 CLUB
	1 SPADE
Deck 4:
	10 SPADE
	14 DIAMOND
	7 DIAMOND
	13 SPADE
	5 DIAMOND
	3 CLUB
The length of deck 4 is 6.
Deck 0:
	5 SPADE
Deck 1:
	4 DIAMOND
	9 SPADE
	4 CLUB
	13 CLUB
	1 DIAMOND
	1 SPADE
	10 DIAMOND
	5 HEART
	4 CLUB
	14 SPADE
	13 CLUB
Deck 2:
	2 CLUB
	2 HEART
Deck 3:
	13 SPADE
	1 CLUB
	1 SPADE
Deck 4:
	10 SPADE
	14 DIAMOND
	7 DIAMOND
	13 SPADE
	5 DIAMOND
	3 CLUB
The deck was successfully created with 6 cards.
Deck 3:
	13 SPADE
	1 CLUB
	1 SPADE
The deck was successfully created with 6 cards.
Deck 0:
	5 SPADE
Deck 1:
	4 DIAMOND
	9 SPADE
	4 CLUB
	13 CLUB
	1 DIAMOND
	1 SPADE
	10 DIAMOND
	5 HEART
	4 CLUB
	14 SPADE
	13 CLUB
Deck 2:
	2 CLUB
	2 HEART
Deck 3:
	13 SPADE
	1 CLUB
	1 SPADE
Deck 4:
	10 SPADE
	14 DIAMOND
	7 DIAMOND
	13 SPADE
	5 DIAMOND
	3 CLUB
Deck 5:
	9 CLUB
	9 DIAMOND
	10 CLUB
	12 SPADE
	13 CLUB
	5 CLUB
Deck 6:
	5 SPADE
	10 SPADE
	6 CLUB
	2 CLUB
	6 HEART
	5 CLUB
The card was successfully deleted from deck 3.
The number of decks is 7.
The length of deck 5 is 6.
Deck 0:
	5 SPADE
Deck 1:
	4 DIAMOND
	9 SPADE
	4 CLUB
	13 CLUB
	1 DIAMOND
	1 SPADE
	10 DIAMOND
	5 HEART
	4 CLUB
	14 SPADE
	13 CLUB
Deck 2:
	2 CLUB
	2 HEART
Deck 3:
	1 CLUB
	1 SPADE
Deck 4:
	10 SPADE
	14 DIAMOND
	7 DIAMOND
	13 SPADE
	5 DIAMOND
	3 CLUB
Deck 5:
	9 CLUB
	9 DIAMOND
	10 CLUB
	12 SPADE
	13 CLUB
	5 CLUB
Deck 6:
	5 SPADE
	10 SPADE
	6 CLUB
	2 CLUB
	6 HEART
	5 CLUB
The number of decks is 7.
