The deck was successfully created with 3 cards.
The deck was successfully created with 6 cards.
The deck was successfully created with 4 cards.
The length of deck 2 is 4.
Deck 0:
	8 CLUB
	7 HEART
	12 HEART
Deck 1:
	10 SPADE
	8 DIAMOND
	3 HEART
	1 DIAMOND
	4 CLUB
	7 HEART
Deck 2:
	13 HEART
	3 DIAMOND
	2 CLUB
	1 HEART
The number of decks is 3.
The deck 0 was successfully deleted.
The deck was successfully created with 2 cards.
Deck 0:
	10 SPADE
	8 DIAMOND
	3 HEART
	1 DIAMOND
	4 CLUB
	7 HEART
Deck 1:
	13 HEART
	3 DIAMOND
	2 CLUB
	1 HEART
Deck 2:
	5 CLUB
	6 SPADE
The card was successfully deleted from deck 1.
The cards were successfully added to deck 0.
The length of deck 0 is 8.
Deck 0:
	10 SPADE
	8 DIAMOND
	3 HEART
	1 DIAMOND
	4 CLUB
	7 HEART
	7 HEART
	10 CLUB
Deck 1:
	13 HEART
	3 DIAMOND
	2 CLUB
Deck 2:
	5 CLUB
	6 SPADE
The provided card is not a valid one.
The deck was successfully created with 7 cards.
The provided index is out of bounds for the deck list.
Deck 1:
	13 HEART
	3 DIAMOND
	2 CLUB
The number of decks is 4.
The provided card is not a valid one.
The deck was successfully created with 7 cards.
Deck 0:
	10 SPADE
	8 DIAMOND
	3 HEART
	1 DIAMOND
	4 CLUB
	7 HEART
	7 HEART
	10 CLUB
Deck 1:
	13 HEART
	3 DIAMOND
	2 CLUB
Deck 2:
	5 CLUB
	6 SPADE
Deck 3:
	11 CLUB
	12 DIAMOND
	4 CLUB
	10 CLUB
	7 HEART
	1 HEART
	11 HEART
Deck 4:
	2 HEART
	9 CLUB
	5 SPADE
	9 HEART
	10 DIAMOND
	13 SPADE
	7 DIAMOND
The deck 3 was successfully deleted.
Deck 0:
	10 SPADE
	8 DIAMOND
	3 HEART
	1 DIAMOND
	4 CLUB
	7 HEART
	7 HEART
	10 CLUB
Deck 1:
	13 HEART
	3 DIAMOND
	2 CLUB
Deck 2:
	5 CLUB
	6 SPADE
Deck 3:
	2 HEART
	9 CLUB
	5 SPADE
	9 HEART
	10 DIAMOND
	13 SPADE
	7 DIAMOND
The cards were successfully added to deck 0.
The card was successfully deleted from deck 0.
The deck was successfully created with 5 cards.
Deck 0:
	10 SPADE
	8 DIAMOND
	3 HEART
	1 DIAMOND
	7 HEART
	7 HEART
	10 CLUB
	12 CLUB
	3 SPADE
	12 SPADE
	4 SPADE
Deck 1:
	13 HEART
	3 DIAMOND
	2 CLUB
Deck 2:
	5 CLUB
	6 SPADE
Deck 3:
	2 HEART
	9 CLUB
	5 SPADE
	9 HEART
	10 DIAMOND
	13 SPADE
	7 DIAMOND
Deck 4:
	7 SPADE
	13 DIAMOND
	7 HEART
	8 CLUB
	13 HEART
The number of decks is 5.
Deck 0:
	10 SPADE
	8 DIAMOND
	3 HEART
	1 DIAMOND
	7 HEART
	7 HEART
	10 CLUB
	12 CLUB
	3 SPADE
	12 SPADE
	4 SPADE
The length of deck 0 is 11.
Deck 0:
	10 SPADE
	8 DIAMOND
	3 HEART
	1 DIAMOND
	7 HEART
	7 HEART
	10 CLUB
	12 CLUB
	3 SPADE
	12 SPADE
	4 SPADE
Deck 1:
	13 HEART
	3 DIAMOND
	2 CLUB
Deck 2:
	5 CLUB
	6 SPADE
Deck 3:
	2 HEART
	9 CLUB
	5 SPADE
	9 HEART
	10 DIAMOND
	13 SPADE
	7 DIAMOND
Deck 4:
	7 SPADE
	13 DIAMOND
	7 HEART
	8 CLUB
	13 HEART
Invalid command. Please try again.
The deck was successfully created with 2 cards.
Deck 0:
	10 SPADE
	8 DIAMOND
	3 HEART
	1 DIAMOND
	7 HEART
	7 HEART
	10 CLUB
	12 CLUB
	3 SPADE
	12 SPADE
	4 SPADE
Deck 1:
	13 HEART
	3 DIAMOND
	2 CLUB
Deck 2:
	5 CLUB
	6 SPADE
Deck 3:
	2 HEART
	9 CLUB
	5 SPADE
	9 HEART
	10 DIAMOND
	13 SPADE
	7 DIAMOND
Deck 4:
	7 SPADE
	13 DIAMOND
	7 HEART
	8 CLUB
	13 HEART
Deck 5:
	9 HEART
	10 CLUB
The number of decks is 6.
Deck 0:
	10 SPADE
	8 DIAMOND
	3 HEART
	1 DIAMOND
	7 HEART
	7 HEART
	10 CLUB
	12 CLUB
	3 SPADE
	12 SPADE
	4 SPADE
Deck 1:
	13 HEART
	3 DIAMOND
	2 CLUB
Deck 2:
	5 CLUB
	6 SPADE
Deck 3:
	2 HEART
	9 CLUB
	5 SPADE
	9 HEART
	10 DIAMOND
	13 SPADE
	7 DIAMOND
Deck 4:
	7 SPADE
	13 DIAMOND
	7 HEART
	8 CLUB
	13 HEART
Deck 5:
	9 HEART
	10 CLUB
The number of decks is 6.
The number of decks is 6.
Deck 0:
	10 SPADE
	8 DIAMOND
	3 HEART
	1 DIAMOND
	7 HEART
	7 HEART
	10 CLUB
	12 CLUB
	3 SPADE
	12 SPADE
	4 SPADE
Deck 1:
	13 HEART
	3 DIAMOND
	2 CLUB
Deck 2:
	5 CLUB
	6 SPADE
Deck 3:
	2 HEART
	9 CLUB
	5 SPADE
	9 HEART
	10 DIAMOND
	13 SPADE
	7 DIAMOND
Deck 4:
	7 SPADE
	13 DIAMOND
	7 HEART
	8 CLUB
	13 HEART
Deck 5:
	9 HEART
	10 CLUB
The provided card is not a valid one.
The deck was successfully created with 2 cards.
Deck 0:
	10 SPADE
	8 DIAMOND
	3 HEART
	1 DIAMOND
	7 HEART
	7 HEART
	10 CLUB
	12 CLUB
	3 SPADE
	12 SPADE
	4 SPADE
Deck 1:
	13 HEART
	3 DIAMOND
	2 CLUB
Deck 2:
	5 CLUB
	6 SPADE
Deck 3:
	2 HEART
	9 CLUB
	5 SPADE
	9 HEART
	10 DIAMOND
	13 SPADE
	7 DIAMOND
Deck 4:
	7 SPADE
	13 DIAMOND
	7 HEART
	8 CLUB
	13 HEART
Deck 5:
	9 HEART
	10 CLUB
Deck 6:
	13 CLUB
	8 SPADE
The card was successfully deleted from deck 6.
Deck 0:
	10 SPADE
	8 DIAMOND
	3 HEART
	1 DIAMOND
	7 HEART
	7 HEART
	10 CLUB
	12 CLUB
	3 SPADE
	12 SPADE
	4 SPADE
Deck 1:
	13 HEART
	3 DIAMOND
	2 CLUB
Deck 2:
	5 CLUB
	6 SPADE
Deck 3:
	2 HEART
	9 CLUB
	5 SPADE
	9 HEART
	10 DIAMOND
	13 SPADE
	7 DIAMOND
Deck 4:
	7 SPADE
	13 DIAMOND
	7 HEART
	8 CLUB
	13 HEART
Deck 5:
	9 HEART
	10 CLUB
Deck 6:
	8 SPADE
The cards were successfully added to deck 6.
The deck 3 was successfully deleted.
The deck was successfully created with 3 cards.
Deck 0:
	10 SPADE
	8 DIAMOND
	3 HEART
	1 DIAMOND
	7 HEART
	7 HEART
	10 CLUB
	12 CLUB
	3 SPADE
	12 SPADE
	4 SPADE
Deck 1:
	13 HEART
	3 DIAMOND
	2 CLUB
Deck 2:
	5 CLUB
	6 SPADE
Deck 3:
	7 SPADE
	13 DIAMOND
	7 HEART
	8 CLUB
	13 HEART
Deck 4:
	9 HEART
	10 CLUB
Deck 5:
	8 SPADE
	4 HEART
	2 SPADE
	4 CLUB
	3 SPADE
Deck 6:
	7 CLUB
	4 HEART
	14 SPADE
The number of decks is 7.
The length of deck 5 is 5.
The number of decks is 7.
The length of deck 4 is 2.
Deck 0:
	10 SPADE
	8 DIAMOND
	3 HEART
	1 DIAMOND
	7 HEART
	7 HEART
	10 CLUB
	12 CLUB
	3 SPADE
	12 SPADE
	4 SPADE
Deck 1:
	13 HEART
	3 DIAMOND
	2 CLUB
Deck 2:
	5 CLUB
	6 SPADE
Deck 3:
	7 SPADE
	13 DIAMOND
	7 HEART
	8 CLUB
	13 HEART
Deck 4:
	9 HEART
	10 CLUB
Deck 5:
	8 SPADE
	4 HEART
	2 SPADE
	4 CLUB
	3 SPADE
Deck 6:
	7 CLUB
	4 HEART
	14 SPADE
The provided card is not a valid one.
The cards were successfully added to deck 1.
The cards were successfully added to deck 4.
The card was successfully deleted from deck 6.
The cards were successfully added to deck 3.
Deck 0:
	10 SPADE
	8 DIAMOND
	3 HEART
	1 DIAMOND
	7 HEART
	7 HEART
	10 CLUB
	12 CLUB
	3 SPADE
	12 SPADE
	4 SPADE
Deck 1:
	13 HEART
	3 DIAMOND
	2 CLUB
	10 HEART
	5 HEART
Deck 2:
	5 CLUB
	6 SPADE
Deck 3:
	7 SPADE
	13 DIAMOND
	7 HEART
	8 CLUB
	13 HEART
	12 CLUB
	1 CLUB
	11 DIAMOND
	11 SPADE
Deck 4:
	9 HEART
	10 CLUB
	2 SPADE
	7 CLUB
	14 CLUB
	3 CLUB
Deck 5:
	8 SPADE
	4 HEART
	2 SPADE
	4 CLUB
	3 SPADE
Deck 6:
	4 HEART
	14 SPADE
The cards were successfully added to deck 1.
Deck 5:
	8 SPADE
	4 HEART
	2 SPADE
	4 CLUB
	3 SPADE
The cards were successfully added to deck 6.
The deck was successfully created with 5 cards.
Deck 0:
	10 SPADE
	8 DIAMOND
	3 HEART
	1 DIAMOND
	7 HEART
	7 HEART
	10 CLUB
	12 CLUB
	3 SPADE
	12 SPADE
	4 SPADE
Deck 1:
	13 HEART
	3 DIAMOND
	2 CLUB
	10 HEART
	5 HEART
	3 CLUB
	8 HEART
Deck 2:
	5 CLUB
	6 SPADE
Deck 3:
	7 SPADE
	13 DIAMOND
	7 HEART
	8 CLUB
	13 HEART
	12 CLUB
	1 CLUB
	11 DIAMOND
	11 SPADE
Deck 4:
	9 HEART
	10 CLUB
	2 SPADE
	7 CLUB
	14 CLUB
	3 CLUB
Deck 5:
	8 SPADE
	4 HEART
	2 SPADE
	4 CLUB
	3 SPADE
Deck 6:
	4 HEART
	14 SPADE
	3 SPADE
Deck 7:
	13 SPADE
	5 HEART
	13 HEART
	10 SPADE
	14 DIAMOND
The cards were successfully added to deck 5.
Deck 0:
	10 SPADE
	8 DIAMOND
	3 HEART
	1 DIAMOND
	7 HEART
	7 HEART
	10 CLUB
	12 CLUB
	3 SPADE
	12 SPADE
	4 SPADE
Deck 1:
	13 HEART
	3 DIAMOND
	2 CLUB
	10 HEART
	5 HEART
	3 CLUB
	8 HEART
Deck 2:
	5 CLUB
	6 SPADE
Deck 3:
	7 SPADE
	13 DIAMOND
	7 HEART
	8 CLUB
	13 HEART
	12 CLUB
	1 CLUB
	11 DIAMOND
	11 SPADE
Deck 4:
	9 HEART
	10 CLUB
	2 SPADE
	7 CLUB
	14 CLUB
	3 CLUB
Deck 5:
	8 SPADE
	4 HEART
	2 SPADE
	4 CLUB
	3 SPADE
	5 HEART
	12 CLUB
	2 DIAMOND
	14 CLUB
Deck 6:
	4 HEART
	14 SPADE
	3 SPADE
Deck 7:
	13 SPADE
	5 HEART
	13 HEART
	10 SPADE
	14 DIAMOND
The length of deck 1 is 7.
The length of deck 0 is 11.
Deck 0:
	10 SPADE
	8 DIAMOND
	3 HEART
	1 DIAMOND
	7 HEART
	7 HEART
	10 CLUB
	12 CLUB
	3 SPADE
	12 SPADE
	4 SPADE
Deck 1:
	13 HEART
	3 DIAMOND
	2 CLUB
	10 HEART
	5 HEART
	3 CLUB
	8 HEART
Deck 2:
	5 CLUB
	6 SPADE
Deck 3:
	7 SPADE
	13 DIAMOND
	7 HEART
	8 CLUB
	13 HEART
	12 CLUB
	1 CLUB
	11 DIAMOND
	11 SPADE
Deck 4:
	9 HEART
	10 CLUB
	2 SPADE
	7 CLUB
	14 CLUB
	3 CLUB
Deck 5:
	8 SPADE
	4 HEART
	2 SPADE
	4 CLUB
	3 SPADE
	5 HEART
	12 CLUB
	2 DIAMOND
	14 CLUB
Deck 6:
	4 HEART
	14 SPADE
	3 SPADE
Deck 7:
	13 SPADE
	5 HEART
	13 HEART
	10 SPADE
	14 DIAMOND
The cards were successfully added to deck 6.
Deck 0:
	10 SPADE
	8 DIAMOND
	3 HEART
	1 DIAMOND
	7 HEART
	7 HEART
	10 CLUB
	12 CLUB
	3 SPADE
	12 SPADE
	4 SPADE
Deck 1:
	13 HEART
	3 DIAMOND
	2 CLUB
	10 HEART
	5 HEART
	3 CLUB
	8 HEART
Deck 2:
	5 CLUB
	6 SPADE
Deck 3:
	7 SPADE
	13 DIAMOND
	7 HEART
	8 CLUB
	13 HEART
	12 CLUB
	1 CLUB
	11 DIAMOND
	11 SPADE
Deck 4:
	9 HEART
	10 CLUB
	2 SPADE
	7 CLUB
	14 CLUB
	3 CLUB
Deck 5:
	8 SPADE
	4 HEART
	2 SPADE
	4 CLUB
	3 SPADE
	5 HEART
	12 CLUB
	2 DIAMOND
	14 CLUB
Deck 6:
	4 HEART
	14 SPADE
	3 SPADE
	10 DIAMOND
Deck 7:
	13 SPADE
	5 HEART
	13 HEART
	10 SPADE
	14 DIAMOND
The length of deck 0 is 11.
Deck 0:
	10 SPADE
	8 DIAMOND
	3 HEART
	1 DIAMOND
	7 HEART
	7 HEART
	10 CLUB
	12 CLUB
	3 SPADE
	12 SPADE
	4 SPADE
Deck 1:
	13 HEART
	3 DIAMOND
	2 CLUB
	10 HEART
	5 HEART
	3 CLUB
	8 HEART
Deck 2:
	5 CLUB
	6 SPADE
Deck 3:
	7 SPADE
	13 DIAMOND
	7 HEART
	8 CLUB
	13 HEART
	12 CLUB
	1 CLUB
	11 DIAMOND
	11 SPADE
Deck 4:
	9 HEART
	10 CLUB
	2 SPADE
	7 CLUB
	14 CLUB
	3 CLUB
Deck 5:
	8 SPADE
	4 HEART
	2 SPADE
	4 CLUB
	3 SPADE
	5 HEART
	12 CLUB
	2 DIAMOND
	14 CLUB
Deck 6:
	4 HEART
	14 SPADE
	3 SPADE
	10 DIAMOND
Deck 7:
	13 SPADE
	5 HEART
	13 HEART
	10 SPADE
	14 DIAMOND
The deck was successfully created with 3 cards.
Deck 0:
	10 SPADE
	8 DIAMOND
	3 HEART
	1 DIAMOND
	7 HEART
	7 HEART
	10 CLUB
	12 CLUB
	3 SPADE
	12 SPADE
	4 SPADE
Deck 1:
	13 HEART
	3 DIAMOND
	2 CLUB
	10 HEART
	5 HEART
	3 CLUB
	8 HEART
Deck 2:
	5 CLUB
	6 SPADE
Deck 3:
	7 SPADE
	13 DIAMOND
	7 HEART
	8 CLUB
	13 HEART
	12 CLUB
	1 CLUB
	11 DIAMOND
	11 SPADE
Deck 4:
	9 HEART
	10 CLUB
	2 SPADE
	7 CLUB
	14 CLUB
	3 CLUB
Deck 5:
	8 SPADE
	4 HEART
	2 SPADE
	4 CLUB
	3 SPADE
	5 HEART
	12 CLUB
	2 DIAMOND
	14 CLUB
Deck 6:
	4 HEART
	14 SPADE
	3 SPADE
	10 DIAMOND
Deck 7:
	13 SPADE
	5 HEART
	13 HEART
	10 SPADE
	14 DIAMOND
Deck 8:
	10 CLUB
	11 DIAMOND
	9 DIAMOND
The number of decks is 9.
The length of deck 0 is 11.
The card was successfully deleted from deck 1.
Deck 0:
	10 SPADE
	8 DIAMOND
	3 HEART
	1 DIAMOND
	7 HEART
	7 HEART
	10 CLUB
	12 CLUB
	3 SPADE
	12 SPADE
	4 SPADE
Deck 1:
	13 HEART
	3 DIAMOND
	2 CLUB
	5 HEART
	3 CLUB
	8 HEART
Deck 2:
	5 CLUB
	6 SPADE
Deck 3:
	7 SPADE
	13 DIAMOND
	7 HEART
	8 CLUB
	13 HEART
	12 CLUB
	1 CLUB
	11 DIAMOND
	11 SPADE
Deck 4:
	9 HEART
	10 CLUB
	2 SPADE
	7 CLUB
	14 CLUB
	3 CLUB
Deck 5:
	8 SPADE
	4 HEART
	2 SPADE
	4 CLUB
	3 SPADE
	5 HEART
	12 CLUB
	2 DIAMOND
	14 CLUB
Deck 6:
	4 HEART
	14 SPADE
	3 SPADE
	10 DIAMOND
Deck 7:
	13 SPADE
	5 HEART
	13 HEART
	10 SPADE
	14 DIAMOND
Deck 8:
	10 CLUB
	11 DIAMOND
	9 DIAMOND
The deck 5 was successfully deleted.
Deck 0:
	10 SPADE
	8 DIAMOND
	3 HEART
	1 DIAMOND
	7 HEART
	7 HEART
	10 CLUB
	12 CLUB
	3 SPADE
	12 SPADE
	4 SPADE
Deck 1:
	13 HEART
	3 DIAMOND
	2 CLUB
	5 HEART
	3 CLUB
	8 HEART
Deck 2:
	5 CLUB
	6 SPADE
Deck 3:
	7 SPADE
	13 DIAMOND
	7 HEART
	8 CLUB
	13 HEART
	12 CLUB
	1 CLUB
	11 DIAMOND
	11 SPADE
Deck 4:
	9 HEART
	10 CLUB
	2 SPADE
	7 CLUB
	14 CLUB
	3 CLUB
Deck 5:
	4 HEART
	14 SPADE
	3 SPADE
	10 DIAMOND
Deck 6:
	13 SPADE
	5 HEART
	13 HEART
	10 SPADE
	14 DIAMOND
Deck 7:
	10 CLUB
	11 DIAMOND
	9 DIAMOND
The deck was successfully created with 5 cards.
The number of decks is 9.
The length of deck 3 is 9.
The number of decks is 9.
The deck was successfully created with 3 cards.
The deck was successfully created with 7 cards.
The length of deck 4 is 6.
Deck 0:
	10 SPADE
	8 DIAMOND
	3 HEART
	1 DIAMOND
	7 HEART
	7 HEART
	10 CLUB
	12 CLUB
	3 SPADE
	12 SPADE
	4 SPADE
Deck 1:
	13 HEART
	3 DIAMOND
	2 CLUB
	5 HEART
	3 CLUB
	8 HEART
Deck 2:
	5 CLUB
	6 SPADE
Deck 3:
	7 SPADE
	13 DIAMOND
	7 HEART
	8 CLUB
	13 HEART
	12 CLUB
	1 CLUB
	11 DIAMOND
	11 SPADE
Deck 4:
	9 HEART
	10 CLUB
	2 SPADE
	7 CLUB
	14 CLUB
	3 CLUB
Deck 5:
	4 HEART
	14 SPADE
	3 SPADE
	10 DIAMOND
Deck 6:
	13 SPADE
	5 HEART
	13 HEART
	10 SPADE
	14 DIAMOND
Deck 7:
	10 CLUB
	11 DIAMOND
	9 DIAMOND
Deck 8:
	9 DIAMOND
	5 CLUB
	2 SPADE
	9 DIAMOND
	1 HEART
Deck 9:
	2 DIAMOND
	8 SPADE
	1 CLUB
Deck 10:
	8 DIAMOND
	2 DIAMOND
	2 HEART
	14 SPADE
	5 SPADE
	14 HEART
	5 DIAMOND
The cards were successfully added to deck 3.
The card was successfully deleted from deck 1.
Deck 2:
	5 CLUB
	6 SPADE
The length of deck 4 is 6.
The provided index is out of bounds for deck 8.
The number of decks is 11.
The length of deck 9 is 3.
The cards were successfully added to deck 10.
Deck 0:
	10 SPADE
	8 DIAMOND
	3 HEART
	1 DIAMOND
	7 HEART
	7 HEART
	10 CLUB
	12 CLUB
	3 SPADE
	12 SPADE
	4 SPADE
Deck 1:
	13 HEART
	3 DIAMOND
	2 CLUB
	3 CLUB
	8 HEART
Deck 2:
	5 CLUB
	6 SPADE
Deck 3:
	7 SPADE
	13 DIAMOND
	7 HEART
	8 CLUB
	13 HEART
	12 CLUB
	1 CLUB
	11 DIAMOND
	11 SPADE
	11 DIAMOND
Deck 4:
	9 HEART
	10 CLUB
	2 SPADE
	7 CLUB
	14 CLUB
	3 CLUB
Deck 5:
	4 HEART
	14 SPADE
	3 SPADE
	10 DIAMOND
Deck 6:
	13 SPADE
	5 HEART
	13 HEART
	10 SPADE
	14 DIAMOND
Deck 7:
	10 CLUB
	11 DIAMOND
	9 DIAMOND
Deck 8:
	9 DIAMOND
	5 CLUB
	2 SPADE
	9 DIAMOND
	1 HEART
Deck 9:
	2 DIAMOND
	8 SPADE
	1 CLUB
Deck 10:
	8 DIAMOND
	2 DIAMOND
	2 HEART
	14 SPADE
	5 SPADE
	14 HEART
	5 DIAMOND
	6 HEART
	7 DIAMOND
	10 DIAMOND
	6 HEART
The number of decks is 11.
Deck 7:
	10 CLUB
	11 DIAMOND
	9 DIAMOND
The number of decks is 11.
Deck 0:
	10 SPADE
	8 DIAMOND
	3 HEART
	1 DIAMOND
	7 HEART
	7 HEART
	10 CLUB
	12 CLUB
	3 SPADE
	12 SPADE
	4 SPADE
Deck 1:
	13 HEART
	3 DIAMOND
	2 CLUB
	3 CLUB
	8 HEART
Deck 2:
	5 CLUB
	6 SPADE
Deck 3:
	7 SPADE
	13 DIAMOND
	7 HEART
	8 CLUB
	13 HEART
	12 CLUB
	1 CLUB
	11 DIAMOND
	11 SPADE
	11 DIAMOND
Deck 4:
	9 HEART
	10 CLUB
	2 SPADE
	7 CLUB
	14 CLUB
	3 CLUB
Deck 5:
	4 HEART
	14 SPADE
	3 SPADE
	10 DIAMOND
Deck 6:
	13 SPADE
	5 HEART
	13 HEART
	10 SPADE
	14 DIAMOND
Deck 7:
	10 CLUB
	11 DIAMOND
	9 DIAMOND
Deck 8:
	9 DIAMOND
	5 CLUB
	2 SPADE
	9 DIAMOND
	1 HEART
Deck 9:
	2 DIAMOND
	8 SPADE
	1 CLUB
Deck 10:
	8 DIAMOND
	2 DIAMOND
	2 HEART
	14 SPADE
	5 SPADE
	14 HEART
	5 DIAMOND
	6 HEART
	7 DIAMOND
	10 DIAMOND
	6 HEART
The deck 7 was successfully deleted.
Deck 2:
	5 CLUB
	6 SPADE
The number of decks is 10.
The provided card is not a valid one.
The cards were successfully added to deck 4.
Deck 3:
	7 SPADE
	13 DIAMOND
	7 HEART
	8 CLUB
	13 HEART
	12 CLUB
	1 CLUB
	11 DIAMOND
	11 SPADE
	11 DIAMOND
The deck 4 was successfully deleted.
Deck 6:
	9 DIAMOND
	5 CLUB
	2 SPADE
	9 DIAMOND
	1 HEART
The card was successfully deleted from deck 4.
Deck 7:
	2 DIAMOND
	8 SPADE
	1 CLUB
The provided card is not a valid one.
The deck was successfully created with 5 cards.
The provided index is out of bounds for the deck list.
Deck 0:
	10 SPADE
	8 DIAMOND
	3 HEART
	1 DIAMOND
	7 HEART
	7 HEART
	10 CLUB
	12 CLUB
	3 SPADE
	12 SPADE
	4 SPADE
Deck 1:
	13 HEART
	3 DIAMOND
	2 CLUB
	3 CLUB
	8 HEART
Deck 2:
	5 CLUB
	6 SPADE
Deck 3:
	7 SPADE
	13 DIAMOND
	7 HEART
	8 CLUB
	13 HEART
	12 CLUB
	1 CLUB
	11 DIAMOND
	11 SPADE
	11 DIAMOND
Deck 4:
	14 SPADE
	3 SPADE
	10 DIAMOND
Deck 5:
	13 SPADE
	5 HEART
	13 HEART
	10 SPADE
	14 DIAMOND
Deck 6:
	9 DIAMOND
	5 CLUB
	2 SPADE
	9 DIAMOND
	1 HEART
Deck 7:
	2 DIAMOND
	8 SPADE
	1 CLUB
Deck 8:
	8 DIAMOND
	2 DIAMOND
	2 HEART
	14 SPADE
	5 SPADE
	14 HEART
	5 DIAMOND
	6 HEART
	7 DIAMOND
	10 DIAMOND
	6 HEART
Deck 9:
	5 HEART
	6 DIAMOND
	7 CLUB
	13 DIAMOND
	13 HEART
The length of deck 8 is 11.
Deck 3:
	7 SPADE
	13 DIAMOND
	7 HEART
	8 CLUB
	13 HEART
	12 CLUB
	1 CLUB
	11 DIAMOND
	11 SPADE
	11 DIAMOND
The provided card is not a valid one.
The deck was successfully created with 7 cards.
The provided card is not a valid one.
The deck was successfully created with 7 cards.
Deck 0:
	10 SPADE
	8 DIAMOND
	3 HEART
	1 DIAMOND
	7 HEART
	7 HEART
	10 CLUB
	12 CLUB
	3 SPADE
	12 SPADE
	4 SPADE
Deck 1:
	13 HEART
	3 DIAMOND
	2 CLUB
	3 CLUB
	8 HEART
Deck 2:
	5 CLUB
	6 SPADE
Deck 3:
	7 SPADE
	13 DIAMOND
	7 HEART
	8 CLUB
	13 HEART
	12 CLUB
	1 CLUB
	11 DIAMOND
	11 SPADE
	11 DIAMOND
Deck 4:
	14 SPADE
	3 SPADE
	10 DIAMOND
Deck 5:
	13 SPADE
	5 HEART
	13 HEART
	10 SPADE
	14 DIAMOND
Deck 6:
	9 DIAMOND
	5 CLUB
	2 SPADE
	9 DIAMOND
	1 HEART
Deck 7:
	2 DIAMOND
	8 SPADE
	1 CLUB
Deck 8:
	8 DIAMOND
	2 DIAMOND
	2 HEART
	14 SPADE
	5 SPADE
	14 HEART
	5 DIAMOND
	6 HEART
	7 DIAMOND
	10 DIAMOND
	6 HEART
Deck 9:
	5 HEART
	6 DIAMOND
	7 CLUB
	13 DIAMOND
	13 HEART
Deck 10:
	10 CLUB
	5 CLUB
	3 DIAMOND
	10 SPADE
	7 DIAMOND
	10 HEART
	12 SPADE
Deck 11:
	5 SPADE
	6 SPADE
	10 SPADE
	13 HEART
	3 SPADE
	9 SPADE
	7 CLUB
The deck 9 was successfully deleted.
Deck 0:
	10 SPADE
	8 DIAMOND
	3 HEART
	1 DIAMOND
	7 HEART
	7 HEART
	10 CLUB
	12 CLUB
	3 SPADE
	12 SPADE
	4 SPADE
The length of deck 1 is 5.
Deck 0:
	10 SPADE
	8 DIAMOND
	3 HEART
	1 DIAMOND
	7 HEART
	7 HEART
	10 CLUB
	12 CLUB
	3 SPADE
	12 SPADE
	4 SPADE
Deck 1:
	13 HEART
	3 DIAMOND
	2 CLUB
	3 CLUB
	8 HEART
Deck 2:
	5 CLUB
	6 SPADE
Deck 3:
	7 SPADE
	13 DIAMOND
	7 HEART
	8 CLUB
	13 HEART
	12 CLUB
	1 CLUB
	11 DIAMOND
	11 SPADE
	11 DIAMOND
Deck 4:
	14 SPADE
	3 SPADE
	10 DIAMOND
Deck 5:
	13 SPADE
	5 HEART
	13 HEART
	10 SPADE
	14 DIAMOND
Deck 6:
	9 DIAMOND
	5 CLUB
	2 SPADE
	9 DIAMOND
	1 HEART
Deck 7:
	2 DIAMOND
	8 SPADE
	1 CLUB
Deck 8:
	8 DIAMOND
	2 DIAMOND
	2 HEART
	14 SPADE
	5 SPADE
	14 HEART
	5 DIAMOND
	6 HEART
	7 DIAMOND
	10 DIAMOND
	6 HEART
Deck 9:
	10 CLUB
	5 CLUB
	3 DIAMOND
	10 SPADE
	7 DIAMOND
	10 HEART
	12 SPADE
Deck 10:
	5 SPADE
	6 SPADE
	10 SPADE
	13 HEART
	3 SPADE
	9 SPADE
	7 CLUB
The number of decks is 11.
The cards were successfully added to deck 4.
Deck 0:
	10 SPADE
	8 DIAMOND
	3 HEART
	1 DIAMOND
	7 HEART
	7 HEART
	10 CLUB
	12 CLUB
	3 SPADE
	12 SPADE
	4 SPADE
Deck 1:
	13 HEART
	3 DIAMOND
	2 CLUB
	3 CLUB
	8 HEART
Deck 2:
	5 CLUB
	6 SPADE
Deck 3:
	7 SPADE
	13 DIAMOND
	7 HEART
	8 CLUB
	13 HEART
	12 CLUB
	1 CLUB
	11 DIAMOND
	11 SPADE
	11 DIAMOND
Deck 4:
	14 SPADE
	3 SPADE
	10 DIAMOND
	10 CLUB
	8 SPADE
	3 CLUB
	3 DIAMOND
Deck 5:
	13 SPADE
	5 HEART
	13 HEART
	10 SPADE
	14 DIAMOND
Deck 6:
	9 DIAMOND
	5 CLUB
	2 SPADE
	9 DIAMOND
	1 HEART
Deck 7:
	2 DIAMOND
	8 SPADE
	1 CLUB
Deck 8:
	8 DIAMOND
	2 DIAMOND
	2 HEART
	14 SPADE
	5 SPADE
	14 HEART
	5 DIAMOND
	6 HEART
	7 DIAMOND
	10 DIAMOND
	6 HEART
Deck 9:
	10 CLUB
	5 CLUB
	3 DIAMOND
	10 SPADE
	7 DIAMOND
	10 HEART
	12 SPADE
Deck 10:
	5 SPADE
	6 SPADE
	10 SPADE
	13 HEART
	3 SPADE
	9 SPADE
	7 CLUB
The card was successfully deleted from deck 9.
Deck 2:
	5 CLUB
	6 SPADE
The number of decks is 11.
The provided card is not a valid one.
The provided card is not a valid one.
The provided card is not a valid one.
The provided card is not a valid one.
The deck was successfully created with 5 cards.
Deck 2:
	5 CLUB
	6 SPADE
The number of decks is 12.
Deck 0:
	10 SPADE
	8 DIAMOND
	3 HEART
	1 DIAMOND
	7 HEART
	7 HEART
	10 CLUB
	12 CLUB
	3 SPADE
	12 SPADE
	4 SPADE
Deck 1:
	13 HEART
	3 DIAMOND
	2 CLUB
	3 CLUB
	8 HEART
Deck 2:
	5 CLUB
	6 SPADE
Deck 3:
	7 SPADE
	13 DIAMOND
	7 HEART
	8 CLUB
	13 HEART
	12 CLUB
	1 CLUB
	11 DIAMOND
	11 SPADE
	11 DIAMOND
Deck 4:
	14 SPADE
	3 SPADE
	10 DIAMOND
	10 CLUB
	8 SPADE
	3 CLUB
	3 DIAMOND
Deck 5:
	13 SPADE
	5 HEART
	13 HEART
	10 SPADE
	14 DIAMOND
Deck 6:
	9 DIAMOND
	5 CLUB
	2 SPADE
	9 DIAMOND
	1 HEART
Deck 7:
	2 DIAMOND
	8 SPADE
	1 CLUB
Deck 8:
	8 DIAMOND
	2 DIAMOND
	2 HEART
	14 SPADE
	5 SPADE
	14 HEART
	5 DIAMOND
	6 HEART
	7 DIAMOND
	10 DIAMOND
	6 HEART
Deck 9:
	10 CLUB
	5 CLUB
	3 DIAMOND
	10 SPADE
	7 DIAMOND
	12 SPADE
Deck 10:
	5 SPADE
	6 SPADE
	10 SPADE
	13 HEART
	3 SPADE
	9 SPADE
	7 CLUB
Deck 11:
	6 HEART
	9 CLUB
	12 DIAMOND
	10 SPADE
	5 SPADE
Deck 0:
	10 SPADE
	8 DIAMOND
	3 HEART
	1 DIAMOND
	7 HEART
	7 HEART
	10 CLUB
	12 CLUB
	3 SPADE
	12 SPADE
	4 SPADE
Deck 1:
	13 HEART
	3 DIAMOND
	2 CLUB
	3 CLUB
	8 HEART
Deck 2:
	5 CLUB
	6 SPADE
Deck 3:
	7 SPADE
	13 DIAMOND
	7 HEART
	8 CLUB
	13 HEART
	12 CLUB
	1 CLUB
	11 DIAMOND
	11 SPADE
	11 DIAMOND
Deck 4:
	14 SPADE
	3 SPADE
	10 DIAMOND
	10 CLUB
	8 SPADE
	3 CLUB
	3 DIAMOND
Deck 5:
	13 SPADE
	5 HEART
	13 HEART
	10 SPADE
	14 DIAMOND
Deck 6:
	9 DIAMOND
	5 CLUB
	2 SPADE
	9 DIAMOND
	1 HEART
Deck 7:
	2 DIAMOND
	8 SPADE
	1 CLUB
Deck 8:
	8 DIAMOND
	2 DIAMOND
	2 HEART
	14 SPADE
	5 SPADE
	14 HEART
	5 DIAMOND
	6 HEART
	7 DIAMOND
	10 DIAMOND
	6 HEART
Deck 9:
	10 CLUB
	5 CLUB
	3 DIAMOND
	10 SPADE
	7 DIAMOND
	12 SPADE
Deck 10:
	5 SPADE
	6 SPADE
	10 SPADE
	13 HEART
	3 SPADE
	9 SPADE
	7 CLUB
Deck 11:
	6 HEART
	9 CLUB
	12 DIAMOND
	10 SPADE
	5 SPADE
The number of decks is 12.
Deck 0:
	10 SPADE
	8 DIAMOND
	3 HEART
	1 DIAMOND
	7 HEART
	7 HEART
	10 CLUB
	12 CLUB
	3 SPADE
	12 SPADE
	4 SPADE
Deck 1:
	13 HEART
	3 DIAMOND
	2 CLUB
	3 CLUB
	8 HEART
Deck 2:
	5 CLUB
	6 SPADE
Deck 3:
	7 SPADE
	13 DIAMOND
	7 HEART
	8 CLUB
	13 HEART
	12 CLUB
	1 CLUB
	11 DIAMOND
	11 SPADE
	11 DIAMOND
Deck 4:
	14 SPADE
	3 SPADE
	10 DIAMOND
	10 CLUB
	8 SPADE
	3 CLUB
	3 DIAMOND
Deck 5:
	13 SPADE
	5 HEART
	13 HEART
	10 SPADE
	14 DIAMOND
Deck 6:
	9 DIAMOND
	5 CLUB
	2 SPADE
	9 DIAMOND
	1 HEART
Deck 7:
	2 DIAMOND
	8 SPADE
	1 CLUB
Deck 8:
	8 DIAMOND
	2 DIAMOND
	2 HEART
	14 SPADE
	5 SPADE
	14 HEART
	5 DIAMOND
	6 HEART
	7 DIAMOND
	10 DIAMOND
	6 HEART
Deck 9:
	10 CLUB
	5 CLUB
	3 DIAMOND
	10 SPADE
	7 DIAMOND
	12 SPADE
Deck 10:
	5 SPADE
	6 SPADE
	10 SPADE
	13 HEART
	3 SPADE
	9 SPADE
	7 CLUB
Deck 11:
	6 HEART
	9 CLUB
	12 DIAMOND
	10 SPADE
	5 SPADE
The length of deck 0 is 11.
Deck 0:
	10 SPADE
	8 DIAMOND
	3 HEART
	1 DIAMOND
	7 HEART
	7 HEART
	10 CLUB
	12 CLUB
	3 SPADE
	12 SPADE
	4 SPADE
Deck 1:
	13 HEART
	3 DIAMOND
	2 CLUB
	3 CLUB
	8 HEART
Deck 2:
	5 CLUB
	6 SPADE
Deck 3:
	7 SPADE
	13 DIAMOND
	7 HEART
	8 CLUB
	13 HEART
	12 CLUB
	1 CLUB
	11 DIAMOND
	11 SPADE
	11 DIAMOND
Deck 4:
	14 SPADE
	3 SPADE
	10 DIAMOND
	10 CLUB
	8 SPADE
	3 CLUB
	3 DIAMOND
Deck 5:
	13 SPADE
	5 HEART
	13 HEART
	10 SPADE
	14 DIAMOND
Deck 6:
	9 DIAMOND
	5 CLUB
	2 SPADE
	9 DIAMOND
	1 HEART
Deck 7:
	2 DIAMOND
	8 SPADE
	1 CLUB
Deck 8:
	8 DIAMOND
	2 DIAMOND
	2 HEART
	14 SPADE
	5 SPADE
	14 HEART
	5 DIAMOND
	6 HEART
	7 DIAMOND
	10 DIAMOND
	6 HEART
Deck 9:
	10 CLUB
	5 CLUB
	3 DIAMOND
	10 SPADE
	7 DIAMOND
	12 SPADE
Deck 10:
	5 SPADE
	6 SPADE
	10 SPADE
	13 HEART
	3 SPADE
	9 SPADE
	7 CLUB
Deck 11:
	6 HEART
	9 CLUB
	12 DIAMOND
	10 SPADE
	5 SPADE
Invalid command. Please try again.
Invalid command. Please try again.
Invalid command. Please try again.
Invalid command. Please try again.
Invalid command. Please try again.
The number of decks is 12.
Deck 0:
	10 SPADE
	8 DIAMOND
	3 HEART
	1 DIAMOND
	7 HEART
	7 HEART
	10 CLUB
	12 CLUB
	3 SPADE
	12 SPADE
	4 SPADE
Deck 1:
	13 HEART
	3 DIAMOND
	2 CLUB
	3 CLUB
	8 HEART
Deck 2:
	5 CLUB
	6 SPADE
Deck 3:
	7 SPADE
	13 DIAMOND
	7 HEART
	8 CLUB
	13 HEART
	12 CLUB
	1 CLUB
	11 DIAMOND
	11 SPADE
	11 DIAMOND
Deck 4:
	14 SPADE
	3 SPADE
	10 DIAMOND
	10 CLUB
	8 SPADE
	3 CLUB
	3 DIAMOND
Deck 5:
	13 SPADE
	5 HEART
	13 HEART
	10 SPADE
	14 DIAMOND
Deck 6:
	9 DIAMOND
	5 CLUB
	2 SPADE
	9 DIAMOND
	1 HEART
Deck 7:
	2 DIAMOND
	8 SPADE
	1 CLUB
Deck 8:
	8 DIAMOND
	2 DIAMOND
	2 HEART
	14 SPADE
	5 SPADE
	14 HEART
	5 DIAMOND
	6 HEART
	7 DIAMOND
	10 DIAMOND
	6 HEART
Deck 9:
	10 CLUB
	5 CLUB
	3 DIAMOND
	10 SPADE
	7 DIAMOND
	12 SPADE
Deck 10:
	5 SPADE
	6 SPADE
	10 SPADE
	13 HEART
	3 SPADE
	9 SPADE
	7 CLUB
Deck 11:
	6 HEART
	9 CLUB
	12 DIAMOND
	10 SPADE
	5 SPADE
The deck was successfully created with 2 cards.
Deck 0:
	10 SPADE
	8 DIAMOND
	3 HEART
	1 DIAMOND
	7 HEART
	7 HEART
	10 CLUB
	12 CLUB
	3 SPADE
	12 SPADE
	4 SPADE
Deck 1:
	13 HEART
	3 DIAMOND
	2 CLUB
	3 CLUB
	8 HEART
Deck 2:
	5 CLUB
	6 SPADE
Deck 3:
	7 SPADE
	13 DIAMOND
	7 HEART
	8 CLUB
	13 HEART
	12 CLUB
	1 CLUB
	11 DIAMOND
	11 SPADE
	11 DIAMOND
Deck 4:
	14 SPADE
	3 SPADE
	10 DIAMOND
	10 CLUB
	8 SPADE
	3 CLUB
	3 DIAMOND
Deck 5:
	13 SPADE
	5 HEART
	13 HEART
	10 SPADE
	14 DIAMOND
Deck 6:
	9 DIAMOND
	5 CLUB
	2 SPADE
	9 DIAMOND
	1 HEART
Deck 7:
	2 DIAMOND
	8 SPADE
	1 CLUB
Deck 8:
	8 DIAMOND
	2 DIAMOND
	2 HEART
	14 SPADE
	5 SPADE
	14 HEART
	5 DIAMOND
	6 HEART
	7 DIAMOND
	10 DIAMOND
	6 HEART
Deck 9:
	10 CLUB
	5 CLUB
	3 DIAMOND
	10 SPADE
	7 DIAMOND
	12 SPADE
Deck 10:
	5 SPADE
	6 SPADE
	10 SPADE
	13 HEART
	3 SPADE
	9 SPADE
	7 CLUB
Deck 11:
	6 HEART
	9 CLUB
	12 DIAMOND
	10 SPADE
	5 SPADE
Deck 12:
	13 SPADE
	2 CLUB
Deck 0:
	10 SPADE
	8 DIAMOND
	3 HEART
	1 DIAMOND
	7 HEART
	7 HEART
	10 CLUB
	12 CLUB
	3 SPADE
	12 SPADE
	4 SPADE
Deck 1:
	13 HEART
	3 DIAMOND
	2 CLUB
	3 CLUB
	8 HEART
Deck 2:
	5 CLUB
	6 SPADE
Deck 3:
	7 SPADE
	13 DIAMOND
	7 HEART
	8 CLUB
	13 HEART
	12 CLUB
	1 CLUB
	11 DIAMOND
	11 SPADE
	11 DIAMOND
Deck 4:
	14 SPADE
	3 SPADE
	10 DIAMOND
	10 CLUB
	8 SPADE
	3 CLUB
	3 DIAMOND
Deck 5:
	13 SPADE
	5 HEART
	13 HEART
	10 SPADE
	14 DIAMOND
Deck 6:
	9 DIAMOND
	5 CLUB
	2 SPADE
	9 DIAMOND
	1 HEART
Deck 7:
	2 DIAMOND
	8 SPADE
	1 CLUB
Deck 8:
	8 DIAMOND
	2 DIAMOND
	2 HEART
	14 SPADE
	5 SPADE
	14 HEART
	5 DIAMOND
	6 HEART
	7 DIAMOND
	10 DIAMOND
	6 HEART
Deck 9:
	10 CLUB
	5 CLUB
	3 DIAMOND
	10 SPADE
	7 DIAMOND
	12 SPADE
Deck 10:
	5 SPADE
	6 SPADE
	10 SPADE
	13 HEART
	3 SPADE
	9 SPADE
	7 CLUB
Deck 11:
	6 HEART
	9 CLUB
	12 DIAMOND
	10 SPADE
	5 SPADE
Deck 12:
	13 SPADE
	2 CLUB
The number of decks is 13.
The deck 5 was successfully deleted.
The number of decks is 12.
Deck 0:
	10 SPADE
	8 DIAMOND
	3 HEART
	1 DIAMOND
	7 HEART
	7 HEART
	10 CLUB
	12 CLUB
	3 SPADE
	12 SPADE
	4 SPADE
Deck 1:
	13 HEART
	3 DIAMOND
	2 CLUB
	3 CLUB
	8 HEART
Deck 2:
	5 CLUB
	6 SPADE
Deck 3:
	7 SPADE
	13 DIAMOND
	7 HEART
	8 CLUB
	13 HEART
	12 CLUB
	1 CLUB
	11 DIAMOND
	11 SPADE
	11 DIAMOND
Deck 4:
	14 SPADE
	3 SPADE
	10 DIAMOND
	10 CLUB
	8 SPADE
	3 CLUB
	3 DIAMOND
Deck 5:
	9 DIAMOND
	5 CLUB
	2 SPADE
	9 DIAMOND
	1 HEART
Deck 6:
	2 DIAMOND
	8 SPADE
	1 CLUB
Deck 7:
	8 DIAMOND
	2 DIAMOND
	2 HEART
	14 SPADE
	5 SPADE
	14 HEART
	5 DIAMOND
	6 HEART
	7 DIAMOND
	10 DIAMOND
	6 HEART
Deck 8:
	10 CLUB
	5 CLUB
	3 DIAMOND
	10 SPADE
	7 DIAMOND
	12 SPADE
Deck 9:
	5 SPADE
	6 SPADE
	10 SPADE
	13 HEART
	3 SPADE
	9 SPADE
	7 CLUB
Deck 10:
	6 HEART
	9 CLUB
	12 DIAMOND
	10 SPADE
	5 SPADE
Deck 11:
	13 SPADE
	2 CLUB
The deck was successfully created with 7 cards.
Deck 0:
	10 SPADE
	8 DIAMOND
	3 HEART
	1 DIAMOND
	7 HEART
	7 HEART
	10 CLUB
	12 CLUB
	3 SPADE
	12 SPADE
	4 SPADE
Deck 1:
	13 HEART
	3 DIAMOND
	2 CLUB
	3 CLUB
	8 HEART
Deck 2:
	5 CLUB
	6 SPADE
Deck 3:
	7 SPADE
	13 DIAMOND
	7 HEART
	8 CLUB
	13 HEART
	12 CLUB
	1 CLUB
	11 DIAMOND
	11 SPADE
	11 DIAMOND
Deck 4:
	14 SPADE
	3 SPADE
	10 DIAMOND
	10 CLUB
	8 SPADE
	3 CLUB
	3 DIAMOND
Deck 5:
	9 DIAMOND
	5 CLUB
	2 SPADE
	9 DIAMOND
	1 HEART
Deck 6:
	2 DIAMOND
	8 SPADE
	1 CLUB
Deck 7:
	8 DIAMOND
	2 DIAMOND
	2 HEART
	14 SPADE
	5 SPADE
	14 HEART
	5 DIAMOND
	6 HEART
	7 DIAMOND
	10 DIAMOND
	6 HEART
Deck 8:
	10 CLUB
	5 CLUB
	3 DIAMOND
	10 SPADE
	7 DIAMOND
	12 SPADE
Deck 9:
	5 SPADE
	6 SPADE
	10 SPADE
	13 HEART
	3 SPADE
	9 SPADE
	7 CLUB
Deck 10:
	6 HEART
	9 CLUB
	12 DIAMOND
	10 SPADE
	5 SPADE
Deck 11:
	13 SPADE
	2 CLUB
Deck 12:
	1 SPADE
	4 SPADE
	4 DIAMOND
	10 DIAMOND
	13 CLUB
	14 SPADE
	14 DIAMOND
The provided index is out of bounds for the deck list.
The provided index is out of bounds for the deck list.
Invalid command. Please try again.
Invalid command. Please try again.
Invalid command. Please try again.
Deck 2:
	5 CLUB
	6 SPADE
The length of deck 0 is 11.
The card was successfully deleted from deck 12.
Deck 0:
	10 SPADE
	8 DIAMOND
	3 HEART
	1 DIAMOND
	7 HEART
	7 HEART
	10 CLUB
	12 CLUB
	3 SPADE
	12 SPADE
	4 SPADE
Deck 1:
	13 HEART
	3 DIAMOND
	2 CLUB
	3 CLUB
	8 HEART
Deck 2:
	5 CLUB
	6 SPADE
Deck 3:
	7 SPADE
	13 DIAMOND
	7 HEART
	8 CLUB
	13 HEART
	12 CLUB
	1 CLUB
	11 DIAMOND
	11 SPADE
	11 DIAMOND
Deck 4:
	14 SPADE
	3 SPADE
	10 DIAMOND
	10 CLUB
	8 SPADE
	3 CLUB
	3 DIAMOND
Deck 5:
	9 DIAMOND
	5 CLUB
	2 SPADE
	9 DIAMOND
	1 HEART
Deck 6:
	2 DIAMOND
	8 SPADE
	1 CLUB
Deck 7:
	8 DIAMOND
	2 DIAMOND
	2 HEART
	14 SPADE
	5 SPADE
	14 HEART
	5 DIAMOND
	6 HEART
	7 DIAMOND
	10 DIAMOND
	6 HEART
Deck 8:
	10 CLUB
	5 CLUB
	3 DIAMOND
	10 SPADE
	7 DIAMOND
	12 SPADE
Deck 9:
	5 SPADE
	6 SPADE
	10 SPADE
	13 HEART
	3 SPADE
	9 SPADE
	7 CLUB
Deck 10:
	6 HEART
	9 CLUB
	12 DIAMOND
	10 SPADE
	5 SPADE
Deck 11:
	13 SPADE
	2 CLUB
Deck 12:
	1 SPADE
	4 DIAMOND
	10 DIAMOND
	13 CLUB
	14 SPADE
	14 DIAMOND
The provided card is not a valid one.
The cards were successfully added to deck 2.
The provided index is out of bounds for the deck list.
The card was successfully deleted from deck 8.
The provided card is not a valid one.
The provided card is not a valid one.
The deck was successfully created with 4 cards.
Deck 0:
	10 SPADE
	8 DIAMOND
	3 HEART
	1 DIAMOND
	7 HEART
	7 HEART
	10 CLUB
	12 CLUB
	3 SPADE
	12 SPADE
	4 SPADE
Deck 1:
	13 HEART
	3 DIAMOND
	2 CLUB
	3 CLUB
	8 HEART
Deck 2:
	5 CLUB
	6 SPADE
	13 HEART
	14 SPADE
Deck 3:
	7 SPADE
	13 DIAMOND
	7 HEART
	8 CLUB
	13 HEART
	12 CLUB
	1 CLUB
	11 DIAMOND
	11 SPADE
	11 DIAMOND
Deck 4:
	14 SPADE
	3 SPADE
	10 DIAMOND
	10 CLUB
	8 SPADE
	3 CLUB
	3 DIAMOND
Deck 5:
	9 DIAMOND
	5 CLUB
	2 SPADE
	9 DIAMOND
	1 HEART
Deck 6:
	2 DIAMOND
	8 SPADE
	1 CLUB
Deck 7:
	8 DIAMOND
	2 DIAMOND
	2 HEART
	14 SPADE
	5 SPADE
	14 HEART
	5 DIAMOND
	6 HEART
	7 DIAMOND
	10 DIAMOND
	6 HEART
Deck 8:
	10 CLUB
	5 CLUB
	3 DIAMOND
	10 SPADE
	7 DIAMOND
Deck 9:
	5 SPADE
	6 SPADE
	10 SPADE
	13 HEART
	3 SPADE
	9 SPADE
	7 CLUB
Deck 10:
	6 HEART
	9 CLUB
	12 DIAMOND
	10 SPADE
	5 SPADE
Deck 11:
	13 SPADE
	2 CLUB
Deck 12:
	1 SPADE
	4 DIAMOND
	10 DIAMOND
	13 CLUB
	14 SPADE
	14 DIAMOND
Deck 13:
	4 DIAMOND
	1 DIAMOND
	3 SPADE
	3 CLUB
The length of deck 9 is 7.
Deck 0:
	10 SPADE
	8 DIAMOND
	3 HEART
	1 DIAMOND
	7 HEART
	7 HEART
	10 CLUB
	12 CLUB
	3 SPADE
	12 SPADE
	4 SPADE
Deck 1:
	13 HEART
	3 DIAMOND
	2 CLUB
	3 CLUB
	8 HEART
Deck 2:
	5 CLUB
	6 SPADE
	13 HEART
	14 SPADE
Deck 3:
	7 SPADE
	13 DIAMOND
	7 HEART
	8 CLUB
	13 HEART
	12 CLUB
	1 CLUB
	11 DIAMOND
	11 SPADE
	11 DIAMOND
Deck 4:
	14 SPADE
	3 SPADE
	10 DIAMOND
	10 CLUB
	8 SPADE
	3 CLUB
	3 DIAMOND
Deck 5:
	9 DIAMOND
	5 CLUB
	2 SPADE
	9 DIAMOND
	1 HEART
Deck 6:
	2 DIAMOND
	8 SPADE
	1 CLUB
Deck 7:
	8 DIAMOND
	2 DIAMOND
	2 HEART
	14 SPADE
	5 SPADE
	14 HEART
	5 DIAMOND
	6 HEART
	7 DIAMOND
	10 DIAMOND
	6 HEART
Deck 8:
	10 CLUB
	5 CLUB
	3 DIAMOND
	10 SPADE
	7 DIAMOND
Deck 9:
	5 SPADE
	6 SPADE
	10 SPADE
	13 HEART
	3 SPADE
	9 SPADE
	7 CLUB
Deck 10:
	6 HEART
	9 CLUB
	12 DIAMOND
	10 SPADE
	5 SPADE
Deck 11:
	13 SPADE
	2 CLUB
Deck 12:
	1 SPADE
	4 DIAMOND
	10 DIAMOND
	13 CLUB
	14 SPADE
	14 DIAMOND
Deck 13:
	4 DIAMOND
	1 DIAMOND
	3 SPADE
	3 CLUB
The cards were successfully added to deck 10.
The deck was successfully created with 5 cards.
Deck 10:
	6 HEART
	9 CLUB
	12 DIAMOND
	10 SPADE
	5 SPADE
	12 HEART
	1 SPADE
	10 DIAMOND
The cards were successfully added to deck 6.
The deck 12 was successfully deleted.
Deck 0:
	10 SPADE
	8 DIAMOND
	3 HEART
	1 DIAMOND
	7 HEART
	7 HEART
	10 CLUB
	12 CLUB
	3 SPADE
	12 SPADE
	4 SPADE
Deck 1:
	13 HEART
	3 DIAMOND
	2 CLUB
	3 CLUB
	8 HEART
Deck 2:
	5 CLUB
	6 SPADE
	13 HEART
	14 SPADE
Deck 3:
	7 SPADE
	13 DIAMOND
	7 HEART
	8 CLUB
	13 HEART
	12 CLUB
	1 CLUB
	11 DIAMOND
	11 SPADE
	11 DIAMOND
Deck 4:
	14 SPADE
	3 SPADE
	10 DIAMOND
	10 CLUB
	8 SPADE
	3 CLUB
	3 DIAMOND
Deck 5:
	9 DIAMOND
	5 CLUB
	2 SPADE
	9 DIAMOND
	1 HEART
Deck 6:
	2 DIAMOND
	8 SPADE
	1 CLUB
	7 SPADE
	2 HEART
	13 SPADE
Deck 7:
	8 DIAMOND
	2 DIAMOND
	2 HEART
	14 SPADE
	5 SPADE
	14 HEART
	5 DIAMOND
	6 HEART
	7 DIAMOND
	10 DIAMOND
	6 HEART
Deck 8:
	10 CLUB
	5 CLUB
	3 DIAMOND
	10 SPADE
	7 DIAMOND
Deck 9:
	5 SPADE
	6 SPADE
	10 SPADE
	13 HEART
	3 SPADE
	9 SPADE
	7 CLUB
Deck 10:
	6 HEART
	9 CLUB
	12 DIAMOND
	10 SPADE
	5 SPADE
	12 HEART
	1 SPADE
	10 DIAMOND
Deck 11:
	13 SPADE
	2 CLUB
Deck 12:
	4 DIAMOND
	1 DIAMOND
	3 SPADE
	3 CLUB
Deck 13:
	6 SPADE
	7 CLUB
	1 SPADE
	9 CLUB
	1 DIAMOND
The provided index is out of bounds for the deck list.
The deck was successfully created with 4 cards.
The card was successfully deleted from deck 14.
Invalid command. Please try again.
The card was successfully deleted from deck 10.
Deck 0:
	10 SPADE
	8 DIAMOND
	3 HEART
	1 DIAMOND
	7 HEART
	7 HEART
	10 CLUB
	12 CLUB
	3 SPADE
	12 SPADE
	4 SPADE
Deck 1:
	13 HEART
	3 DIAMOND
	2 CLUB
	3 CLUB
	8 HEART
Deck 2:
	5 CLUB
	6 SPADE
	13 HEART
	14 SPADE
Deck 3:
	7 SPADE
	13 DIAMOND
	7 HEART
	8 CLUB
	13 HEART
	12 CLUB
	1 CLUB
	11 DIAMOND
	11 SPADE
	11 DIAMOND
Deck 4:
	14 SPADE
	3 SPADE
	10 DIAMOND
	10 CLUB
	8 SPADE
	3 CLUB
	3 DIAMOND
Deck 5:
	9 DIAMOND
	5 CLUB
	2 SPADE
	9 DIAMOND
	1 HEART
Deck 6:
	2 DIAMOND
	8 SPADE
	1 CLUB
	7 SPADE
	2 HEART
	13 SPADE
Deck 7:
	8 DIAMOND
	2 DIAMOND
	2 HEART
	14 SPADE
	5 SPADE
	14 HEART
	5 DIAMOND
	6 HEART
	7 DIAMOND
	10 DIAMOND
	6 HEART
Deck 8:
	10 CLUB
	5 CLUB
	3 DIAMOND
	10 SPADE
	7 DIAMOND
Deck 9:
	5 SPADE
	6 SPADE
	10 SPADE
	13 HEART
	3 SPADE
	9 SPADE
	7 CLUB
Deck 10:
	6 HEART
	9 CLUB
	12 DIAMOND
	10 SPADE
	5 SPADE
	1 SPADE
	10 DIAMOND
Deck 11:
	13 SPADE
	2 CLUB
Deck 12:
	4 DIAMOND
	1 DIAMOND
	3 SPADE
	3 CLUB
Deck 13:
	6 SPADE
	7 CLUB
	1 SPADE
	9 CLUB
	1 DIAMOND
Deck 14:
	13 HEART
	2 HEART
	8 SPADE
The number of decks is 15.
Deck 0:
	10 SPADE
	8 DIAMOND
	3 HEART
	1 DIAMOND
	7 HEART
	7 HEART
	10 CLUB
	12 CLUB
	3 SPADE
	12 SPADE
	4 SPADE
Deck 1:
	13 HEART
	3 DIAMOND
	2 CLUB
	3 CLUB
	8 HEART
Deck 2:
	5 CLUB
	6 SPADE
	13 HEART
	14 SPADE
Deck 3:
	7 SPADE
	13 DIAMOND
	7 HEART
	8 CLUB
	13 HEART
	12 CLUB
	1 CLUB
	11 DIAMOND
	11 SPADE
	11 DIAMOND
Deck 4:
	14 SPADE
	3 SPADE
	10 DIAMOND
	10 CLUB
	8 SPADE
	3 CLUB
	3 DIAMOND
Deck 5:
	9 DIAMOND
	5 CLUB
	2 SPADE
	9 DIAMOND
	1 HEART
Deck 6:
	2 DIAMOND
	8 SPADE
	1 CLUB
	7 SPADE
	2 HEART
	13 SPADE
Deck 7:
	8 DIAMOND
	2 DIAMOND
	2 HEART
	14 SPADE
	5 SPADE
	14 HEART
	5 DIAMOND
	6 HEART
	7 DIAMOND
	10 DIAMOND
	6 HEART
Deck 8:
	10 CLUB
	5 CLUB
	3 DIAMOND
	10 SPADE
	7 DIAMOND
Deck 9:
	5 SPADE
	6 SPADE
	10 SPADE
	13 HEART
	3 SPADE
	9 SPADE
	7 CLUB
Deck 10:
	6 HEART
	9 CLUB
	12 DIAMOND
	10 SPADE
	5 SPADE
	1 SPADE
	10 DIAMOND
Deck 11:
	13 SPADE
	2 CLUB
Deck 12:
	4 DIAMOND
	1 DIAMOND
	3 SPADE
	3 CLUB
Deck 13:
	6 SPADE
	7 CLUB
	1 SPADE
	9 CLUB
	1 DIAMOND
Deck 14:
	13 HEART
	2 HEART
	8 SPADE
The provided index is out of bounds for the deck list.
Deck 0:
	10 SPADE
	8 DIAMOND
	3 HEART
	1 DIAMOND
	7 HEART
	7 HEART
	10 CLUB
	12 CLUB
	3 SPADE
	12 SPADE
	4 SPADE
Deck 1:
	13 HEART
	3 DIAMOND
	2 CLUB
	3 CLUB
	8 HEART
Deck 2:
	5 CLUB
	6 SPADE
	13 HEART
	14 SPADE
Deck 3:
	7 SPADE
	13 DIAMOND
	7 HEART
	8 CLUB
	13 HEART
	12 CLUB
	1 CLUB
	11 DIAMOND
	11 SPADE
	11 DIAMOND
Deck 4:
	14 SPADE
	3 SPADE
	10 DIAMOND
	10 CLUB
	8 SPADE
	3 CLUB
	3 DIAMOND
Deck 5:
	9 DIAMOND
	5 CLUB
	2 SPADE
	9 DIAMOND
	1 HEART
Deck 6:
	2 DIAMOND
	8 SPADE
	1 CLUB
	7 SPADE
	2 HEART
	13 SPADE
Deck 7:
	8 DIAMOND
	2 DIAMOND
	2 HEART
	14 SPADE
	5 SPADE
	14 HEART
	5 DIAMOND
	6 HEART
	7 DIAMOND
	10 DIAMOND
	6 HEART
Deck 8:
	10 CLUB
	5 CLUB
	3 DIAMOND
	10 SPADE
	7 DIAMOND
Deck 9:
	5 SPADE
	6 SPADE
	10 SPADE
	13 HEART
	3 SPADE
	9 SPADE
	7 CLUB
Deck 10:
	6 HEART
	9 CLUB
	12 DIAMOND
	10 SPADE
	5 SPADE
	1 SPADE
	10 DIAMOND
Deck 11:
	13 SPADE
	2 CLUB
Deck 12:
	4 DIAMOND
	1 DIAMOND
	3 SPADE
	3 CLUB
Deck 13:
	6 SPADE
	7 CLUB
	1 SPADE
	9 CLUB
	1 DIAMOND
Deck 14:
	13 HEART
	2 HEART
	8 SPADE
The provided card is not a valid one.
The deck was successfully created with 6 cards.
Deck 0:
	10 SPADE
	8 DIAMOND
	3 HEART
	1 DIAMOND
	7 HEART
	7 HEART
	10 CLUB
	12 CLUB
	3 SPADE
	12 SPADE
	4 SPADE
Deck 1:
	13 HEART
	3 DIAMOND
	2 CLUB
	3 CLUB
	8 HEART
Deck 2:
	5 CLUB
	6 SPADE
	13 HEART
	14 SPADE
Deck 3:
	7 SPADE
	13 DIAMOND
	7 HEART
	8 CLUB
	13 HEART
	12 CLUB
	1 CLUB
	11 DIAMOND
	11 SPADE
	11 DIAMOND
Deck 4:
	14 SPADE
	3 SPADE
	10 DIAMOND
	10 CLUB
	8 SPADE
	3 CLUB
	3 DIAMOND
Deck 5:
	9 DIAMOND
	5 CLUB
	2 SPADE
	9 DIAMOND
	1 HEART
Deck 6:
	2 DIAMOND
	8 SPADE
	1 CLUB
	7 SPADE
	2 HEART
	13 SPADE
Deck 7:
	8 DIAMOND
	2 DIAMOND
	2 HEART
	14 SPADE
	5 SPADE
	14 HEART
	5 DIAMOND
	6 HEART
	7 DIAMOND
	10 DIAMOND
	6 HEART
Deck 8:
	10 CLUB
	5 CLUB
	3 DIAMOND
	10 SPADE
	7 DIAMOND
Deck 9:
	5 SPADE
	6 SPADE
	10 SPADE
	13 HEART
	3 SPADE
	9 SPADE
	7 CLUB
Deck 10:
	6 HEART
	9 CLUB
	12 DIAMOND
	10 SPADE
	5 SPADE
	1 SPADE
	10 DIAMOND
Deck 11:
	13 SPADE
	2 CLUB
Deck 12:
	4 DIAMOND
	1 DIAMOND
	3 SPADE
	3 CLUB
Deck 13:
	6 SPADE
	7 CLUB
	1 SPADE
	9 CLUB
	1 DIAMOND
Deck 14:
	13 HEART
	2 HEART
	8 SPADE
Deck 15:
	9 DIAMOND
	10 CLUB
	12 DIAMOND
	4 SPADE
	4 CLUB
	9 DIAMOND
The card was successfully deleted from deck 6.
The cards were successfully added to deck 14.
Deck 0:
	10 SPADE
	8 DIAMOND
	3 HEART
	1 DIAMOND
	7 HEART
	7 HEART
	10 CLUB
	12 CLUB
	3 SPADE
	12 SPADE
	4 SPADE
Deck 1:
	13 HEART
	3 DIAMOND
	2 CLUB
	3 CLUB
	8 HEART
Deck 2:
	5 CLUB
	6 SPADE
	13 HEART
	14 SPADE
Deck 3:
	7 SPADE
	13 DIAMOND
	7 HEART
	8 CLUB
	13 HEART
	12 CLUB
	1 CLUB
	11 DIAMOND
	11 SPADE
	11 DIAMOND
Deck 4:
	14 SPADE
	3 SPADE
	10 DIAMOND
	10 CLUB
	8 SPADE
	3 CLUB
	3 DIAMOND
Deck 5:
	9 DIAMOND
	5 CLUB
	2 SPADE
	9 DIAMOND
	1 HEART
Deck 6:
	2 DIAMOND
	8 SPADE
	7 SPADE
	2 HEART
	13 SPADE
Deck 7:
	8 DIAMOND
	2 DIAMOND
	2 HEART
	14 SPADE
	5 SPADE
	14 HEART
	5 DIAMOND
	6 HEART
	7 DIAMOND
	10 DIAMOND
	6 HEART
Deck 8:
	10 CLUB
	5 CLUB
	3 DIAMOND
	10 SPADE
	7 DIAMOND
Deck 9:
	5 SPADE
	6 SPADE
	10 SPADE
	13 HEART
	3 SPADE
	9 SPADE
	7 CLUB
Deck 10:
	6 HEART
	9 CLUB
	12 DIAMOND
	10 SPADE
	5 SPADE
	1 SPADE
	10 DIAMOND
Deck 11:
	13 SPADE
	2 CLUB
Deck 12:
	4 DIAMOND
	1 DIAMOND
	3 SPADE
	3 CLUB
Deck 13:
	6 SPADE
	7 CLUB
	1 SPADE
	9 CLUB
	1 DIAMOND
Deck 14:
	13 HEART
	2 HEART
	8 SPADE
	2 SPADE
Deck 15:
	9 DIAMOND
	10 CLUB
	12 DIAMOND
	4 SPADE
	4 CLUB
	9 DIAMOND
The provided index is out of bounds for the deck list.
Deck 0:
	10 SPADE
	8 DIAMOND
	3 HEART
	1 DIAMOND
	7 HEART
	7 HEART
	10 CLUB
	12 CLUB
	3 SPADE
	12 SPADE
	4 SPADE
Deck 1:
	13 HEART
	3 DIAMOND
	2 CLUB
	3 CLUB
	8 HEART
Deck 2:
	5 CLUB
	6 SPADE
	13 HEART
	14 SPADE
Deck 3:
	7 SPADE
	13 DIAMOND
	7 HEART
	8 CLUB
	13 HEART
	12 CLUB
	1 CLUB
	11 DIAMOND
	11 SPADE
	11 DIAMOND
Deck 4:
	14 SPADE
	3 SPADE
	10 DIAMOND
	10 CLUB
	8 SPADE
	3 CLUB
	3 DIAMOND
Deck 5:
	9 DIAMOND
	5 CLUB
	2 SPADE
	9 DIAMOND
	1 HEART
Deck 6:
	2 DIAMOND
	8 SPADE
	7 SPADE
	2 HEART
	13 SPADE
Deck 7:
	8 DIAMOND
	2 DIAMOND
	2 HEART
	14 SPADE
	5 SPADE
	14 HEART
	5 DIAMOND
	6 HEART
	7 DIAMOND
	10 DIAMOND
	6 HEART
Deck 8:
	10 CLUB
	5 CLUB
	3 DIAMOND
	10 SPADE
	7 DIAMOND
Deck 9:
	5 SPADE
	6 SPADE
	10 SPADE
	13 HEART
	3 SPADE
	9 SPADE
	7 CLUB
Deck 10:
	6 HEART
	9 CLUB
	12 DIAMOND
	10 SPADE
	5 SPADE
	1 SPADE
	10 DIAMOND
Deck 11:
	13 SPADE
	2 CLUB
Deck 12:
	4 DIAMOND
	1 DIAMOND
	3 SPADE
	3 CLUB
Deck 13:
	6 SPADE
	7 CLUB
	1 SPADE
	9 CLUB
	1 DIAMOND
Deck 14:
	13 HEART
	2 HEART
	8 SPADE
	2 SPADE
Deck 15:
	9 DIAMOND
	10 CLUB
	12 DIAMOND
	4 SPADE
	4 CLUB
	9 DIAMOND
The deck 7 was successfully deleted.
Deck 7:
	10 CLUB
	5 CLUB
	3 DIAMOND
	10 SPADE
	7 DIAMOND
The number of decks is 15.
The deck was successfully created with 7 cards.
The cards were successfully added to deck 5.
The deck 1 was successfully deleted.
The deck 1 was successfully deleted.
Deck 10:
	6 SPADE
	7 CLUB
	1 SPADE
	9 CLUB
	1 DIAMOND
The cards were successfully added to deck 8.
Deck 0:
	10 SPADE
	8 DIAMOND
	3 HEART
	1 DIAMOND
	7 HEART
	7 HEART
	10 CLUB
	12 CLUB
	3 SPADE
	12 SPADE
	4 SPADE
Deck 1:
	7 SPADE
	13 DIAMOND
	7 HEART
	8 CLUB
	13 HEART
	12 CLUB
	1 CLUB
	11 DIAMOND
	11 SPADE
	11 DIAMOND
Deck 2:
	14 SPADE
	3 SPADE
	10 DIAMOND
	10 CLUB
	8 SPADE
	3 CLUB
	3 DIAMOND
Deck 3:
	9 DIAMOND
	5 CLUB
	2 SPADE
	9 DIAMOND
	1 HEART
	3 SPADE
	9 HEART
	9 CLUB
	9 DIAMOND
Deck 4:
	2 DIAMOND
	8 SPADE
	7 SPADE
	2 HEART
	13 SPADE
Deck 5:
	10 CLUB
	5 CLUB
	3 DIAMOND
	10 SPADE
	7 DIAMOND
Deck 6:
	5 SPADE
	6 SPADE
	10 SPADE
	13 HEART
	3 SPADE
	9 SPADE
	7 CLUB
Deck 7:
	6 HEART
	9 CLUB
	12 DIAMOND
	10 SPADE
	5 SPADE
	1 SPADE
	10 DIAMOND
Deck 8:
	13 SPADE
	2 CLUB
	14 DIAMOND
	7 SPADE
Deck 9:
	4 DIAMOND
	1 DIAMOND
	3 SPADE
	3 CLUB
Deck 10:
	6 SPADE
	7 CLUB
	1 SPADE
	9 CLUB
	1 DIAMOND
Deck 11:
	13 HEART
	2 HEART
	8 SPADE
	2 SPADE
Deck 12:
	9 DIAMOND
	10 CLUB
	12 DIAMOND
	4 SPADE
	4 CLUB
	9 DIAMOND
Deck 13:
	12 HEART
	3 CLUB
	8 SPADE
	11 DIAMOND
	1 CLUB
	1 SPADE
	4 SPADE
The deck 11 was successfully deleted.
Deck 0:
	10 SPADE
	8 DIAMOND
	3 HEART
	1 DIAMOND
	7 HEART
	7 HEART
	10 CLUB
	12 CLUB
	3 SPADE
	12 SPADE
	4 SPADE
Deck 1:
	7 SPADE
	13 DIAMOND
	7 HEART
	8 CLUB
	13 HEART
	12 CLUB
	1 CLUB
	11 DIAMOND
	11 SPADE
	11 DIAMOND
Deck 2:
	14 SPADE
	3 SPADE
	10 DIAMOND
	10 CLUB
	8 SPADE
	3 CLUB
	3 DIAMOND
Deck 3:
	9 DIAMOND
	5 CLUB
	2 SPADE
	9 DIAMOND
	1 HEART
	3 SPADE
	9 HEART
	9 CLUB
	9 DIAMOND
Deck 4:
	2 DIAMOND
	8 SPADE
	7 SPADE
	2 HEART
	13 SPADE
Deck 5:
	10 CLUB
	5 CLUB
	3 DIAMOND
	10 SPADE
	7 DIAMOND
Deck 6:
	5 SPADE
	6 SPADE
	10 SPADE
	13 HEART
	3 SPADE
	9 SPADE
	7 CLUB
Deck 7:
	6 HEART
	9 CLUB
	12 DIAMOND
	10 SPADE
	5 SPADE
	1 SPADE
	10 DIAMOND
Deck 8:
	13 SPADE
	2 CLUB
	14 DIAMOND
	7 SPADE
Deck 9:
	4 DIAMOND
	1 DIAMOND
	3 SPADE
	3 CLUB
Deck 10:
	6 SPADE
	7 CLUB
	1 SPADE
	9 CLUB
	1 DIAMOND
Deck 11:
	9 DIAMOND
	10 CLUB
	12 DIAMOND
	4 SPADE
	4 CLUB
	9 DIAMOND
Deck 12:
	12 HEART
	3 CLUB
	8 SPADE
	11 DIAMOND
	1 CLUB
	1 SPADE
	4 SPADE
Invalid command. Please try again.
Deck 2:
	14 SPADE
	3 SPADE
	10 DIAMOND
	10 CLUB
	8 SPADE
	3 CLUB
	3 DIAMOND
The provided card is not a valid one.
The cards were successfully added to deck 2.
Deck 3:
	9 DIAMOND
	5 CLUB
	2 SPADE
	9 DIAMOND
	1 HEART
	3 SPADE
	9 HEART
	9 CLUB
	9 DIAMOND
The length of deck 4 is 5.
