The deck was successfully created with 4 cards.
The deck was successfully created with 5 cards.
The deck was successfully created with 4 cards.
Deck 2:
	12 DIAMOND
	1 SPADE
	1 CLUB
	8 DIAMOND
The provided index is out of bounds for deck 1.
The length of deck 1 is 5.
The number of decks is 3.
Deck 0:
	14 DIAMOND
	2 DIAMOND
	4 HEART
	12 HEART
Deck 1:
	8 HEART
	9 SPADE
	1 CLUB
	6 HEART
	13 SPADE
Deck 2:
	12 DIAMOND
	1 SPADE
	1 CLUB
	8 DIAMOND
The number of decks is 3.
Deck 0:
	14 DIAMOND
	2 DIAMOND
	4 HEART
	12 HEART
Deck 1:
	8 HEART
	9 SPADE
	1 CLUB
	6 HEART
	13 SPADE
Deck 2:
	12 DIAMOND
	1 SPADE
	1 CLUB
	8 DIAMOND
The card was successfully deleted from deck 0.
The deck 0 was successfully shuffled.
The deck 1 was successfully shuffled.
The deck 1 was successfully deleted.
The deck was successfully created with 7 cards.
The deck 2 was successfully shuffled.
The deck 1 was successfully shuffled.
Deck 0:
	2 DIAMOND
	12 HEART
	14 DIAMOND
Deck 1:
	1 CLUB
	8 DIAMOND
	12 DIAMOND
	1 SPADE
Deck 2:
	3 HEART
	10 DIAMOND
	9 SPADE
	2 HEART
	6 DIAMOND
	5 HEART
	2 SPADE
The deck 0 was successfully shuffled.
The deck 1 was successfully shuffled.
Deck 0:
	12 HEART
	14 DIAMOND
	2 DIAMOND
Deck 1:
	12 DIAMOND
	1 SPADE
	1 CLUB
	8 DIAMOND
Deck 2:
	3 HEART
	10 DIAMOND
	9 SPADE
	2 HEART
	6 DIAMOND
	5 HEART
	2 SPADE
The provided index is out of bounds for the deck list.
Deck 0:
	12 HEART
	14 DIAMOND
	2 DIAMOND
Deck 1:
	12 DIAMOND
	1 SPADE
	1 CLUB
	8 DIAMOND
Deck 2:
	3 HEART
	10 DIAMOND
	9 SPADE
	2 HEART
	6 DIAMOND
	5 HEART
	2 SPADE
The length of deck 1 is 4.
The deck 1 was successfully deleted.
The provided card is not a valid one.
The deck was successfully created with 4 cards.
Deck 0:
	12 HEART
	14 DIAMOND
	2 DIAMOND
Deck 1:
	3 HEART
	10 DIAMOND
	9 SPADE
	2 HEART
	6 DIAMOND
	5 HEART
	2 SPADE
Deck 2:
	4 DIAMOND
	1 HEART
	14 DIAMOND
	11 DIAMOND
The deck 0 was successfully deleted.
The deck was successfully created with 3 cards.
Deck 2:
	6 HEART
	10 CLUB
	5 SPADE
The length of deck 0 is 7.
The provided index is out of bounds for the deck list.
The deck 0 was successfully reversed.
The deck 0 was successfully shuffled.
Deck 2:
	6 HEART
	10 CLUB
	5 SPADE
The provided index is out of bounds for the deck list.
Deck 2:
	6 HEART
	10 CLUB
	5 SPADE
The deck was successfully created with 5 cards.
The deck 1 was successfully reversed.
Deck 0:
	2 HEART
	9 SPADE
	10 DIAMOND
	3 HEART
	2 SPADE
	5 HEART
	6 DIAMOND
Deck 1:
	11 DIAMOND
	14 DIAMOND
	1 HEART
	4 DIAMOND
Deck 2:
	6 HEART
	10 CLUB
	5 SPADE
Deck 3:
	4 CLUB
	9 CLUB
	14 HEART
	10 CLUB
	2 HEART
The card was successfully deleted from deck 0.
Invalid command. Please try again.
Invalid command. Please try again.
Invalid command. Please try again.
Invalid command. Please try again.
Invalid command. Please try again.
Invalid command. Please try again.
Invalid command. Please try again.
Invalid command. Please try again.
The number of decks is 4.
The deck 2 was successfully shuffled.
Deck 0:
	2 HEART
	9 SPADE
	10 DIAMOND
	2 SPADE
	5 HEART
	6 DIAMOND
Deck 1:
	11 DIAMOND
	14 DIAMOND
	1 HEART
	4 DIAMOND
Deck 2:
	10 CLUB
	5 SPADE
	6 HEART
Deck 3:
	4 CLUB
	9 CLUB
	14 HEART
	10 CLUB
	2 HEART
The number of decks is 4.
Deck 0:
	2 HEART
	9 SPADE
	10 DIAMOND
	2 SPADE
	5 HEART
	6 DIAMOND
Deck 1:
	11 DIAMOND
	14 DIAMOND
	1 HEART
	4 DIAMOND
Deck 2:
	10 CLUB
	5 SPADE
	6 HEART
Deck 3:
	4 CLUB
	9 CLUB
	14 HEART
	10 CLUB
	2 HEART
The card was successfully deleted from deck 1.
The number of decks is 4.
Deck 0:
	2 HEART
	9 SPADE
	10 DIAMOND
	2 SPADE
	5 HEART
	6 DIAMOND
Deck 1:
	14 DIAMOND
	1 HEART
	4 DIAMOND
Deck 2:
	10 CLUB
	5 SPADE
	6 HEART
Deck 3:
	4 CLUB
	9 CLUB
	14 HEART
	10 CLUB
	2 HEART
The provided index is out of bounds for the deck list.
The deck was successfully created with 7 cards.
The deck 2 was successfully shuffled.
The deck 2 was successfully reversed.
Deck 2:
	10 CLUB
	6 HEART
	5 SPADE
The deck 1 was successfully reversed.
Deck 0:
	2 HEART
	9 SPADE
	10 DIAMOND
	2 SPADE
	5 HEART
	6 DIAMOND
The provided index is out of bounds for the deck list.
Deck 0:
	2 HEART
	9 SPADE
	10 DIAMOND
	2 SPADE
	5 HEART
	6 DIAMOND
Deck 1:
	4 DIAMOND
	1 HEART
	14 DIAMOND
Deck 2:
	10 CLUB
	6 HEART
	5 SPADE
Deck 3:
	4 CLUB
	9 CLUB
	14 HEART
	10 CLUB
	2 HEART
Deck 4:
	9 DIAMOND
	13 SPADE
	13 DIAMOND
	4 DIAMOND
	12 DIAMOND
	6 SPADE
	9 SPADE
The cards were successfully added to deck 0.
Deck 0:
	2 HEART
	9 SPADE
	10 DIAMOND
	2 SPADE
	5 HEART
	6 DIAMOND
	7 SPADE
	11 DIAMOND
	1 HEART
	5 DIAMOND
Deck 1:
	4 DIAMOND
	1 HEART
	14 DIAMOND
Deck 2:
	10 CLUB
	6 HEART
	5 SPADE
Deck 3:
	4 CLUB
	9 CLUB
	14 HEART
	10 CLUB
	2 HEART
Deck 4:
	9 DIAMOND
	13 SPADE
	13 DIAMOND
	4 DIAMOND
	12 DIAMOND
	6 SPADE
	9 SPADE
The cards were successfully added to deck 4.
The length of deck 3 is 5.
The provided index is out of bounds for the deck list.
The provided index is out of bounds for the deck list.
Deck 0:
	2 HEART
	9 SPADE
	10 DIAMOND
	2 SPADE
	5 HEART
	6 DIAMOND
	7 SPADE
	11 DIAMOND
	1 HEART
	5 DIAMOND
Deck 1:
	4 DIAMOND
	1 HEART
	14 DIAMOND
Deck 2:
	10 CLUB
	6 HEART
	5 SPADE
Deck 3:
	4 CLUB
	9 CLUB
	14 HEART
	10 CLUB
	2 HEART
Deck 4:
	9 DIAMOND
	13 SPADE
	13 DIAMOND
	4 DIAMOND
	12 DIAMOND
	6 SPADE
	9 SPADE
	11 CLUB
The cards were successfully added to deck 2.
The cards were successfully added to deck 3.
The number of decks is 5.
The deck 0 was successfully shuffled.
The number of decks is 5.
Deck 1:
	4 DIAMOND
	1 HEART
	14 DIAMOND
The deck 0 was successfully shuffled.
Deck 0:
	2 HEART
	9 SPADE
	10 DIAMOND
	2 SPADE
	5 HEART
	6 DIAMOND
	7 SPADE
	11 DIAMOND
	1 HEART
	5 DIAMOND
Deck 1:
	4 DIAMOND
	1 HEART
	14 DIAMOND
Deck 2:
	10 CLUB
	6 HEART
	5 SPADE
	9 SPADE
	6 SPADE
	5 SPADE
Deck 3:
	4 CLUB
	9 CLUB
	14 HEART
	10 CLUB
	2 HEART
	2 SPADE
Deck 4:
	9 DIAMOND
	13 SPADE
	13 DIAMOND
	4 DIAMOND
	12 DIAMOND
	6 SPADE
	9 SPADE
	11 CLUB
The deck 2 was successfully deleted.
Invalid command. Please try again.
The deck was successfully created with 2 cards.
The provided index is out of bounds for the deck list.
Deck 2:
	4 CLUB
	9 CLUB
	14 HEART
	10 CLUB
	2 HEART
	2 SPADE
The length of deck 2 is 6.
Deck 2:
	4 CLUB
	9 CLUB
	14 HEART
	10 CLUB
	2 HEART
	2 SPADE
The card was successfully deleted from deck 0.
The number of decks is 5.
The provided card is not a valid one.
The deck was successfully created with 7 cards.
Deck 0:
	2 HEART
	9 SPADE
	10 DIAMOND
	2 SPADE
	5 HEART
	6 DIAMOND
	7 SPADE
	11 DIAMOND
	5 DIAMOND
Deck 1:
	4 DIAMOND
	1 HEART
	14 DIAMOND
Deck 2:
	4 CLUB
	9 CLUB
	14 HEART
	10 CLUB
	2 HEART
	2 SPADE
Deck 3:
	9 DIAMOND
	13 SPADE
	13 DIAMOND
	4 DIAMOND
	12 DIAMOND
	6 SPADE
	9 SPADE
	11 CLUB
Deck 4:
	2 HEART
	6 DIAMOND
Deck 5:
	11 CLUB
	5 HEART
	14 HEART
	5 HEART
	14 CLUB
	7 SPADE
	2 DIAMOND
The provided index is out of bounds for the deck list.
The deck 2 was successfully reversed.
Deck 5:
	11 CLUB
	5 HEART
	14 HEART
	5 HEART
	14 CLUB
	7 SPADE
	2 DIAMOND
The provided index is out of bounds for the deck list.
Deck 3:
	9 DIAMOND
	13 SPADE
	13 DIAMOND
	4 DIAMOND
	12 DIAMOND
	6 SPADE
	9 SPADE
	11 CLUB
The deck 1 was successfully reversed.
Invalid command. Please try again.
Invalid command. Please try again.
Invalid command. Please try again.
Invalid command. Please try again.
The deck 5 was successfully reversed.
Deck 0:
	2 HEART
	9 SPADE
	10 DIAMOND
	2 SPADE
	5 HEART
	6 DIAMOND
	7 SPADE
	11 DIAMOND
	5 DIAMOND
Deck 1:
	14 DIAMOND
	1 HEART
	4 DIAMOND
Deck 2:
	2 SPADE
	2 HEART
	10 CLUB
	14 HEART
	9 CLUB
	4 CLUB
Deck 3:
	9 DIAMOND
	13 SPADE
	13 DIAMOND
	4 DIAMOND
	12 DIAMOND
	6 SPADE
	9 SPADE
	11 CLUB
Deck 4:
	2 HEART
	6 DIAMOND
Deck 5:
	2 DIAMOND
	7 SPADE
	14 CLUB
	5 HEART
	14 HEART
	5 HEART
	11 CLUB
The number of decks is 6.
The number of decks is 6.
Deck 0:
	2 HEART
	9 SPADE
	10 DIAMOND
	2 SPADE
	5 HEART
	6 DIAMOND
	7 SPADE
	11 DIAMOND
	5 DIAMOND
Deck 1:
	14 DIAMOND
	1 HEART
	4 DIAMOND
Deck 2:
	2 SPADE
	2 HEART
	10 CLUB
	14 HEART
	9 CLUB
	4 CLUB
Deck 3:
	9 DIAMOND
	13 SPADE
	13 DIAMOND
	4 DIAMOND
	12 DIAMOND
	6 SPADE
	9 SPADE
	11 CLUB
Deck 4:
	2 HEART
	6 DIAMOND
Deck 5:
	2 DIAMOND
	7 SPADE
	14 CLUB
	5 HEART
	14 HEART
	5 HEART
	11 CLUB
The cards were successfully added to deck 4.
Deck 0:
	2 HEART
	9 SPADE
	10 DIAMOND
	2 SPADE
	5 HEART
	6 DIAMOND
	7 SPADE
	11 DIAMOND
	5 DIAMOND
Deck 1:
	14 DIAMOND
	1 HEART
	4 DIAMOND
Deck 2:
	2 SPADE
	2 HEART
	10 CLUB
	14 HEART
	9 CLUB
	4 CLUB
Deck 3:
	9 DIAMOND
	13 SPADE
	13 DIAMOND
	4 DIAMOND
	12 DIAMOND
	6 SPADE
	9 SPADE
	11 CLUB
Deck 4:
	2 HEART
	6 DIAMOND
	11 DIAMOND
Deck 5:
	2 DIAMOND
	7 SPADE
	14 CLUB
	5 HEART
	14 HEART
	5 HEART
	11 CLUB
The deck 5 was successfully shuffled.
The provided index is out of bounds for the deck list.
The provided index is out of bounds for the deck list.
The length of deck 0 is 9.
Deck 0:
	2 HEART
	9 SPADE
	10 DIAMOND
	2 SPADE
	5 HEART
	6 DIAMOND
	7 SPADE
	11 DIAMOND
	5 DIAMOND
Deck 1:
	14 DIAMOND
	1 HEART
	4 DIAMOND
Deck 2:
	2 SPADE
	2 HEART
	10 CLUB
	14 HEART
	9 CLUB
	4 CLUB
Deck 3:
	9 DIAMOND
	13 SPADE
	13 DIAMOND
	4 DIAMOND
	12 DIAMOND
	6 SPADE
	9 SPADE
	11 CLUB
Deck 4:
	2 HEART
	6 DIAMOND
	11 DIAMOND
Deck 5:
	5 HEART
	14 HEART
	5 HEART
	11 CLUB
	2 DIAMOND
	7 SPADE
	14 CLUB
The deck was successfully created with 6 cards.
The provided index is out of bounds for the deck list.
The deck was successfully created with 4 cards.
Deck 0:
	2 HEART
	9 SPADE
	10 DIAMOND
	2 SPADE
	5 HEART
	6 DIAMOND
	7 SPADE
	11 DIAMOND
	5 DIAMOND
Deck 1:
	14 DIAMOND
	1 HEART
	4 DIAMOND
Deck 2:
	2 SPADE
	2 HEART
	10 CLUB
	14 HEART
	9 CLUB
	4 CLUB
Deck 3:
	9 DIAMOND
	13 SPADE
	13 DIAMOND
	4 DIAMOND
	12 DIAMOND
	6 SPADE
	9 SPADE
	11 CLUB
Deck 4:
	2 HEART
	6 DIAMOND
	11 DIAMOND
Deck 5:
	5 HEART
	14 HEART
	5 HEART
	11 CLUB
	2 DIAMOND
	7 SPADE
	14 CLUB
Deck 6:
	12 SPADE
	12 DIAMOND
	9 HEART
	5 HEART
	9 HEART
	9 CLUB
Deck 7:
	3 SPADE
	1 HEART
	13 CLUB
	9 SPADE
The deck 4 was successfully reversed.
The deck was successfully created with 2 cards.
The deck 6 was successfully shuffled.
Deck 6:
	5 HEART
	9 HEART
	9 CLUB
	12 SPADE
	12 DIAMOND
	9 HEART
The provided card is not a valid one.
The provided card is not a valid one.
The deck was successfully created with 6 cards.
The deck was successfully created with 2 cards.
The length of deck 6 is 6.
Deck 0:
	2 HEART
	9 SPADE
	10 DIAMOND
	2 SPADE
	5 HEART
	6 DIAMOND
	7 SPADE
	11 DIAMOND
	5 DIAMOND
Deck 1:
	14 DIAMOND
	1 HEART
	4 DIAMOND
Deck 2:
	2 SPADE
	2 HEART
	10 CLUB
	14 HEART
	9 CLUB
	4 CLUB
Deck 3:
	9 DIAMOND
	13 SPADE
	13 DIAMOND
	4 DIAMOND
	12 DIAMOND
	6 SPADE
	9 SPADE
	11 CLUB
Deck 4:
	11 DIAMOND
	6 DIAMOND
	2 HEART
Deck 5:
	5 HEART
	14 HEART
	5 HEART
	11 CLUB
	2 DIAMOND
	7 SPADE
	14 CLUB
Deck 6:
	5 HEART
	9 HEART
	9 CLUB
	12 SPADE
	12 DIAMOND
	9 HEART
Deck 7:
	3 SPADE
	1 HEART
	13 CLUB
	9 SPADE
Deck 8:
	8 SPADE
	3 HEART
Deck 9:
	7 SPADE
	8 DIAMOND
	4 DIAMOND
	4 DIAMOND
	10 SPADE
	13 DIAMOND
Deck 10:
	3 CLUB
	14 HEART
The deck was successfully created with 3 cards.
Deck 8:
	8 SPADE
	3 HEART
The card was successfully deleted from deck 5.
Deck 4:
	11 DIAMOND
	6 DIAMOND
	2 HEART
The deck 8 was successfully shuffled.
The provided index is out of bounds for deck 10.
The length of deck 6 is 6.
Deck 0:
	2 HEART
	9 SPADE
	10 DIAMOND
	2 SPADE
	5 HEART
	6 DIAMOND
	7 SPADE
	11 DIAMOND
	5 DIAMOND
Deck 1:
	14 DIAMOND
	1 HEART
	4 DIAMOND
Deck 2:
	2 SPADE
	2 HEART
	10 CLUB
	14 HEART
	9 CLUB
	4 CLUB
Deck 3:
	9 DIAMOND
	13 SPADE
	13 DIAMOND
	4 DIAMOND
	12 DIAMOND
	6 SPADE
	9 SPADE
	11 CLUB
Deck 4:
	11 DIAMOND
	6 DIAMOND
	2 HEART
Deck 5:
	5 HEART
	5 HEART
	11 CLUB
	2 DIAMOND
	7 SPADE
	14 CLUB
Deck 6:
	5 HEART
	9 HEART
	9 CLUB
	12 SPADE
	12 DIAMOND
	9 HEART
Deck 7:
	3 SPADE
	1 HEART
	13 CLUB
	9 SPADE
Deck 8:
	3 HEART
	8 SPADE
Deck 9:
	7 SPADE
	8 DIAMOND
	4 DIAMOND
	4 DIAMOND
	10 SPADE
	13 DIAMOND
Deck 10:
	3 CLUB
	14 HEART
Deck 11:
	2 DIAMOND
	6 HEART
	12 DIAMOND
The number of decks is 12.
Deck 4:
	11 DIAMOND
	6 DIAMOND
	2 HEART
The deck 11 was successfully shuffled.
Deck 0:
	2 HEART
	9 SPADE
	10 DIAMOND
	2 SPADE
	5 HEART
	6 DIAMOND
	7 SPADE
	11 DIAMOND
	5 DIAMOND
Deck 1:
	14 DIAMOND
	1 HEART
	4 DIAMOND
Deck 2:
	2 SPADE
	2 HEART
	10 CLUB
	14 HEART
	9 CLUB
	4 CLUB
Deck 3:
	9 DIAMOND
	13 SPADE
	13 DIAMOND
	4 DIAMOND
	12 DIAMOND
	6 SPADE
	9 SPADE
	11 CLUB
Deck 4:
	11 DIAMOND
	6 DIAMOND
	2 HEART
Deck 5:
	5 HEART
	5 HEART
	11 CLUB
	2 DIAMOND
	7 SPADE
	14 CLUB
Deck 6:
	5 HEART
	9 HEART
	9 CLUB
	12 SPADE
	12 DIAMOND
	9 HEART
Deck 7:
	3 SPADE
	1 HEART
	13 CLUB
	9 SPADE
Deck 8:
	3 HEART
	8 SPADE
Deck 9:
	7 SPADE
	8 DIAMOND
	4 DIAMOND
	4 DIAMOND
	10 SPADE
	13 DIAMOND
Deck 10:
	3 CLUB
	14 HEART
Deck 11:
	6 HEART
	12 DIAMOND
	2 DIAMOND
The deck 2 was successfully shuffled.
Invalid command. Please try again.
The provided index is out of bounds for the deck list.
The card was successfully deleted from deck 0.
The length of deck 1 is 3.
Deck 0:
	2 HEART
	9 SPADE
	10 DIAMOND
	2 SPADE
	5 HEART
	6 DIAMOND
	7 SPADE
	11 DIAMOND
Deck 1:
	14 DIAMOND
	1 HEART
	4 DIAMOND
Deck 2:
	14 HEART
	9 CLUB
	4 CLUB
	2 SPADE
	2 HEART
	10 CLUB
Deck 3:
	9 DIAMOND
	13 SPADE
	13 DIAMOND
	4 DIAMOND
	12 DIAMOND
	6 SPADE
	9 SPADE
	11 CLUB
Deck 4:
	11 DIAMOND
	6 DIAMOND
	2 HEART
Deck 5:
	5 HEART
	5 HEART
	11 CLUB
	2 DIAMOND
	7 SPADE
	14 CLUB
Deck 6:
	5 HEART
	9 HEART
	9 CLUB
	12 SPADE
	12 DIAMOND
	9 HEART
Deck 7:
	3 SPADE
	1 HEART
	13 CLUB
	9 SPADE
Deck 8:
	3 HEART
	8 SPADE
Deck 9:
	7 SPADE
	8 DIAMOND
	4 DIAMOND
	4 DIAMOND
	10 SPADE
	13 DIAMOND
Deck 10:
	3 CLUB
	14 HEART
Deck 11:
	6 HEART
	12 DIAMOND
	2 DIAMOND
The length of deck 11 is 3.
The deck was successfully created with 7 cards.
Deck 0:
	2 HEART
	9 SPADE
	10 DIAMOND
	2 SPADE
	5 HEART
	6 DIAMOND
	7 SPADE
	11 DIAMOND
The number of decks is 13.
Deck 0:
	2 HEART
	9 SPADE
	10 DIAMOND
	2 SPADE
	5 HEART
	6 DIAMOND
	7 SPADE
	11 DIAMOND
Deck 1:
	14 DIAMOND
	1 HEART
	4 DIAMOND
Deck 2:
	14 HEART
	9 CLUB
	4 CLUB
	2 SPADE
	2 HEART
	10 CLUB
Deck 3:
	9 DIAMOND
	13 SPADE
	13 DIAMOND
	4 DIAMOND
	12 DIAMOND
	6 SPADE
	9 SPADE
	11 CLUB
Deck 4:
	11 DIAMOND
	6 DIAMOND
	2 HEART
Deck 5:
	5 HEART
	5 HEART
	11 CLUB
	2 DIAMOND
	7 SPADE
	14 CLUB
Deck 6:
	5 HEART
	9 HEART
	9 CLUB
	12 SPADE
	12 DIAMOND
	9 HEART
Deck 7:
	3 SPADE
	1 HEART
	13 CLUB
	9 SPADE
Deck 8:
	3 HEART
	8 SPADE
Deck 9:
	7 SPADE
	8 DIAMOND
	4 DIAMOND
	4 DIAMOND
	10 SPADE
	13 DIAMOND
Deck 10:
	3 CLUB
	14 HEART
Deck 11:
	6 HEART
	12 DIAMOND
	2 DIAMOND
Deck 12:
	11 HEART
	7 SPADE
	9 CLUB
	12 DIAMOND
	13 CLUB
	7 SPADE
	7 DIAMOND
The length of deck 1 is 3.
Deck 9:
	7 SPADE
	8 DIAMOND
	4 DIAMOND
	4 DIAMOND
	10 SPADE
	13 DIAMOND
The deck 7 was successfully deleted.
The deck 0 was successfully reversed.
Deck 0:
	11 DIAMOND
	7 SPADE
	6 DIAMOND
	5 HEART
	2 SPADE
	10 DIAMOND
	9 SPADE
	2 HEART
The card was successfully deleted from deck 9.
The cards were successfully added to deck 11.
Deck 0:
	11 DIAMOND
	7 SPADE
	6 DIAMOND
	5 HEART
	2 SPADE
	10 DIAMOND
	9 SPADE
	2 HEART
Deck 1:
	14 DIAMOND
	1 HEART
	4 DIAMOND
Deck 2:
	14 HEART
	9 CLUB
	4 CLUB
	2 SPADE
	2 HEART
	10 CLUB
Deck 3:
	9 DIAMOND
	13 SPADE
	13 DIAMOND
	4 DIAMOND
	12 DIAMOND
	6 SPADE
	9 SPADE
	11 CLUB
Deck 4:
	11 DIAMOND
	6 DIAMOND
	2 HEART
Deck 5:
	5 HEART
	5 HEART
	11 CLUB
	2 DIAMOND
	7 SPADE
	14 CLUB
Deck 6:
	5 HEART
	9 HEART
	9 CLUB
	12 SPADE
	12 DIAMOND
	9 HEART
Deck 7:
	3 HEART
	8 SPADE
Deck 8:
	7 SPADE
	8 DIAMOND
	4 DIAMOND
	4 DIAMOND
	10 SPADE
	13 DIAMOND
Deck 9:
	3 CLUB
Deck 10:
	6 HEART
	12 DIAMOND
	2 DIAMOND
Deck 11:
	11 HEART
	7 SPADE
	9 CLUB
	12 DIAMOND
	13 CLUB
	7 SPADE
	7 DIAMOND
	11 SPADE
	13 CLUB
	2 HEART
	13 CLUB
The provided index is out of bounds for the deck list.
The provided index is out of bounds for the deck list.
The deck 8 was successfully shuffled.
Deck 0:
	11 DIAMOND
	7 SPADE
	6 DIAMOND
	5 HEART
	2 SPADE
	10 DIAMOND
	9 SPADE
	2 HEART
Deck 1:
	14 DIAMOND
	1 HEART
	4 DIAMOND
Deck 2:
	14 HEART
	9 CLUB
	4 CLUB
	2 SPADE
	2 HEART
	10 CLUB
Deck 3:
	9 DIAMOND
	13 SPADE
	13 DIAMOND
	4 DIAMOND
	12 DIAMOND
	6 SPADE
	9 SPADE
	11 CLUB
Deck 4:
	11 DIAMOND
	6 DIAMOND
	2 HEART
Deck 5:
	5 HEART
	5 HEART
	11 CLUB
	2 DIAMOND
	7 SPADE
	14 CLUB
Deck 6:
	5 HEART
	9 HEART
	9 CLUB
	12 SPADE
	12 DIAMOND
	9 HEART
Deck 7:
	3 HEART
	8 SPADE
Deck 8:
	4 DIAMOND
	10 SPADE
	13 DIAMOND
	7 SPADE
	8 DIAMOND
	4 DIAMOND
Deck 9:
	3 CLUB
Deck 10:
	6 HEART
	12 DIAMOND
	2 DIAMOND
Deck 11:
	11 HEART
	7 SPADE
	9 CLUB
	12 DIAMOND
	13 CLUB
	7 SPADE
	7 DIAMOND
	11 SPADE
	13 CLUB
	2 HEART
	13 CLUB
The provided index is out of bounds for the deck list.
Deck 0:
	11 DIAMOND
	7 SPADE
	6 DIAMOND
	5 HEART
	2 SPADE
	10 DIAMOND
	9 SPADE
	2 HEART
Deck 1:
	14 DIAMOND
	1 HEART
	4 DIAMOND
Deck 2:
	14 HEART
	9 CLUB
	4 CLUB
	2 SPADE
	2 HEART
	10 CLUB
Deck 3:
	9 DIAMOND
	13 SPADE
	13 DIAMOND
	4 DIAMOND
	12 DIAMOND
	6 SPADE
	9 SPADE
	11 CLUB
Deck 4:
	11 DIAMOND
	6 DIAMOND
	2 HEART
Deck 5:
	5 HEART
	5 HEART
	11 CLUB
	2 DIAMOND
	7 SPADE
	14 CLUB
Deck 6:
	5 HEART
	9 HEART
	9 CLUB
	12 SPADE
	12 DIAMOND
	9 HEART
Deck 7:
	3 HEART
	8 SPADE
Deck 8:
	4 DIAMOND
	10 SPADE
	13 DIAMOND
	7 SPADE
	8 DIAMOND
	4 DIAMOND
Deck 9:
	3 CLUB
Deck 10:
	6 HEART
	12 DIAMOND
	2 DIAMOND
Deck 11:
	11 HEART
	7 SPADE
	9 CLUB
	12 DIAMOND
	13 CLUB
	7 SPADE
	7 DIAMOND
	11 SPADE
	13 CLUB
	2 HEART
	13 CLUB
The provided card is not a valid one.
The deck was successfully created with 3 cards.
The cards were successfully added to deck 2.
The deck 6 was successfully deleted.
The deck was successfully created with 5 cards.
Deck 0:
	11 DIAMOND
	7 SPADE
	6 DIAMOND
	5 HEART
	2 SPADE
	10 DIAMOND
	9 SPADE
	2 HEART
Deck 1:
	14 DIAMOND
	1 HEART
	4 DIAMOND
Deck 2:
	14 HEART
	9 CLUB
	4 CLUB
	2 SPADE
	2 HEART
	10 CLUB
	5 CLUB
	13 SPADE
	5 DIAMOND
Deck 3:
	9 DIAMOND
	13 SPADE
	13 DIAMOND
	4 DIAMOND
	12 DIAMOND
	6 SPADE
	9 SPADE
	11 CLUB
Deck 4:
	11 DIAMOND
	6 DIAMOND
	2 HEART
Deck 5:
	5 HEART
	5 HEART
	11 CLUB
	2 DIAMOND
	7 SPADE
	14 CLUB
Deck 6:
	3 HEART
	8 SPADE
Deck 7:
	4 DIAMOND
	10 SPADE
	13 DIAMOND
	7 SPADE
	8 DIAMOND
	4 DIAMOND
Deck 8:
	3 CLUB
Deck 9:
	6 HEART
	12 DIAMOND
	2 DIAMOND
Deck 10:
	11 HEART
	7 SPADE
	9 CLUB
	12 DIAMOND
	13 CLUB
	7 SPADE
	7 DIAMOND
	11 SPADE
	13 CLUB
	2 HEART
	13 CLUB
Deck 11:
	13 HEART
	2 CLUB
	9 CLUB
Deck 12:
	10 HEART
	5 SPADE
	10 HEART
	14 CLUB
	7 DIAMOND
The provided index is out of bounds for the deck list.
The provided index is out of bounds for the deck list.
The deck 1 was successfully shuffled.
The deck 11 was successfully shuffled.
The deck 8 was successfully shuffled.
The deck 3 was successfully shuffled.
Invalid command. Please try again.
Deck 0:
	11 DIAMOND
	7 SPADE
	6 DIAMOND
	5 HEART
	2 SPADE
	10 DIAMOND
	9 SPADE
	2 HEART
Deck 1:
	1 HEART
	4 DIAMOND
	14 DIAMOND
Deck 2:
	14 HEART
	9 CLUB
	4 CLUB
	2 SPADE
	2 HEART
	10 CLUB
	5 CLUB
	13 SPADE
	5 DIAMOND
Deck 3:
	12 DIAMOND
	6 SPADE
	9 SPADE
	11 CLUB
	9 DIAMOND
	13 SPADE
	13 DIAMOND
	4 DIAMOND
Deck 4:
	11 DIAMOND
	6 DIAMOND
	2 HEART
Deck 5:
	5 HEART
	5 HEART
	11 CLUB
	2 DIAMOND
	7 SPADE
	14 CLUB
Deck 6:
	3 HEART
	8 SPADE
Deck 7:
	4 DIAMOND
	10 SPADE
	13 DIAMOND
	7 SPADE
	8 DIAMOND
	4 DIAMOND
Deck 8:
	3 CLUB
Deck 9:
	6 HEART
	12 DIAMOND
	2 DIAMOND
Deck 10:
	11 HEART
	7 SPADE
	9 CLUB
	12 DIAMOND
	13 CLUB
	7 SPADE
	7 DIAMOND
	11 SPADE
	13 CLUB
	2 HEART
	13 CLUB
Deck 11:
	2 CLUB
	9 CLUB
	13 HEART
Deck 12:
	10 HEART
	5 SPADE
	10 HEART
	14 CLUB
	7 DIAMOND
The deck 6 was successfully deleted.
The deck 2 was successfully shuffled.
The deck 3 was successfully reversed.
Deck 0:
	11 DIAMOND
	7 SPADE
	6 DIAMOND
	5 HEART
	2 SPADE
	10 DIAMOND
	9 SPADE
	2 HEART
The cards were successfully added to deck 2.
The cards were successfully added to deck 10.
The number of decks is 12.
Deck 0:
	11 DIAMOND
	7 SPADE
	6 DIAMOND
	5 HEART
	2 SPADE
	10 DIAMOND
	9 SPADE
	2 HEART
Deck 1:
	1 HEART
	4 DIAMOND
	14 DIAMOND
Deck 2:
	2 HEART
	10 CLUB
	5 CLUB
	13 SPADE
	5 DIAMOND
	14 HEART
	9 CLUB
	4 CLUB
	2 SPADE
	4 DIAMOND
Deck 3:
	4 DIAMOND
	13 DIAMOND
	13 SPADE
	9 DIAMOND
	11 CLUB
	9 SPADE
	6 SPADE
	12 DIAMOND
Deck 4:
	11 DIAMOND
	6 DIAMOND
	2 HEART
Deck 5:
	5 HEART
	5 HEART
	11 CLUB
	2 DIAMOND
	7 SPADE
	14 CLUB
Deck 6:
	4 DIAMOND
	10 SPADE
	13 DIAMOND
	7 SPADE
	8 DIAMOND
	4 DIAMOND
Deck 7:
	3 CLUB
Deck 8:
	6 HEART
	12 DIAMOND
	2 DIAMOND
Deck 9:
	11 HEART
	7 SPADE
	9 CLUB
	12 DIAMOND
	13 CLUB
	7 SPADE
	7 DIAMOND
	11 SPADE
	13 CLUB
	2 HEART
	13 CLUB
Deck 10:
	2 CLUB
	9 CLUB
	13 HEART
	6 DIAMOND
	13 SPADE
Deck 11:
	10 HEART
	5 SPADE
	10 HEART
	14 CLUB
	7 DIAMOND
The deck 9 was successfully shuffled.
Deck 0:
	11 DIAMOND
	7 SPADE
	6 DIAMOND
	5 HEART
	2 SPADE
	10 DIAMOND
	9 SPADE
	2 HEART
Deck 1:
	1 HEART
	4 DIAMOND
	14 DIAMOND
Deck 2:
	2 HEART
	10 CLUB
	5 CLUB
	13 SPADE
	5 DIAMOND
	14 HEART
	9 CLUB
	4 CLUB
	2 SPADE
	4 DIAMOND
Deck 3:
	4 DIAMOND
	13 DIAMOND
	13 SPADE
	9 DIAMOND
	11 CLUB
	9 SPADE
	6 SPADE
	12 DIAMOND
Deck 4:
	11 DIAMOND
	6 DIAMOND
	2 HEART
Deck 5:
	5 HEART
	5 HEART
	11 CLUB
	2 DIAMOND
	7 SPADE
	14 CLUB
Deck 6:
	4 DIAMOND
	10 SPADE
	13 DIAMOND
	7 SPADE
	8 DIAMOND
	4 DIAMOND
Deck 7:
	3 CLUB
Deck 8:
	6 HEART
	12 DIAMOND
	2 DIAMOND
Deck 9:
	7 SPADE
	7 DIAMOND
	11 SPADE
	13 CLUB
	2 HEART
	13 CLUB
	11 HEART
	7 SPADE
	9 CLUB
	12 DIAMOND
	13 CLUB
Deck 10:
	2 CLUB
	9 CLUB
	13 HEART
	6 DIAMOND
	13 SPADE
Deck 11:
	10 HEART
	5 SPADE
	10 HEART
	14 CLUB
	7 DIAMOND
The deck 0 was successfully reversed.
Deck 0:
	2 HEART
	9 SPADE
	10 DIAMOND
	2 SPADE
	5 HEART
	6 DIAMOND
	7 SPADE
	11 DIAMOND
Deck 1:
	1 HEART
	4 DIAMOND
	14 DIAMOND
Deck 2:
	2 HEART
	10 CLUB
	5 CLUB
	13 SPADE
	5 DIAMOND
	14 HEART
	9 CLUB
	4 CLUB
	2 SPADE
	4 DIAMOND
Deck 3:
	4 DIAMOND
	13 DIAMOND
	13 SPADE
	9 DIAMOND
	11 CLUB
	9 SPADE
	6 SPADE
	12 DIAMOND
Deck 4:
	11 DIAMOND
	6 DIAMOND
	2 HEART
Deck 5:
	5 HEART
	5 HEART
	11 CLUB
	2 DIAMOND
	7 SPADE
	14 CLUB
Deck 6:
	4 DIAMOND
	10 SPADE
	13 DIAMOND
	7 SPADE
	8 DIAMOND
	4 DIAMOND
Deck 7:
	3 CLUB
Deck 8:
	6 HEART
	12 DIAMOND
	2 DIAMOND
Deck 9:
	7 SPADE
	7 DIAMOND
	11 SPADE
	13 CLUB
	2 HEART
	13 CLUB
	11 HEART
	7 SPADE
	9 CLUB
	12 DIAMOND
	13 CLUB
Deck 10:
	2 CLUB
	9 CLUB
	13 HEART
	6 DIAMOND
	13 SPADE
Deck 11:
	10 HEART
	5 SPADE
	10 HEART
	14 CLUB
	7 DIAMOND
The number of decks is 12.
The deck 1 was successfully reversed.
The deck 8 was successfully shuffled.
The deck 11 was successfully reversed.
Deck 0:
	2 HEART
	9 SPADE
	10 DIAMOND
	2 SPADE
	5 HEART
	6 DIAMOND
	7 SPADE
	11 DIAMOND
Deck 1:
	14 DIAMOND
	4 DIAMOND
	1 HEART
Deck 2:
	2 HEART
	10 CLUB
	5 CLUB
	13 SPADE
	5 DIAMOND
	14 HEART
	9 CLUB
	4 CLUB
	2 SPADE
	4 DIAMOND
Deck 3:
	4 DIAMOND
	13 DIAMOND
	13 SPADE
	9 DIAMOND
	11 CLUB
	9 SPADE
	6 SPADE
	12 DIAMOND
Deck 4:
	11 DIAMOND
	6 DIAMOND
	2 HEART
Deck 5:
	5 HEART
	5 HEART
	11 CLUB
	2 DIAMOND
	7 SPADE
	14 CLUB
Deck 6:
	4 DIAMOND
	10 SPADE
	13 DIAMOND
	7 SPADE
	8 DIAMOND
	4 DIAMOND
Deck 7:
	3 CLUB
Deck 8:
	12 DIAMOND
	2 DIAMOND
	6 HEART
Deck 9:
	7 SPADE
	7 DIAMOND
	11 SPADE
	13 CLUB
	2 HEART
	13 CLUB
	11 HEART
	7 SPADE
	9 CLUB
	12 DIAMOND
	13 CLUB
Deck 10:
	2 CLUB
	9 CLUB
	13 HEART
	6 DIAMOND
	13 SPADE
Deck 11:
	7 DIAMOND
	14 CLUB
	10 HEART
	5 SPADE
	10 HEART
The deck 6 was successfully shuffled.
The provided index is out of bounds for the deck list.
The deck 10 was successfully deleted.
The length of deck 0 is 8.
Deck 0:
	2 HEART
	9 SPADE
	10 DIAMOND
	2 SPADE
	5 HEART
	6 DIAMOND
	7 SPADE
	11 DIAMOND
Deck 1:
	14 DIAMOND
	4 DIAMOND
	1 HEART
Deck 2:
	2 HEART
	10 CLUB
	5 CLUB
	13 SPADE
	5 DIAMOND
	14 HEART
	9 CLUB
	4 CLUB
	2 SPADE
	4 DIAMOND
Deck 3:
	4 DIAMOND
	13 DIAMOND
	13 SPADE
	9 DIAMOND
	11 CLUB
	9 SPADE
	6 SPADE
	12 DIAMOND
Deck 4:
	11 DIAMOND
	6 DIAMOND
	2 HEART
Deck 5:
	5 HEART
	5 HEART
	11 CLUB
	2 DIAMOND
	7 SPADE
	14 CLUB
Deck 6:
	7 SPADE
	8 DIAMOND
	4 DIAMOND
	4 DIAMOND
	10 SPADE
	13 DIAMOND
Deck 7:
	3 CLUB
Deck 8:
	12 DIAMOND
	2 DIAMOND
	6 HEART
Deck 9:
	7 SPADE
	7 DIAMOND
	11 SPADE
	13 CLUB
	2 HEART
	13 CLUB
	11 HEART
	7 SPADE
	9 CLUB
	12 DIAMOND
	13 CLUB
Deck 10:
	7 DIAMOND
	14 CLUB
	10 HEART
	5 SPADE
	10 HEART
The provided index is out of bounds for the deck list.
Deck 0:
	2 HEART
	9 SPADE
	10 DIAMOND
	2 SPADE
	5 HEART
	6 DIAMOND
	7 SPADE
	11 DIAMOND
Deck 1:
	14 DIAMOND
	4 DIAMOND
	1 HEART
Deck 2:
	2 HEART
	10 CLUB
	5 CLUB
	13 SPADE
	5 DIAMOND
	14 HEART
	9 CLUB
	4 CLUB
	2 SPADE
	4 DIAMOND
Deck 3:
	4 DIAMOND
	13 DIAMOND
	13 SPADE
	9 DIAMOND
	11 CLUB
	9 SPADE
	6 SPADE
	12 DIAMOND
Deck 4:
	11 DIAMOND
	6 DIAMOND
	2 HEART
Deck 5:
	5 HEART
	5 HEART
	11 CLUB
	2 DIAMOND
	7 SPADE
	14 CLUB
Deck 6:
	7 SPADE
	8 DIAMOND
	4 DIAMOND
	4 DIAMOND
	10 SPADE
	13 DIAMOND
Deck 7:
	3 CLUB
Deck 8:
	12 DIAMOND
	2 DIAMOND
	6 HEART
Deck 9:
	7 SPADE
	7 DIAMOND
	11 SPADE
	13 CLUB
	2 HEART
	13 CLUB
	11 HEART
	7 SPADE
	9 CLUB
	12 DIAMOND
	13 CLUB
Deck 10:
	7 DIAMOND
	14 CLUB
	10 HEART
	5 SPADE
	10 HEART
The deck 4 was successfully deleted.
The cards were successfully added to deck 2.
The cards were successfully added to deck 5.
Deck 6:
	3 CLUB
Invalid command. Please try again.
The deck 0 was successfully deleted.
The deck 6 was successfully reversed.
Deck 1:
	2 HEART
	10 CLUB
	5 CLUB
	13 SPADE
	5 DIAMOND
	14 HEART
	9 CLUB
	4 CLUB
	2 SPADE
	4 DIAMOND
	8 DIAMOND
	1 CLUB
The deck 8 was successfully shuffled.
The number of decks is 9.
Deck 0:
	14 DIAMOND
	4 DIAMOND
	1 HEART
Deck 1:
	2 HEART
	10 CLUB
	5 CLUB
	13 SPADE
	5 DIAMOND
	14 HEART
	9 CLUB
	4 CLUB
	2 SPADE
	4 DIAMOND
	8 DIAMOND
	1 CLUB
Deck 2:
	4 DIAMOND
	13 DIAMOND
	13 SPADE
	9 DIAMOND
	11 CLUB
	9 SPADE
	6 SPADE
	12 DIAMOND
Deck 3:
	5 HEART
	5 HEART
	11 CLUB
	2 DIAMOND
	7 SPADE
	14 CLUB
Deck 4:
	7 SPADE
	8 DIAMOND
	4 DIAMOND
	4 DIAMOND
	10 SPADE
	13 DIAMOND
	9 CLUB
	1 CLUB
	4 HEART
Deck 5:
	3 CLUB
Deck 6:
	6 HEART
	2 DIAMOND
	12 DIAMOND
Deck 7:
	7 SPADE
	7 DIAMOND
	11 SPADE
	13 CLUB
	2 HEART
	13 CLUB
	11 HEART
	7 SPADE
	9 CLUB
	12 DIAMOND
	13 CLUB
Deck 8:
	10 HEART
	5 SPADE
	10 HEART
	7 DIAMOND
	14 CLUB
The provided card is not a valid one.
The provided card is not a valid one.
The provided card is not a valid one.
The deck was successfully created with 7 cards.
The length of deck 0 is 3.
The number of decks is 10.
Deck 0:
	14 DIAMOND
	4 DIAMOND
	1 HEART
The deck 9 was successfully shuffled.
Deck 9:
	4 CLUB
	14 SPADE
	4 SPADE
	2 HEART
	4 CLUB
	2 CLUB
	9 SPADE
The provided index is out of bounds for the deck list.
The card was successfully deleted from deck 1.
The provided card is not a valid one.
The deck was successfully created with 8 cards.
Deck 5:
	3 CLUB
The provided index is out of bounds for the deck list.
Deck 9:
	4 CLUB
	14 SPADE
	4 SPADE
	2 HEART
	4 CLUB
	2 CLUB
	9 SPADE
The number of decks is 11.
Invalid command. Please try again.
Invalid command. Please try again.
The number of decks is 11.
The provided index is out of bounds for the deck list.
The deck 3 was successfully shuffled.
Deck 0:
	14 DIAMOND
	4 DIAMOND
	1 HEART
Deck 1:
	2 HEART
	10 CLUB
	5 CLUB
	13 SPADE
	5 DIAMOND
	14 HEART
	9 CLUB
	2 SPADE
	4 DIAMOND
	8 DIAMOND
	1 CLUB
Deck 2:
	4 DIAMOND
	13 DIAMOND
	13 SPADE
	9 DIAMOND
	11 CLUB
	9 SPADE
	6 SPADE
	12 DIAMOND
Deck 3:
	2 DIAMOND
	7 SPADE
	14 CLUB
	5 HEART
	5 HEART
	11 CLUB
Deck 4:
	7 SPADE
	8 DIAMOND
	4 DIAMOND
	4 DIAMOND
	10 SPADE
	13 DIAMOND
	9 CLUB
	1 CLUB
	4 HEART
Deck 5:
	3 CLUB
Deck 6:
	6 HEART
	2 DIAMOND
	12 DIAMOND
Deck 7:
	7 SPADE
	7 DIAMOND
	11 SPADE
	13 CLUB
	2 HEART
	13 CLUB
	11 HEART
	7 SPADE
	9 CLUB
	12 DIAMOND
	13 CLUB
Deck 8:
	10 HEART
	5 SPADE
	10 HEART
	7 DIAMOND
	14 CLUB
Deck 9:
	4 CLUB
	14 SPADE
	4 SPADE
	2 HEART
	4 CLUB
	2 CLUB
	9 SPADE
Deck 10:
	14 SPADE
	5 DIAMOND
	13 HEART
	2 HEART
	5 SPADE
	7 CLUB
	2 HEART
	11 SPADE
The card was successfully deleted from deck 10.
