The deck was successfully created with 2 cards.
The deck was successfully created with 5 cards.
The deck was successfully created with 4 cards.
Deck 0:
	10 CLUB
	4 HEART
Deck 1:
	12 SPADE
	11 HEART
	1 DIAMOND
	4 DIAMOND
	8 SPADE
Deck 2:
	12 HEART
	3 HEART
	7 HEART
	10 CLUB
The cards were successfully added to deck 0.
Deck 0:
	10 CLUB
	4 HEART
	14 DIAMOND
	11 DIAMOND
	14 SPADE
The deck was successfully created with 4 cards.
Deck 0:
	10 CLUB
	4 HEART
	14 DIAMOND
	11 DIAMOND
	14 SPADE
The deck was successfully created with 7 cards.
Deck 0:
	10 CLUB
	4 HEART
	14 DIAMOND
	11 DIAMOND
	14 SPADE
Deck 1:
	12 SPADE
	11 HEART
	1 DIAMOND
	4 DIAMOND
	8 SPADE
Deck 2:
	12 HEART
	3 HEART
	7 HEART
	10 CLUB
Deck 3:
	11 HEART
	5 HEART
	2 DIAMOND
	14 HEART
Deck 4:
	13 DIAMOND
	4 CLUB
	1 SPADE
	12 SPADE
	14 HEART
	3 HEART
	2 HEART
The deck was successfully created with 4 cards.
Deck 5:
	2 HEART
	10 DIAMOND
	3 SPADE
	1 SPADE
The deck 2 was successfully deleted.
The deck 0 was successfully reversed.
The deck was successfully created with 6 cards.
Deck 0:
	14 SPADE
	11 DIAMOND
	14 DIAMOND
	4 HEART
	10 CLUB
Deck 1:
	12 SPADE
	11 HEART
	1 DIAMOND
	4 DIAMOND
	8 SPADE
Deck 2:
	11 HEART
	5 HEART
	2 DIAMOND
	14 HEART
Deck 3:
	13 DIAMOND
	4 CLUB
	1 SPADE
	12 SPADE
	14 HEART
	3 HEART
	2 HEART
Deck 4:
	2 HEART
	10 DIAMOND
	3 SPADE
	1 SPADE
Deck 5:
	9 SPADE
	4 CLUB
	2 DIAMOND
	2 CLUB
	1 HEART
	12 DIAMOND
The deck 4 was successfully deleted.
The number of decks is 5.
Deck 0:
	14 SPADE
	11 DIAMOND
	14 DIAMOND
	4 HEART
	10 CLUB
The card was successfully deleted from deck 1.
Deck 0:
	14 SPADE
	11 DIAMOND
	14 DIAMOND
	4 HEART
	10 CLUB
Deck 1:
	12 SPADE
	1 DIAMOND
	4 DIAMOND
	8 SPADE
Deck 2:
	11 HEART
	5 HEART
	2 DIAMOND
	14 HEART
Deck 3:
	13 DIAMOND
	4 CLUB
	1 SPADE
	12 SPADE
	14 HEART
	3 HEART
	2 HEART
Deck 4:
	9 SPADE
	4 CLUB
	2 DIAMOND
	2 CLUB
	1 HEART
	12 DIAMOND
The deck 2 was successfully deleted.
Deck 0:
	14 SPADE
	11 DIAMOND
	14 DIAMOND
	4 HEART
	10 CLUB
Deck 1:
	12 SPADE
	1 DIAMOND
	4 DIAMOND
	8 SPADE
Deck 2:
	13 DIAMOND
	4 CLUB
	1 SPADE
	12 SPADE
	14 HEART
	3 HEART
	2 HEART
Deck 3:
	9 SPADE
	4 CLUB
	2 DIAMOND
	2 CLUB
	1 HEART
	12 DIAMOND
The deck 3 was successfully reversed.
Deck 0:
	14 SPADE
	11 DIAMOND
	14 DIAMOND
	4 HEART
	10 CLUB
Deck 1:
	12 SPADE
	1 DIAMOND
	4 DIAMOND
	8 SPADE
Deck 2:
	13 DIAMOND
	4 CLUB
	1 SPADE
	12 SPADE
	14 HEART
	3 HEART
	2 HEART
Deck 3:
	12 DIAMOND
	1 HEART
	2 CLUB
	2 DIAMOND
	4 CLUB
	9 SPADE
The deck was successfully created with 8 cards.
Deck 0:
	14 SPADE
	11 DIAMOND
	14 DIAMOND
	4 HEART
	10 CLUB
The length of deck 2 is 7.
The deck 1 was successfully reversed.
The cards were successfully added to deck 1.
The card was successfully deleted from deck 0.
Deck 3:
	12 DIAMOND
	1 HEART
	2 CLUB
	2 DIAMOND
	4 CLUB
	9 SPADE
The deck was successfully created with 4 cards.
The number of decks is 6.
Deck 0:
	14 SPADE
	11 DIAMOND
	14 DIAMOND
	10 CLUB
Deck 1:
	8 SPADE
	4 DIAMOND
	1 DIAMOND
	12 SPADE
	4 HEART
Deck 2:
	13 DIAMOND
	4 CLUB
	1 SPADE
	12 SPADE
	14 HEART
	3 HEART
	2 HEART
Deck 3:
	12 DIAMOND
	1 HEART
	2 CLUB
	2 DIAMOND
	4 CLUB
	9 SPADE
Deck 4:
	6 HEART
	8 HEART
	1 HEART
	10 DIAMOND
	10 HEART
	3 SPADE
	1 HEART
	10 DIAMOND
Deck 5:
	4 DIAMOND
	4 SPADE
	1 DIAMOND
	2 SPADE
The deck 2 was successfully deleted.
The deck 0 was successfully deleted.
The deck 1 was successfully reversed.
Deck 3:
	4 DIAMOND
	4 SPADE
	1 DIAMOND
	2 SPADE
The deck 3 was successfully reversed.
Deck 0:
	8 SPADE
	4 DIAMOND
	1 DIAMOND
	12 SPADE
	4 HEART
Deck 1:
	9 SPADE
	4 CLUB
	2 DIAMOND
	2 CLUB
	1 HEART
	12 DIAMOND
Deck 2:
	6 HEART
	8 HEART
	1 HEART
	10 DIAMOND
	10 HEART
	3 SPADE
	1 HEART
	10 DIAMOND
Deck 3:
	2 SPADE
	1 DIAMOND
	4 SPADE
	4 DIAMOND
The deck 1 was successfully reversed.
Deck 0:
	8 SPADE
	4 DIAMOND
	1 DIAMOND
	12 SPADE
	4 HEART
Deck 1:
	12 DIAMOND
	1 HEART
	2 CLUB
	2 DIAMOND
	4 CLUB
	9 SPADE
Deck 2:
	6 HEART
	8 HEART
	1 HEART
	10 DIAMOND
	10 HEART
	3 SPADE
	1 HEART
	10 DIAMOND
Deck 3:
	2 SPADE
	1 DIAMOND
	4 SPADE
	4 DIAMOND
The card was successfully deleted from deck 1.
The number of decks is 4.
Deck 0:
	8 SPADE
	4 DIAMOND
	1 DIAMOND
	12 SPADE
	4 HEART
Deck 1:
	12 DIAMOND
	1 HEART
	2 CLUB
	2 DIAMOND
	4 CLUB
Deck 2:
	6 HEART
	8 HEART
	1 HEART
	10 DIAMOND
	10 HEART
	3 SPADE
	1 HEART
	10 DIAMOND
Deck 3:
	2 SPADE
	1 DIAMOND
	4 SPADE
	4 DIAMOND
The number of decks is 4.
The deck 1 was successfully reversed.
Deck 0:
	8 SPADE
	4 DIAMOND
	1 DIAMOND
	12 SPADE
	4 HEART
Deck 1:
	4 CLUB
	2 DIAMOND
	2 CLUB
	1 HEART
	12 DIAMOND
Deck 2:
	6 HEART
	8 HEART
	1 HEART
	10 DIAMOND
	10 HEART
	3 SPADE
	1 HEART
	10 DIAMOND
Deck 3:
	2 SPADE
	1 DIAMOND
	4 SPADE
	4 DIAMOND
The deck 2 was successfully reversed.
Deck 0:
	8 SPADE
	4 DIAMOND
	1 DIAMOND
	12 SPADE
	4 HEART
The cards were successfully added to deck 0.
Deck 0:
	8 SPADE
	4 DIAMOND
	1 DIAMOND
	12 SPADE
	4 HEART
	13 SPADE
The deck 1 was successfully reversed.
The deck 2 was successfully reversed.
Deck 0:
	8 SPADE
	4 DIAMOND
	1 DIAMOND
	12 SPADE
	4 HEART
	13 SPADE
Deck 1:
	12 DIAMOND
	1 HEART
	2 CLUB
	2 DIAMOND
	4 CLUB
Deck 2:
	6 HEART
	8 HEART
	1 HEART
	10 DIAMOND
	10 HEART
	3 SPADE
	1 HEART
	10 DIAMOND
Deck 3:
	2 SPADE
	1 DIAMOND
	4 SPADE
	4 DIAMOND
The number of decks is 4.
Deck 3:
	2 SPADE
	1 DIAMOND
	4 SPADE
	4 DIAMOND
The deck 0 was successfully deleted.
Deck 0:
	12 DIAMOND
	1 HEART
	2 CLUB
	2 DIAMOND
	4 CLUB
Deck 1:
	6 HEART
	8 HEART
	1 HEART
	10 DIAMOND
	10 HEART
	3 SPADE
	1 HEART
	10 DIAMOND
Deck 2:
	2 SPADE
	1 DIAMOND
	4 SPADE
	4 DIAMOND
The number of decks is 3.
Deck 0:
	12 DIAMOND
	1 HEART
	2 CLUB
	2 DIAMOND
	4 CLUB
The deck 0 was successfully deleted.
The deck was successfully created with 6 cards.
Deck 2:
	13 DIAMOND
	2 CLUB
	12 CLUB
	1 CLUB
	6 DIAMOND
	8 CLUB
The cards were successfully added to deck 2.
The deck was successfully created with 7 cards.
The deck 0 was successfully reversed.
The deck was successfully created with 4 cards.
The deck 1 was successfully deleted.
Deck 0:
	10 DIAMOND
	1 HEART
	3 SPADE
	10 HEART
	10 DIAMOND
	1 HEART
	8 HEART
	6 HEART
The deck 0 was successfully deleted.
The deck 2 was successfully reversed.
Deck 0:
	13 DIAMOND
	2 CLUB
	12 CLUB
	1 CLUB
	6 DIAMOND
	8 CLUB
	13 HEART
	7 SPADE
	13 DIAMOND
	11 CLUB
Deck 1:
	13 SPADE
	6 HEART
	5 DIAMOND
	2 CLUB
	5 DIAMOND
	12 DIAMOND
	9 SPADE
Deck 2:
	11 CLUB
	6 SPADE
	14 DIAMOND
	6 DIAMOND
The card was successfully deleted from deck 1.
The deck 1 was successfully reversed.
Deck 0:
	13 DIAMOND
	2 CLUB
	12 CLUB
	1 CLUB
	6 DIAMOND
	8 CLUB
	13 HEART
	7 SPADE
	13 DIAMOND
	11 CLUB
Deck 1:
	9 SPADE
	12 DIAMOND
	2 CLUB
	5 DIAMOND
	6 HEART
	13 SPADE
Deck 2:
	11 CLUB
	6 SPADE
	14 DIAMOND
	6 DIAMOND
The deck was successfully created with 5 cards.
The cards were successfully added to deck 2.
The deck was successfully created with 6 cards.
Deck 3:
	2 CLUB
	2 CLUB
	2 DIAMOND
	2 HEART
	13 CLUB
The deck 3 was successfully reversed.
The deck 2 was successfully deleted.
Deck 3:
	14 SPADE
	8 CLUB
	7 SPADE
	13 DIAMOND
	4 CLUB
	13 HEART
The number of decks is 4.
The deck 0 was successfully reversed.
