The deck was successfully created with 3 cards.
The deck was successfully created with 8 cards.
The deck was successfully created with 2 cards.
The card was successfully deleted from deck 0.
Deck 0:
	2 SPADE
	14 CLUB
Deck 1:
	1 DIAMOND
	13 SPADE
	14 HEART
	10 CLUB
	14 HEART
	11 SPADE
	8 DIAMOND
	11 SPADE
Deck 2:
	10 HEART
	10 HEART
The number of decks is 3.
The number of decks is 3.
The length of deck 2 is 2.
The deck 0 was successfully deleted.
The deck was successfully created with 7 cards.
The deck 1 was successfully deleted.
The deck was successfully created with 8 cards.
Deck 2:
	3 SPADE
	5 HEART
	3 HEART
	9 SPADE
	2 CLUB
	11 SPADE
	12 DIAMOND
	1 SPADE
The number of decks is 3.
The deck 1 was successfully deleted.
The deck was successfully created with 2 cards.
The deck was successfully created with 6 cards.
The length of deck 1 is 8.
Deck 0:
	1 DIAMOND
	13 SPADE
	14 HEART
	10 CLUB
	14 HEART
	11 SPADE
	8 DIAMOND
	11 SPADE
The number of decks is 4.
Deck 0:
	1 DIAMOND
	13 SPADE
	14 HEART
	10 CLUB
	14 HEART
	11 SPADE
	8 DIAMOND
	11 SPADE
Deck 1:
	3 SPADE
	5 HEART
	3 HEART
	9 SPADE
	2 CLUB
	11 SPADE
	12 DIAMOND
	1 SPADE
Deck 2:
	7 DIAMOND
	12 DIAMOND
Deck 3:
	8 SPADE
	9 SPADE
	13 CLUB
	10 CLUB
	7 SPADE
	1 SPADE
The cards were successfully added to deck 0.
Deck 0:
	1 DIAMOND
	13 SPADE
	14 HEART
	10 CLUB
	14 HEART
	11 SPADE
	8 DIAMOND
	11 SPADE
	2 HEART
	5 HEART
	7 SPADE
	1 DIAMOND
Deck 1:
	3 SPADE
	5 HEART
	3 HEART
	9 SPADE
	2 CLUB
	11 SPADE
	12 DIAMOND
	1 SPADE
Deck 2:
	7 DIAMOND
	12 DIAMOND
Deck 3:
	8 SPADE
	9 SPADE
	13 CLUB
	10 CLUB
	7 SPADE
	1 SPADE
The length of deck 2 is 2.
Deck 0:
	1 DIAMOND
	13 SPADE
	14 HEART
	10 CLUB
	14 HEART
	11 SPADE
	8 DIAMOND
	11 SPADE
	2 HEART
	5 HEART
	7 SPADE
	1 DIAMOND
Deck 1:
	3 SPADE
	5 HEART
	3 HEART
	9 SPADE
	2 CLUB
	11 SPADE
	12 DIAMOND
	1 SPADE
Deck 2:
	7 DIAMOND
	12 DIAMOND
Deck 3:
	8 SPADE
	9 SPADE
	13 CLUB
	10 CLUB
	7 SPADE
	1 SPADE
The number of decks is 4.
The cards were successfully added to deck 3.
The number of decks is 4.
Deck 0:
	1 DIAMOND
	13 SPADE
	14 HEART
	10 CLUB
	14 HEART
	11 SPADE
	8 DIAMOND
	11 SPADE
	2 HEART
	5 HEART
	7 SPADE
	1 DIAMOND
Deck 1:
	3 SPADE
	5 HEART
	3 HEART
	9 SPADE
	2 CLUB
	11 SPADE
	12 DIAMOND
	1 SPADE
Deck 2:
	7 DIAMOND
	12 DIAMOND
Deck 3:
	8 SPADE
	9 SPADE
	13 CLUB
	10 CLUB
	7 SPADE
	1 SPADE
	3 CLUB
	4 CLUB
	2 HEART
	14 SPADE
The length of deck 3 is 10.
The number of decks is 4.
Deck 1:
	3 SPADE
	5 HEART
	3 HEART
	9 SPADE
	2 CLUB
	11 SPADE
	12 DIAMOND
	1 SPADE
