The deck was successfully created with 2 cards.
The deck was successfully created with 2 cards.
The deck was successfully created with 8 cards.
Deck 1:
	11 HEART
	1 CLUB
The deck 1 was successfully shuffled.
The deck 1 was successfully deleted.
The deck was successfully created with 4 cards.
The card was successfully deleted from deck 2.
The deck 1 was successfully deleted.
The deck was successfully created with 5 cards.
Deck 0:
	2 DIAMOND
	13 HEART
Deck 1:
	14 CLUB
	3 DIAMOND
	8 CLUB
Deck 2:
	2 HEART
	4 DIAMOND
	12 DIAMOND
	1 CLUB
	9 SPADE
The deck was successfully created with 4 cards.
The length of deck 1 is 3.
Deck 2:
	2 HEART
	4 DIAMOND
	12 DIAMOND
	1 CLUB
	9 SPADE
The deck 1 was successfully deleted.
The deck 2 was successfully shuffled.
The length of deck 1 is 5.
Deck 0:
	2 DIAMOND
	13 HEART
Deck 1:
	2 HEART
	4 DIAMOND
	12 DIAMOND
	1 CLUB
	9 SPADE
Deck 2:
	6 HEART
	1 HEART
	8 DIAMOND
	3 SPADE
The deck 1 was successfully deleted.
The deck was successfully created with 7 cards.
The length of deck 0 is 2.
Deck 0:
	2 DIAMOND
	13 HEART
The number of decks is 3.
The card was successfully deleted from deck 1.
Deck 0:
	2 DIAMOND
	13 HEART
Deck 1:
	6 HEART
	8 DIAMOND
	3 SPADE
Deck 2:
	12 SPADE
	11 CLUB
	13 DIAMOND
	11 SPADE
	10 DIAMOND
	12 HEART
	11 CLUB
The deck 1 was successfully shuffled.
The deck was successfully created with 7 cards.
The deck 0 was successfully shuffled.
Deck 0:
	13 HEART
	2 DIAMOND
Deck 1:
	8 DIAMOND
	3 SPADE
	6 HEART
Deck 2:
	12 SPADE
	11 CLUB
	13 DIAMOND
	11 SPADE
	10 DIAMOND
	12 HEART
	11 CLUB
Deck 3:
	12 HEART
	12 HEART
	12 SPADE
	14 HEART
	12 HEART
	3 CLUB
	2 DIAMOND
The number of decks is 4.
The deck was successfully created with 3 cards.
Deck 4:
	11 SPADE
	6 SPADE
	2 CLUB
The length of deck 2 is 7.
Deck 1:
	8 DIAMOND
	3 SPADE
	6 HEART
The cards were successfully added to deck 1.
Deck 0:
	13 HEART
	2 DIAMOND
Deck 1:
	8 DIAMOND
	3 SPADE
	6 HEART
	10 CLUB
	8 SPADE
	8 HEART
Deck 2:
	12 SPADE
	11 CLUB
	13 DIAMOND
	11 SPADE
	10 DIAMOND
	12 HEART
	11 CLUB
Deck 3:
	12 HEART
	12 HEART
	12 SPADE
	14 HEART
	12 HEART
	3 CLUB
	2 DIAMOND
Deck 4:
	11 SPADE
	6 SPADE
	2 CLUB
The deck 0 was successfully shuffled.
Deck 3:
	12 HEART
	12 HEART
	12 SPADE
	14 HEART
	12 HEART
	3 CLUB
	2 DIAMOND
The deck 4 was successfully deleted.
Deck 0:
	2 DIAMOND
	13 HEART
Deck 1:
	8 DIAMOND
	3 SPADE
	6 HEART
	10 CLUB
	8 SPADE
	8 HEART
Deck 2:
	12 SPADE
	11 CLUB
	13 DIAMOND
	11 SPADE
	10 DIAMOND
	12 HEART
	11 CLUB
Deck 3:
	12 HEART
	12 HEART
	12 SPADE
	14 HEART
	12 HEART
	3 CLUB
	2 DIAMOND
The cards were successfully added to deck 0.
The number of decks is 4.
The deck 3 was successfully deleted.
Deck 1:
	8 DIAMOND
	3 SPADE
	6 HEART
	10 CLUB
	8 SPADE
	8 HEART
The length of deck 2 is 7.
The card was successfully deleted from deck 1.
The deck was successfully created with 4 cards.
The cards were successfully added to deck 2.
Deck 2:
	12 SPADE
	11 CLUB
	13 DIAMOND
	11 SPADE
	10 DIAMOND
	12 HEART
	11 CLUB
	4 HEART
	6 DIAMOND
	5 HEART
	14 DIAMOND
The deck 0 was successfully shuffled.
The deck 3 was successfully shuffled.
Deck 3:
	10 CLUB
	11 HEART
	3 CLUB
	4 HEART
The length of deck 3 is 4.
Deck 3:
	10 CLUB
	11 HEART
	3 CLUB
	4 HEART
The length of deck 2 is 11.
Deck 0:
	14 SPADE
	10 SPADE
	2 DIAMOND
	13 HEART
Deck 1:
	8 DIAMOND
	3 SPADE
	6 HEART
	10 CLUB
	8 SPADE
Deck 2:
	12 SPADE
	11 CLUB
	13 DIAMOND
	11 SPADE
	10 DIAMOND
	12 HEART
	11 CLUB
	4 HEART
	6 DIAMOND
	5 HEART
	14 DIAMOND
Deck 3:
	10 CLUB
	11 HEART
	3 CLUB
	4 HEART
The deck was successfully created with 2 cards.
Deck 0:
	14 SPADE
	10 SPADE
	2 DIAMOND
	13 HEART
Deck 1:
	8 DIAMOND
	3 SPADE
	6 HEART
	10 CLUB
	8 SPADE
Deck 2:
	12 SPADE
	11 CLUB
	13 DIAMOND
	11 SPADE
	10 DIAMOND
	12 HEART
	11 CLUB
	4 HEART
	6 DIAMOND
	5 HEART
	14 DIAMOND
Deck 3:
	10 CLUB
	11 HEART
	3 CLUB
	4 HEART
Deck 4:
	3 HEART
	11 SPADE
The cards were successfully added to deck 3.
Deck 0:
	14 SPADE
	10 SPADE
	2 DIAMOND
	13 HEART
Deck 1:
	8 DIAMOND
	3 SPADE
	6 HEART
	10 CLUB
	8 SPADE
Deck 2:
	12 SPADE
	11 CLUB
	13 DIAMOND
	11 SPADE
	10 DIAMOND
	12 HEART
	11 CLUB
	4 HEART
	6 DIAMOND
	5 HEART
	14 DIAMOND
Deck 3:
	10 CLUB
	11 HEART
	3 CLUB
	4 HEART
	12 HEART
	3 CLUB
Deck 4:
	3 HEART
	11 SPADE
The card was successfully deleted from deck 4.
The deck 4 was successfully shuffled.
Deck 3:
	10 CLUB
	11 HEART
	3 CLUB
	4 HEART
	12 HEART
	3 CLUB
The deck 3 was successfully deleted.
Deck 0:
	14 SPADE
	10 SPADE
	2 DIAMOND
	13 HEART
Deck 1:
	8 DIAMOND
	3 SPADE
	6 HEART
	10 CLUB
	8 SPADE
Deck 2:
	12 SPADE
	11 CLUB
	13 DIAMOND
	11 SPADE
	10 DIAMOND
	12 HEART
	11 CLUB
	4 HEART
	6 DIAMOND
	5 HEART
	14 DIAMOND
Deck 3:
	3 HEART
The deck was successfully created with 7 cards.
The card was successfully deleted from deck 3.
The card was successfully deleted from deck 2.
Deck 0:
	14 SPADE
	10 SPADE
	2 DIAMOND
	13 HEART
The deck 2 was successfully shuffled.
The number of decks is 4.
Deck 0:
	14 SPADE
	10 SPADE
	2 DIAMOND
	13 HEART
Deck 1:
	8 DIAMOND
	3 SPADE
	6 HEART
	10 CLUB
	8 SPADE
Deck 2:
	11 CLUB
	4 HEART
	6 DIAMOND
	5 HEART
	14 DIAMOND
	11 CLUB
	13 DIAMOND
	11 SPADE
	10 DIAMOND
	12 HEART
Deck 3:
	7 DIAMOND
	11 HEART
	8 HEART
	5 DIAMOND
	9 CLUB
	13 SPADE
	5 DIAMOND
